07-04 14:56:00.226   956   990 E BatteryExternalStatsWorker: no controller energy info supplied for wifi
07-04 14:56:00.234   956   990 E BatteryExternalStatsWorker: no controller energy info supplied for wifi
07-04 14:57:01.223   956   990 E BatteryExternalStatsWorker: no controller energy info supplied for wifi
07-04 14:57:01.244   956   990 E BatteryExternalStatsWorker: no controller energy info supplied for wifi
07-04 14:57:01.253   956   990 E BatteryExternalStatsWorker: no controller energy info supplied for bluetooth
07-04 14:57:01.395   956   990 E BatteryExternalStatsWorker: no controller energy info supplied for wifi
07-04 14:57:01.395   956   990 E BatteryExternalStatsWorker: no controller energy info supplied for bluetooth
07-04 14:57:01.695   956   987 W BroadcastQueue: Background execution not allowed: receiving Intent { act=android.intent.action.DROPBOX_ENTRY_ADDED flg=0x11 (has extras) } to com.google.android.gms/.stats.service.DropBoxEntryAddedReceiver
07-04 14:57:01.695   956   987 W BroadcastQueue: Background execution not allowed: receiving Intent { act=android.intent.action.DROPBOX_ENTRY_ADDED flg=0x11 (has extras) } to com.google.android.gms/.chimera.GmsIntentOperationService$PersistentTrustedReceiver
07-04 14:57:01.873   358 16192 W vold    : Failed to open /persist: Permission denied
07-04 14:57:01.983   956   987 W BroadcastQueue: Background execution not allowed: receiving Intent { act=android.intent.action.DROPBOX_ENTRY_ADDED flg=0x11 (has extras) } to com.google.android.gms/.stats.service.DropBoxEntryAddedReceiver
07-04 14:57:01.984   956   987 W BroadcastQueue: Background execution not allowed: receiving Intent { act=android.intent.action.DROPBOX_ENTRY_ADDED flg=0x11 (has extras) } to com.google.android.gms/.chimera.GmsIntentOperationService$PersistentTrustedReceiver
07-04 14:57:02.110   956   987 W BroadcastQueue: Background execution not allowed: receiving Intent { act=android.intent.action.DROPBOX_ENTRY_ADDED flg=0x11 (has extras) } to com.google.android.gms/.stats.service.DropBoxEntryAddedReceiver
07-04 14:57:02.112   956   987 W BroadcastQueue: Background execution not allowed: receiving Intent { act=android.intent.action.DROPBOX_ENTRY_ADDED flg=0x11 (has extras) } to com.google.android.gms/.chimera.GmsIntentOperationService$PersistentTrustedReceiver
07-04 14:57:02.115   956   987 W BroadcastQueue: Background execution not allowed: receiving Intent { act=android.intent.action.DROPBOX_ENTRY_ADDED flg=0x11 (has extras) } to com.google.android.gms/.stats.service.DropBoxEntryAddedReceiver
07-04 14:57:02.115   956   987 W BroadcastQueue: Background execution not allowed: receiving Intent { act=android.intent.action.DROPBOX_ENTRY_ADDED flg=0x11 (has extras) } to com.google.android.gms/.chimera.GmsIntentOperationService$PersistentTrustedReceiver
07-04 14:57:02.119   956   987 W BroadcastQueue: Background execution not allowed: receiving Intent { act=android.intent.action.DROPBOX_ENTRY_ADDED flg=0x11 (has extras) } to com.google.android.gms/.stats.service.DropBoxEntryAddedReceiver
07-04 14:57:02.119   956   987 W BroadcastQueue: Background execution not allowed: receiving Intent { act=android.intent.action.DROPBOX_ENTRY_ADDED flg=0x11 (has extras) } to com.google.android.gms/.chimera.GmsIntentOperationService$PersistentTrustedReceiver
07-04 14:57:02.120   956   987 W BroadcastQueue: Background execution not allowed: receiving Intent { act=android.intent.action.DROPBOX_ENTRY_ADDED flg=0x11 (has extras) } to com.google.android.gms/.stats.service.DropBoxEntryAddedReceiver
07-04 14:57:02.120   956   987 W BroadcastQueue: Background execution not allowed: receiving Intent { act=android.intent.action.DROPBOX_ENTRY_ADDED flg=0x11 (has extras) } to com.google.android.gms/.chimera.GmsIntentOperationService$PersistentTrustedReceiver
07-04 14:57:02.123   956   987 W BroadcastQueue: Background execution not allowed: receiving Intent { act=android.intent.action.DROPBOX_ENTRY_ADDED flg=0x11 (has extras) } to com.google.android.gms/.stats.service.DropBoxEntryAddedReceiver
07-04 14:57:02.124   956   987 W BroadcastQueue: Background execution not allowed: receiving Intent { act=android.intent.action.DROPBOX_ENTRY_ADDED flg=0x11 (has extras) } to com.google.android.gms/.chimera.GmsIntentOperationService$PersistentTrustedReceiver
07-04 14:57:02.458   956   990 E BatteryExternalStatsWorker: no controller energy info supplied for wifi
07-04 14:57:02.579   956   987 W BroadcastQueue: Background execution not allowed: receiving Intent { act=android.intent.action.DROPBOX_ENTRY_ADDED flg=0x11 (has extras) } to com.google.android.gms/.stats.service.DropBoxEntryAddedReceiver
07-04 14:57:02.579   956   987 W BroadcastQueue: Background execution not allowed: receiving Intent { act=android.intent.action.DROPBOX_ENTRY_ADDED flg=0x11 (has extras) } to com.google.android.gms/.chimera.GmsIntentOperationService$PersistentTrustedReceiver
07-04 14:59:59.172   956   990 E BatteryExternalStatsWorker: no controller energy info supplied for wifi
07-04 14:59:59.762   956   990 E BatteryExternalStatsWorker: no controller energy info supplied for wifi
07-04 15:01:04.299   956   990 E BatteryExternalStatsWorker: no controller energy info supplied for wifi
07-04 15:01:30.603   956   990 I chatty  : uid=1000(system) batterystats-wo identical 3 lines
07-04 15:01:45.223   956   990 E BatteryExternalStatsWorker: no controller energy info supplied for wifi
07-04 15:06:00.233   956   990 E BatteryExternalStatsWorker: no controller energy info supplied for wifi
07-04 15:07:10.409   956   990 E BatteryExternalStatsWorker: no controller energy info supplied for wifi
07-04 15:07:29.260   956   990 I chatty  : uid=1000(system) batterystats-wo identical 2 lines
07-04 15:07:31.429   956   990 E BatteryExternalStatsWorker: no controller energy info supplied for wifi
07-04 15:08:34.226   956   990 E BatteryExternalStatsWorker: no controller energy info supplied for wifi
07-04 15:09:35.708   956   990 E BatteryExternalStatsWorker: no controller energy info supplied for wifi
07-04 15:10:36.223   956   990 E BatteryExternalStatsWorker: no controller energy info supplied for wifi
07-04 15:11:51.905   956   990 I chatty  : uid=1000(system) batterystats-wo identical 4 lines
07-04 15:12:38.227   956   990 E BatteryExternalStatsWorker: no controller energy info supplied for wifi
07-04 15:12:38.227   956   990 E BatteryExternalStatsWorker: no controller energy info supplied for bluetooth
07-04 15:12:38.365   956   990 E BatteryExternalStatsWorker: no controller energy info supplied for wifi
07-04 15:12:38.366   956   990 E BatteryExternalStatsWorker: no controller energy info supplied for bluetooth
07-04 15:14:08.225   956   990 E BatteryExternalStatsWorker: no controller energy info supplied for wifi
07-04 15:14:41.232   956   990 E BatteryExternalStatsWorker: no controller energy info supplied for wifi
07-04 15:15:59.272   956   990 E BatteryExternalStatsWorker: no controller energy info supplied for wifi
07-04 15:16:44.228   956   990 E BatteryExternalStatsWorker: no controller energy info supplied for wifi
07-04 15:17:52.209   956  1040 W ActivityManager: Background start not allowed: service Intent { flg=0x4 cmp=org.telegram.messenger/.NotificationRepeat (has extras) } to org.telegram.messenger/.NotificationRepeat from pid=-1 uid=10135 pkg=org.telegram.messenger
07-04 15:17:55.970   956   990 E BatteryExternalStatsWorker: no controller energy info supplied for wifi
07-04 15:21:29.475   956   990 E BatteryExternalStatsWorker: no controller energy info supplied for wifi
07-04 15:26:00.229   956   990 E BatteryExternalStatsWorker: no controller energy info supplied for wifi
07-04 15:27:03.378   956   990 E BatteryExternalStatsWorker: no controller energy info supplied for wifi
07-04 15:27:03.762   956   987 W BroadcastQueue: Background execution not allowed: receiving Intent { act=android.intent.action.DROPBOX_ENTRY_ADDED flg=0x11 (has extras) } to com.google.android.gms/.stats.service.DropBoxEntryAddedReceiver
07-04 15:27:03.763   956   987 W BroadcastQueue: Background execution not allowed: receiving Intent { act=android.intent.action.DROPBOX_ENTRY_ADDED flg=0x11 (has extras) } to com.google.android.gms/.chimera.GmsIntentOperationService$PersistentTrustedReceiver
07-04 15:27:03.947   956   990 E BatteryExternalStatsWorker: no controller energy info supplied for wifi
07-04 15:27:21.221   956   990 E BatteryExternalStatsWorker: no controller energy info supplied for wifi
07-04 15:30:29.245   956   990 E BatteryExternalStatsWorker: no controller energy info supplied for wifi
07-04 15:30:29.246   956   990 E BatteryExternalStatsWorker: no controller energy info supplied for bluetooth
07-04 15:30:29.392   956   990 E BatteryExternalStatsWorker: no controller energy info supplied for wifi
07-04 15:30:29.393   956   990 E BatteryExternalStatsWorker: no controller energy info supplied for bluetooth
07-04 15:30:29.665   956   990 E BatteryExternalStatsWorker: no controller energy info supplied for wifi
07-04 15:31:30.334   956   990 I chatty  : uid=1000(system) batterystats-wo identical 3 lines
07-04 15:32:01.482   956   990 E BatteryExternalStatsWorker: no controller energy info supplied for wifi
07-04 15:32:06.512   956   987 W BroadcastQueue: Background execution not allowed: receiving Intent { act=android.net.wifi.STATE_CHANGE flg=0x4000011 (has extras) } to com.android.settings/.MiuiSettingsReceiver
07-04 15:32:06.524   956   987 W BroadcastQueue: Background execution not allowed: receiving Intent { act=android.net.wifi.STATE_CHANGE flg=0x4000011 (has extras) } to com.android.settings/.MiuiSettingsReceiver
07-04 15:32:06.525   956   987 W BroadcastQueue: Background execution not allowed: receiving Intent { act=android.net.wifi.CONFIGURED_NETWORKS_CHANGE flg=0x4000011 (has extras) } to com.android.settings/.MiuiSettingsReceiver
07-04 15:32:06.606   956   990 E BatteryExternalStatsWorker: no controller energy info supplied for wifi
07-04 15:32:06.637   956   990 E BatteryExternalStatsWorker: no controller energy info supplied for wifi
07-04 15:41:13.216   956   990 E BatteryExternalStatsWorker: no controller energy info supplied for wifi
07-04 15:41:13.217   956   990 E BatteryExternalStatsWorker: no controller energy info supplied for bluetooth
07-04 15:41:13.385   956   990 E BatteryExternalStatsWorker: no controller energy info supplied for wifi
07-04 15:41:13.386   956   990 E BatteryExternalStatsWorker: no controller energy info supplied for bluetooth
07-04 15:41:23.872   956   990 E BatteryExternalStatsWorker: no controller energy info supplied for wifi
07-04 15:41:23.873   956   990 E BatteryExternalStatsWorker: no controller energy info supplied for bluetooth
07-04 15:52:07.239   956   990 E BatteryExternalStatsWorker: no controller energy info supplied for wifi
07-04 15:52:07.239   956   990 E BatteryExternalStatsWorker: no controller energy info supplied for bluetooth
07-04 15:52:07.362   956   990 E BatteryExternalStatsWorker: no controller energy info supplied for wifi
07-04 15:52:07.364   956   990 E BatteryExternalStatsWorker: no controller energy info supplied for bluetooth
07-04 16:12:08.228   956   990 E BatteryExternalStatsWorker: no controller energy info supplied for wifi
07-04 16:12:08.229   956   990 E BatteryExternalStatsWorker: no controller energy info supplied for bluetooth
07-04 16:12:08.380   956   990 E BatteryExternalStatsWorker: no controller energy info supplied for wifi
07-04 16:12:08.380   956   990 E BatteryExternalStatsWorker: no controller energy info supplied for bluetooth
07-04 16:12:15.581   956   987 W BroadcastQueue: Background execution not allowed: receiving Intent { act=android.intent.action.DROPBOX_ENTRY_ADDED flg=0x11 (has extras) } to com.google.android.gms/.stats.service.DropBoxEntryAddedReceiver
07-04 16:12:15.581   956   987 W BroadcastQueue: Background execution not allowed: receiving Intent { act=android.intent.action.DROPBOX_ENTRY_ADDED flg=0x11 (has extras) } to com.google.android.gms/.chimera.GmsIntentOperationService$PersistentTrustedReceiver
07-04 16:12:15.657   956   987 W BroadcastQueue: Background execution not allowed: receiving Intent { act=android.intent.action.DROPBOX_ENTRY_ADDED flg=0x11 (has extras) } to com.google.android.gms/.stats.service.DropBoxEntryAddedReceiver
07-04 16:12:15.657   956   987 W BroadcastQueue: Background execution not allowed: receiving Intent { act=android.intent.action.DROPBOX_ENTRY_ADDED flg=0x11 (has extras) } to com.google.android.gms/.chimera.GmsIntentOperationService$PersistentTrustedReceiver
07-04 16:27:00.031   956  1046 W BaseMiuiPhoneWindowManager: keyCode:26 down:true eventTime:1898940 downTime:1898940 policyFlags:2000000 flags:8 deviceId:3 isScreenOn:false keyguardActive:true repeatCount:0
07-04 16:27:00.035   956  1046 E systemui_boost: render-thread tid = 0, do not boost
07-04 16:27:00.128  1125  1149 W KeyguardViewMediator: notifyScreenOn
07-04 16:27:00.169   956  1046 W BaseMiuiPhoneWindowManager: keyCode:26 down:false eventTime:1899168 downTime:1898940 policyFlags:22000000 flags:8 deviceId:3 isScreenOn:true keyguardActive:true repeatCount:0
07-04 16:27:00.230   956  1328 W ActivityManager: Scheduling restart of crashed service com.xiaomi.bluetooth/com.android.bluetooth.ble.app.MiuiBleAppService in 1000ms
07-04 16:27:00.248  1125  1125 W KeyguardViewMediator: handleNotifyScreenTurningOn
07-04 16:27:00.250  1125  1125 W KeyguardViewMediator: notifyDrawn
07-04 16:27:00.251   956   988 W WindowManager: Setting mKeyguardDrawComplete
07-04 16:27:00.251   956   988 W WindowManager: Setting mWindowManagerDrawComplete
07-04 16:27:00.393   956   998 W PowerManagerService: Screen on took 453 ms
07-04 16:27:01.365  1969  3412 E SchedPolicy: set_timerslack_ns write failed: Operation not permitted
07-04 16:27:01.379  1969  3412 I chatty  : uid=1000(system) Binder:1969_4 identical 60 lines
07-04 16:27:01.379  1969  3412 E SchedPolicy: set_timerslack_ns write failed: Operation not permitted
07-04 16:27:01.386  1969  3412 W MiuiPerfServiceClient: interceptAndQueuing:1125|com.android.systemui|427|299|unknown|null|StatusBar|1899561080342|Slow main thread|8
07-04 16:27:01.523  1125  1360 W miui_keyguard: unlock keyguard by none
07-04 16:27:01.694   956   987 W BroadcastQueue: Background execution not allowed: receiving Intent { act=android.intent.action.DROPBOX_ENTRY_ADDED flg=0x11 (has extras) } to com.google.android.gms/.stats.service.DropBoxEntryAddedReceiver
07-04 16:27:01.695   956   987 W BroadcastQueue: Background execution not allowed: receiving Intent { act=android.intent.action.DROPBOX_ENTRY_ADDED flg=0x11 (has extras) } to com.google.android.gms/.chimera.GmsIntentOperationService$PersistentTrustedReceiver
07-04 16:27:02.300  1275  1275 W Looper  : Slow Frame: doFrame is 721ms late
07-04 16:27:02.660  1275  1275 W Looper  : Slow Frame: doFrame is 356ms late
07-04 16:27:02.710   956   987 W BroadcastQueue: Background execution not allowed: receiving Intent { act=android.intent.action.USER_PRESENT flg=0x24200011 } to com.android.chrome/org.chromium.chrome.browser.sharing.click_to_call.ClickToCallMessageHandler$PhoneUnlockedReceiver
07-04 16:27:02.711   956   987 W BroadcastQueue: Background execution not allowed: receiving Intent { act=android.intent.action.USER_PRESENT flg=0x24200011 } to com.google.android.gms/.auth.setup.devicesignals.LockScreenReceiver
07-04 16:27:02.790   956   987 W BroadcastQueue: Background execution not allowed: receiving Intent { act=android.intent.action.USER_PRESENT flg=0x24200011 } to com.google.android.gms/.chimera.GmsIntentOperationService$PersistentTrustedReceiver
07-04 16:27:03.643  1125  1125 W Looper  : Slow Frame: doFrame is 685ms late
07-04 16:27:03.714  1969  3412 W MiuiPerfServiceClient: interceptAndQueuing:1125|com.android.systemui|1107|853|unknown|null|StatusBar|1902607189804|Slow handle traversal|3
07-04 16:27:03.978   956  1273 W WindowManager: Attempted to set focus to non-existing app token: Token{d24f673 ActivityRecord{bc62930 u0 org.telegram.messenger/org.telegram.ui.LaunchActivity t1285}}
07-04 16:27:04.169  1275  1275 W InputEventReceiver: Slow Input: took 251ms in dispatching, now at finishInputEvent (MotionEvent: event_seq=5, seq=48, action=ACTION_UP)
07-04 16:27:07.015  1969  3412 W MiuiPerfServiceClient: interceptAndQueuing:1125|com.android.systemui|503|131|unknown|null|StatusBar|1903763894496|Slow swap buffers|13
07-04 16:27:14.874 16852 16852 W InputEventReceiver: Slow Input: took 325ms in dispatching, now at finishInputEvent (MotionEvent: event_seq=245, seq=389, action=ACTION_UP)
07-04 16:27:14.877 16852 16852 W Looper  : Slow Frame: doFrame is 316ms late
07-04 16:27:15.144   956   990 E BatteryExternalStatsWorker: no controller energy info supplied for wifi
07-04 16:27:15.145   956   990 E BatteryExternalStatsWorker: no controller energy info supplied for bluetooth
07-04 16:27:15.174  1969  3412 W MiuiPerfServiceClient: interceptAndQueuing:1125|com.android.systemui|260|162|unknown|null|StatusBar|1906617766420|Slow main thread|3
07-04 16:27:16.450  1969  3412 W MiuiPerfServiceClient: interceptAndQueuing:16852|org.telegram.messenger|389|389|unknown|null|org.telegram.messenger/org.telegram.ui.LaunchActivity|1913950491035|Slow main thread|1
07-04 16:27:20.180   956   990 E BatteryExternalStatsWorker: no controller energy info supplied for wifi
07-04 16:27:20.180   956   990 E BatteryExternalStatsWorker: no controller energy info supplied for bluetooth
07-04 16:27:20.311   956   990 E BatteryExternalStatsWorker: no controller energy info supplied for wifi
07-04 16:27:20.311   956   990 E BatteryExternalStatsWorker: no controller energy info supplied for bluetooth
07-04 16:27:53.693  1969  3412 W MiuiPerfServiceClient: interceptAndQueuing:16852|org.telegram.messenger|228|82|unknown|null|org.telegram.messenger/org.telegram.ui.LaunchActivity|1952662074115|Slow handle traversal|9
07-04 16:27:57.567   956  1046 W BaseMiuiPhoneWindowManager: keyCode:26 down:true eventTime:1956557 downTime:1956557 policyFlags:22000000 flags:8 deviceId:3 isScreenOn:true keyguardActive:false repeatCount:0
07-04 16:27:57.568   956  1046 E systemui_boost: render-thread tid = 0, do not boost
07-04 16:27:57.801   956  1046 W BaseMiuiPhoneWindowManager: keyCode:26 down:false eventTime:1956801 downTime:1956557 policyFlags:22000000 flags:8 deviceId:3 isScreenOn:true keyguardActive:false repeatCount:0
07-04 16:27:57.830  1125  1125 W DreamService[DozeService]: Finish was called before the dream was attached.
07-04 16:27:57.856  1125  1125 W DreamService[DozeService]: attach() called after dream already finished
07-04 16:27:58.395   956  1046 W BaseMiuiPhoneWindowManager: keyCode:26 down:true eventTime:1957395 downTime:1957395 policyFlags:2000000 flags:8 deviceId:3 isScreenOn:false keyguardActive:false repeatCount:0
07-04 16:27:58.396   956  1046 E systemui_boost: render-thread tid = 0, do not boost
07-04 16:27:58.498  1125 16190 W KeyguardViewMediator: notifyScreenOn
07-04 16:27:58.620   956  1046 W BaseMiuiPhoneWindowManager: keyCode:26 down:false eventTime:1957620 downTime:1957395 policyFlags:22000000 flags:8 deviceId:3 isScreenOn:true keyguardActive:true repeatCount:0
07-04 16:27:58.818   956  1032 W Looper  : Slow Frame: doFrame is 494ms late
07-04 16:27:58.838   956   988 W Looper  : Dispatch took 397ms on android.ui, h=Handler (com.android.server.am.ActivityManagerService$UiHandler) {e225033} cb=null msg=53
07-04 16:27:58.991  1125  1125 W Looper  : Slow Frame: doFrame is 537ms late
07-04 16:27:59.325  1125  1125 W KeyguardViewMediator: handleNotifyScreenTurningOn
07-04 16:27:59.327  1125  1125 W KeyguardViewMediator: notifyDrawn
07-04 16:27:59.328   956   988 W WindowManager: Setting mKeyguardDrawComplete
07-04 16:27:59.328   956   988 W WindowManager: Setting mWindowManagerDrawComplete
07-04 16:27:59.339   956   998 W PowerManagerService: Screen on took 944 ms
07-04 16:27:59.457  1125  1125 W Looper  : Slow Frame: doFrame is 463ms late
07-04 16:28:00.280  1125  1360 W miui_keyguard: unlock keyguard by none
07-04 16:28:00.412   956   987 W BroadcastQueue: Background execution not allowed: receiving Intent { act=android.intent.action.USER_PRESENT flg=0x24200011 } to com.android.chrome/org.chromium.chrome.browser.sharing.click_to_call.ClickToCallMessageHandler$PhoneUnlockedReceiver
07-04 16:28:00.412   956   987 W BroadcastQueue: Background execution not allowed: receiving Intent { act=android.intent.action.USER_PRESENT flg=0x24200011 } to com.google.android.gms/.auth.setup.devicesignals.LockScreenReceiver
07-04 16:28:00.412   956   987 W BroadcastQueue: Background execution not allowed: receiving Intent { act=android.intent.action.USER_PRESENT flg=0x24200011 } to com.google.android.gms/.chimera.GmsIntentOperationService$PersistentTrustedReceiver
07-04 16:28:01.015  1125  1125 W Looper  : Slow Frame: doFrame is 408ms late
07-04 16:28:03.332   956   990 E BatteryExternalStatsWorker: no controller energy info supplied for wifi
07-04 16:28:03.333   956   990 E BatteryExternalStatsWorker: no controller energy info supplied for bluetooth
07-04 16:28:04.207   956  1274 W BaseMiuiPhoneWindowManager: keyCode:3 down:true eventTime:1963198 downTime:1963198 policyFlags:2b000002 flags:48 deviceId:-1 isScreenOn:true keyguardActive:false repeatCount:0
07-04 16:28:04.389   956  1274 W BaseMiuiPhoneWindowManager: keyCode:3 down:false eventTime:1963388 downTime:1963198 policyFlags:2b000002 flags:48 deviceId:-1 isScreenOn:true keyguardActive:false repeatCount:0
07-04 16:28:04.515   956   988 W Looper  : Dispatch took 102ms on android.ui, h=Handler (com.android.server.am.ActivityManagerService$UiHandler) {e225033} cb=null msg=31
07-04 16:28:04.576  1969  3412 W MiuiPerfServiceClient: interceptAndQueuing:1125|com.android.systemui|823|376|unknown|null|StatusBar|1960072390730|Slow handle traversal|6
07-04 16:28:07.206   956  1328 W WindowManager: Attempted to set focus to non-existing app token: Token{228cca2 ActivityRecord{104ad33 u0 com.android.camera/.Camera t1286}}
07-04 16:28:08.436   956   987 W ActivityManager: Activity pause timeout for ActivityRecord{104ad33 u0 com.android.camera/.Camera t1286}
07-04 16:28:09.283 16648 16648 W Looper  : Slow Frame: doFrame is 963ms late
07-04 16:28:09.565  1969  3412 W MiuiPerfServiceClient: interceptAndQueuing:1125|com.android.systemui|296|139|unknown|null|StatusBar|1966668858115|Slow handle animation|10
07-04 16:28:16.562 16648 16648 W Looper  : Slow Frame: doFrame is 936ms late
07-04 16:28:17.164 16648 16648 W Looper  : Slow Frame: doFrame is 485ms late
07-04 16:28:17.540  1969  3412 W MiuiPerfServiceClient: interceptAndQueuing:16648|com.android.camera|1590|1050|unknown|null|com.android.camera/com.android.camera.Camera|1976209731731|Slow main thread|4
07-04 16:28:38.548  1969  3412 W MiuiPerfServiceClient: interceptAndQueuing:16648|com.android.camera|500|101|unknown|null|com.android.camera/com.android.camera.Camera|1996944724502|Slow issue draw commands|22
07-04 16:28:52.009   956  2281 W ActivityManager: No permission grants found for com.google.android.apps.photos
07-04 16:28:52.010   956  2281 W ActivityManager: No permission grants found for com.google.android.apps.photos
07-04 16:28:52.594   956  1293 W ActivityManager: No permission grants found for com.google.android.apps.photos
07-04 16:28:52.595   956  1408 W ActivityManager: No permission grants found for com.google.android.apps.photos
07-04 16:28:52.623  1969  3412 W MiuiPerfServiceClient: interceptAndQueuing:16648|com.android.camera|1092|62|unknown|null|com.android.camera/com.android.camera.Camera|1998595997963|Slow swap buffers|59
07-04 16:28:53.567   956  1293 W ActivityManager: No permission grants found for com.google.android.apps.photos
07-04 16:28:54.905   956  1293 I chatty  : uid=1000(system) Binder:956_7 identical 4 lines
07-04 16:28:54.906   956  1293 W ActivityManager: No permission grants found for com.google.android.apps.photos
07-04 16:29:04.521   956   987 W ActivityManager: Stopping service due to app idle: u0a135 -1m57s903ms org.telegram.messenger/.NotificationsService
07-04 16:29:04.534   956   987 W BroadcastQueue: Background execution not allowed: receiving Intent { act=org.telegram.start flg=0x10 } to org.telegram.messenger/.AppStartReceiver
07-04 16:29:16.243  1969  3412 W MiuiPerfServiceClient: interceptAndQueuing:16648|com.android.camera|358|66|unknown|null|com.android.camera/com.android.camera.Camera|2034990890889|Slow issue draw commands|14
07-04 16:29:17.218  1969  3412 W MiuiPerfServiceClient: interceptAndQueuing:16648|com.android.camera|767|69|unknown|null|com.android.camera/com.android.camera.Camera|2036003381120|Slow swap buffers|34
07-04 16:29:18.003   956  1046 W BaseMiuiPhoneWindowManager: keyCode:25 down:true eventTime:2036995 downTime:2036995 policyFlags:22000000 flags:8 deviceId:3 isScreenOn:true keyguardActive:false repeatCount:0
07-04 16:29:18.114   956   988 W Looper  : Dispatch took 102ms on android.ui, h=Handler (com.android.server.policy.BaseMiuiPhoneWindowManager$H) {8f9b518} cb=com.android.server.policy.BaseMiuiPhoneWindowManager$16@f9b71 msg=0
07-04 16:29:18.319   956  1046 W BaseMiuiPhoneWindowManager: keyCode:25 down:false eventTime:2037319 downTime:2036995 policyFlags:22000000 flags:8 deviceId:3 isScreenOn:true keyguardActive:false repeatCount:0
07-04 16:29:18.619 16648 16648 W InputEventReceiver: Slow Input: took 464ms in dispatching, now at finishInputEvent (KeyEvent: event_seq=318, seq=1105, code=KEYCODE_VOLUME_DOWN, action=ACTION_DOWN)
07-04 16:29:18.619 16648 16648 W Looper  : Slow Frame: doFrame is 412ms late
07-04 16:29:18.624  1112  1112 W InputEventReceiver: Slow Input: 305ms so far, now at dispatchInputEvent (KeyEvent: event_seq=1, seq=2, code=KEYCODE_VOLUME_DOWN, action=ACTION_UP)
07-04 16:29:18.624   956   988 W InputEventReceiver: Slow Input: 306ms so far, now at dispatchInputEvent (KeyEvent: event_seq=595, seq=1108, code=KEYCODE_VOLUME_DOWN, action=ACTION_UP)
07-04 16:29:20.407  1969  3412 W MiuiPerfServiceClient: interceptAndQueuing:16648|com.android.camera|1033|437|unknown|null|com.android.camera/com.android.camera.Camera|2038061743197|Slow main thread|30
07-04 16:29:22.151  1969  3412 W MiuiPerfServiceClient: interceptAndQueuing:16648|com.android.camera|428|51|unknown|null|com.android.camera/com.android.camera.Camera|2040586098735|Slow issue draw commands|22
07-04 16:29:22.339   956  1046 W BaseMiuiPhoneWindowManager: keyCode:26 down:true eventTime:2041337 downTime:2041337 policyFlags:22000000 flags:8 deviceId:3 isScreenOn:true keyguardActive:false repeatCount:0
07-04 16:29:22.339   956  1046 E systemui_boost: render-thread tid = 0, do not boost
07-04 16:29:22.609   956  1046 W BaseMiuiPhoneWindowManager: keyCode:26 down:false eventTime:2041609 downTime:2041337 policyFlags:22000000 flags:8 deviceId:3 isScreenOn:true keyguardActive:false repeatCount:0
07-04 16:29:22.717  1125  1125 W DreamService[DozeService]: Finish was called before the dream was attached.
07-04 16:29:22.743  1125  1125 W DreamService[DozeService]: attach() called after dream already finished
07-04 16:29:23.749   956   987 W ActivityManager: Activity pause timeout for ActivityRecord{104ad33 u0 com.android.camera/.Camera t1286}
07-04 16:29:23.859  1125  1125 W Looper  : Slow Frame: doFrame is 306ms late
07-04 16:29:24.005 16648 16648 W Looper  : Slow Frame: doFrame is 659ms late
07-04 16:29:24.285  1125  1125 W Looper  : Slow Frame: doFrame is 422ms late
07-04 16:29:27.156  1125  1125 W Looper  : Slow Frame: doFrame is 354ms late
07-04 16:29:27.158 16852 16852 W Looper  : Slow Frame: doFrame is 356ms late
07-04 16:31:22.242   956  1046 W BaseMiuiPhoneWindowManager: keyCode:224 down:true eventTime:2047094 downTime:2047094 policyFlags:2000000 flags:8 deviceId:1 isScreenOn:false keyguardActive:true repeatCount:0
07-04 16:31:22.336   956  1046 W BaseMiuiPhoneWindowManager: keyCode:224 down:false eventTime:2047094 downTime:2047094 policyFlags:22000000 flags:8 deviceId:1 isScreenOn:true keyguardActive:true repeatCount:0
07-04 16:31:22.370  1125  1149 W KeyguardViewMediator: notifyScreenOn
07-04 16:31:22.404   956  1046 W BaseMiuiPhoneWindowManager: keyCode:224 down:true eventTime:2047267 downTime:2047267 policyFlags:22000000 flags:8 deviceId:1 isScreenOn:true keyguardActive:true repeatCount:0
07-04 16:31:22.405   956  1046 W BaseMiuiPhoneWindowManager: keyCode:224 down:false eventTime:2047267 downTime:2047267 policyFlags:22000000 flags:8 deviceId:1 isScreenOn:true keyguardActive:true repeatCount:0
07-04 16:31:22.410  1125  1125 W KeyguardViewMediator: handleNotifyScreenTurningOn
07-04 16:31:22.412  1125  1125 W KeyguardViewMediator: notifyDrawn
07-04 16:31:22.414   956   988 W WindowManager: Setting mKeyguardDrawComplete
07-04 16:31:22.415   956   988 W WindowManager: Setting mWindowManagerDrawComplete
07-04 16:31:22.609   956   998 W PowerManagerService: Screen on took 377 ms
07-04 16:31:23.073  1969  2438 W MiuiPerfServiceClient: interceptAndQueuing:1125|com.android.systemui|541|180|unknown|null|StatusBar|2047775488274|Slow issue draw commands|18
07-04 16:31:26.803   956  1293 W ActivityManager: No permission grants found for com.google.android.apps.photos
07-04 16:31:26.803   956  1293 W ActivityManager: No permission grants found for com.google.android.apps.photos
07-04 16:31:26.957   956  5570 W ActivityManager: No permission grants found for com.google.android.apps.photos
07-04 16:31:26.958   956  5570 W ActivityManager: No permission grants found for com.google.android.apps.photos
07-04 16:31:27.345   956  1293 W ActivityManager: No permission grants found for com.google.android.apps.photos
07-04 16:31:27.346   956  1293 W ActivityManager: No permission grants found for com.google.android.apps.photos
07-04 16:31:33.144  1125  1125 W DreamService[DozeService]: Finish was called before the dream was attached.
07-04 16:31:33.151  1125  1125 W DreamService[DozeService]: attach() called after dream already finished
07-04 16:32:46.311   956  1046 W BaseMiuiPhoneWindowManager: keyCode:224 down:true eventTime:2066084 downTime:2066084 policyFlags:2000000 flags:8 deviceId:1 isScreenOn:false keyguardActive:true repeatCount:0
07-04 16:32:46.315   956  1046 W BaseMiuiPhoneWindowManager: keyCode:224 down:false eventTime:2066084 downTime:2066084 policyFlags:22000000 flags:8 deviceId:1 isScreenOn:true keyguardActive:true repeatCount:0
07-04 16:32:46.333  1125  1159 W KeyguardViewMediator: notifyScreenOn
07-04 16:32:46.375  1125  1125 W KeyguardViewMediator: handleNotifyScreenTurningOn
07-04 16:32:46.377  1125  1125 W KeyguardViewMediator: notifyDrawn
07-04 16:32:46.378   956   988 W WindowManager: Setting mKeyguardDrawComplete
07-04 16:32:46.382   956   988 W WindowManager: Setting mWindowManagerDrawComplete
07-04 16:32:46.586   956   998 W PowerManagerService: Screen on took 285 ms
07-04 16:32:56.325  1125  1125 W DreamService[DozeService]: Finish was called before the dream was attached.
07-04 16:32:56.329  1125  1125 W DreamService[DozeService]: attach() called after dream already finished
07-04 16:32:56.335  1969  2438 W MiuiPerfServiceClient: interceptAndQueuing:1125|com.android.systemui|367|132|unknown|null|StatusBar|2066509641814|Slow issue draw commands|8
07-04 16:41:15.304   956   990 E BatteryExternalStatsWorker: no controller energy info supplied for wifi
07-04 16:41:15.304   956   990 E BatteryExternalStatsWorker: no controller energy info supplied for bluetooth
07-04 16:41:15.464   956   990 E BatteryExternalStatsWorker: no controller energy info supplied for wifi
07-04 16:41:15.464   956   990 E BatteryExternalStatsWorker: no controller energy info supplied for bluetooth
07-04 16:52:08.224   956   990 E BatteryExternalStatsWorker: no controller energy info supplied for wifi
07-04 16:52:08.225   956   990 E BatteryExternalStatsWorker: no controller energy info supplied for bluetooth
07-04 16:52:08.372   956   990 E BatteryExternalStatsWorker: no controller energy info supplied for wifi
07-04 16:52:08.372   956   990 E BatteryExternalStatsWorker: no controller energy info supplied for bluetooth
07-04 16:52:08.722   956   987 W BroadcastQueue: Background execution not allowed: receiving Intent { act=android.intent.action.DROPBOX_ENTRY_ADDED flg=0x11 (has extras) } to com.google.android.gms/.stats.service.DropBoxEntryAddedReceiver
07-04 16:52:08.723   956   987 W BroadcastQueue: Background execution not allowed: receiving Intent { act=android.intent.action.DROPBOX_ENTRY_ADDED flg=0x11 (has extras) } to com.google.android.gms/.chimera.GmsIntentOperationService$PersistentTrustedReceiver
07-04 16:52:09.002   956   990 E BatteryExternalStatsWorker: no controller energy info supplied for wifi
07-04 16:52:09.002   956   990 E BatteryExternalStatsWorker: no controller energy info supplied for bluetooth
07-04 17:01:06.131   956   990 E BatteryExternalStatsWorker: no controller energy info supplied for wifi
07-04 17:01:06.131   956   990 E BatteryExternalStatsWorker: no controller energy info supplied for bluetooth
07-04 17:07:09.229   956   990 E BatteryExternalStatsWorker: no controller energy info supplied for wifi
07-04 17:07:09.230   956   990 E BatteryExternalStatsWorker: no controller energy info supplied for bluetooth
07-04 17:07:09.349   956   990 E BatteryExternalStatsWorker: no controller energy info supplied for wifi
07-04 17:07:09.349   956   990 E BatteryExternalStatsWorker: no controller energy info supplied for bluetooth
07-04 17:15:42.419   956   990 E BatteryExternalStatsWorker: no controller energy info supplied for wifi
07-04 17:15:42.420   956   990 E BatteryExternalStatsWorker: no controller energy info supplied for bluetooth
07-04 17:27:08.216   956  1040 W ActivityManager: Background start not allowed: service Intent { flg=0x4 cmp=org.telegram.messenger/.NotificationRepeat (has extras) } to org.telegram.messenger/.NotificationRepeat from pid=-1 uid=10135 pkg=org.telegram.messenger
07-04 17:27:08.241   956   990 E BatteryExternalStatsWorker: no controller energy info supplied for wifi
07-04 17:27:08.243   956   990 E BatteryExternalStatsWorker: no controller energy info supplied for bluetooth
07-04 17:27:08.366   956   990 E BatteryExternalStatsWorker: no controller energy info supplied for wifi
07-04 17:27:08.367   956   990 E BatteryExternalStatsWorker: no controller energy info supplied for bluetooth
07-04 17:27:08.570   358 18087 W vold    : Failed to open /persist: Permission denied
07-04 17:27:08.593   956   987 W BroadcastQueue: Background execution not allowed: receiving Intent { act=android.intent.action.DROPBOX_ENTRY_ADDED flg=0x11 (has extras) } to com.google.android.gms/.stats.service.DropBoxEntryAddedReceiver
07-04 17:27:08.594   956   987 W BroadcastQueue: Background execution not allowed: receiving Intent { act=android.intent.action.DROPBOX_ENTRY_ADDED flg=0x11 (has extras) } to com.google.android.gms/.chimera.GmsIntentOperationService$PersistentTrustedReceiver
07-04 17:27:08.606   956   987 W BroadcastQueue: Background execution not allowed: receiving Intent { act=android.intent.action.DROPBOX_ENTRY_ADDED flg=0x11 (has extras) } to com.google.android.gms/.stats.service.DropBoxEntryAddedReceiver
07-04 17:27:08.607   956   987 W BroadcastQueue: Background execution not allowed: receiving Intent { act=android.intent.action.DROPBOX_ENTRY_ADDED flg=0x11 (has extras) } to com.google.android.gms/.chimera.GmsIntentOperationService$PersistentTrustedReceiver
07-04 17:27:08.607   956   987 W BroadcastQueue: Background execution not allowed: receiving Intent { act=android.intent.action.DROPBOX_ENTRY_ADDED flg=0x11 (has extras) } to com.google.android.gms/.stats.service.DropBoxEntryAddedReceiver
07-04 17:27:08.609   956   987 W BroadcastQueue: Background execution not allowed: receiving Intent { act=android.intent.action.DROPBOX_ENTRY_ADDED flg=0x11 (has extras) } to com.google.android.gms/.chimera.GmsIntentOperationService$PersistentTrustedReceiver
07-04 17:27:08.612   956   987 W BroadcastQueue: Background execution not allowed: receiving Intent { act=android.intent.action.DROPBOX_ENTRY_ADDED flg=0x11 (has extras) } to com.google.android.gms/.stats.service.DropBoxEntryAddedReceiver
07-04 17:27:08.612   956   987 W BroadcastQueue: Background execution not allowed: receiving Intent { act=android.intent.action.DROPBOX_ENTRY_ADDED flg=0x11 (has extras) } to com.google.android.gms/.chimera.GmsIntentOperationService$PersistentTrustedReceiver
07-04 17:27:08.614   956   987 W BroadcastQueue: Background execution not allowed: receiving Intent { act=android.intent.action.DROPBOX_ENTRY_ADDED flg=0x11 (has extras) } to com.google.android.gms/.stats.service.DropBoxEntryAddedReceiver
07-04 17:27:08.615   956   987 W BroadcastQueue: Background execution not allowed: receiving Intent { act=android.intent.action.DROPBOX_ENTRY_ADDED flg=0x11 (has extras) } to com.google.android.gms/.chimera.GmsIntentOperationService$PersistentTrustedReceiver
07-04 17:27:08.617   956   987 W BroadcastQueue: Background execution not allowed: receiving Intent { act=android.intent.action.DROPBOX_ENTRY_ADDED flg=0x11 (has extras) } to com.google.android.gms/.stats.service.DropBoxEntryAddedReceiver
07-04 17:27:08.618   956   987 W BroadcastQueue: Background execution not allowed: receiving Intent { act=android.intent.action.DROPBOX_ENTRY_ADDED flg=0x11 (has extras) } to com.google.android.gms/.chimera.GmsIntentOperationService$PersistentTrustedReceiver
07-04 17:27:08.913   956   987 W BroadcastQueue: Background execution not allowed: receiving Intent { act=android.intent.action.DROPBOX_ENTRY_ADDED flg=0x11 (has extras) } to com.google.android.gms/.stats.service.DropBoxEntryAddedReceiver
07-04 17:27:08.914   956   987 W BroadcastQueue: Background execution not allowed: receiving Intent { act=android.intent.action.DROPBOX_ENTRY_ADDED flg=0x11 (has extras) } to com.google.android.gms/.chimera.GmsIntentOperationService$PersistentTrustedReceiver
07-04 17:27:09.012   956   987 W BroadcastQueue: Background execution not allowed: receiving Intent { act=android.intent.action.DROPBOX_ENTRY_ADDED flg=0x11 (has extras) } to com.google.android.gms/.stats.service.DropBoxEntryAddedReceiver
07-04 17:27:09.015   956   987 W BroadcastQueue: Background execution not allowed: receiving Intent { act=android.intent.action.DROPBOX_ENTRY_ADDED flg=0x11 (has extras) } to com.google.android.gms/.chimera.GmsIntentOperationService$PersistentTrustedReceiver
07-04 17:40:42.844   956  1046 W BaseMiuiPhoneWindowManager: keyCode:224 down:true eventTime:2168884 downTime:2168884 policyFlags:2000000 flags:8 deviceId:1 isScreenOn:false keyguardActive:true repeatCount:0
07-04 17:40:42.846   956  1046 W BaseMiuiPhoneWindowManager: keyCode:224 down:false eventTime:2168884 downTime:2168884 policyFlags:22000000 flags:8 deviceId:1 isScreenOn:true keyguardActive:true repeatCount:0
07-04 17:40:42.863  1125 14786 W KeyguardViewMediator: notifyScreenOn
07-04 17:40:42.900  1125  1125 W KeyguardViewMediator: handleNotifyScreenTurningOn
07-04 17:40:42.903  1125  1125 W KeyguardViewMediator: notifyDrawn
07-04 17:40:42.903   956   988 W WindowManager: Setting mKeyguardDrawComplete
07-04 17:40:42.906   956   988 W WindowManager: Setting mWindowManagerDrawComplete
07-04 17:40:43.155   956   998 W PowerManagerService: Screen on took 322 ms
07-04 17:40:52.863  1125  1125 W DreamService[DozeService]: Finish was called before the dream was attached.
07-04 17:40:52.866  1125  1125 W DreamService[DozeService]: attach() called after dream already finished
07-04 17:40:52.874  1969  3412 W MiuiPerfServiceClient: interceptAndQueuing:1125|com.android.systemui|221|163|unknown|null|StatusBar|2169256282281|Slow issue draw commands|5
07-04 17:41:17.224   956   990 E BatteryExternalStatsWorker: no controller energy info supplied for wifi
07-04 17:41:17.225   956   990 E BatteryExternalStatsWorker: no controller energy info supplied for bluetooth
07-04 17:41:17.360   956   990 E BatteryExternalStatsWorker: no controller energy info supplied for wifi
07-04 17:41:17.360   956   990 E BatteryExternalStatsWorker: no controller energy info supplied for bluetooth
07-04 17:43:55.225   956   990 E BatteryExternalStatsWorker: no controller energy info supplied for wifi
07-04 17:43:55.226   956   990 E BatteryExternalStatsWorker: no controller energy info supplied for bluetooth
07-04 17:43:55.355   956   990 E BatteryExternalStatsWorker: no controller energy info supplied for wifi
07-04 17:43:55.355   956   990 E BatteryExternalStatsWorker: no controller energy info supplied for bluetooth
07-04 17:58:57.225   956   990 E BatteryExternalStatsWorker: no controller energy info supplied for wifi
07-04 17:58:57.226   956   990 E BatteryExternalStatsWorker: no controller energy info supplied for bluetooth
07-04 17:58:57.379   956   990 E BatteryExternalStatsWorker: no controller energy info supplied for wifi
07-04 17:58:57.381   956   990 E BatteryExternalStatsWorker: no controller energy info supplied for bluetooth
07-04 17:58:57.546   956   987 W BroadcastQueue: Background execution not allowed: receiving Intent { act=android.intent.action.DROPBOX_ENTRY_ADDED flg=0x11 (has extras) } to com.google.android.gms/.stats.service.DropBoxEntryAddedReceiver
07-04 17:58:57.547   956   987 W BroadcastQueue: Background execution not allowed: receiving Intent { act=android.intent.action.DROPBOX_ENTRY_ADDED flg=0x11 (has extras) } to com.google.android.gms/.chimera.GmsIntentOperationService$PersistentTrustedReceiver
07-04 18:04:10.210   956  4856 W ProcessManager: no process found for adj:906
07-04 18:10:55.487   523   523 W wificond: Scan is not started. Ignore abort request
07-04 18:10:55.570   956   987 W BroadcastQueue: Background execution not allowed: receiving Intent { act=android.net.wifi.STATE_CHANGE flg=0x4000011 (has extras) } to com.android.settings/.MiuiSettingsReceiver
07-04 18:10:55.900   956   987 I chatty  : uid=1000(system) ActivityManager identical 6 lines
07-04 18:10:55.919   956   987 W BroadcastQueue: Background execution not allowed: receiving Intent { act=android.net.wifi.STATE_CHANGE flg=0x4000011 (has extras) } to com.android.settings/.MiuiSettingsReceiver
07-04 18:10:55.925   956   987 W BroadcastQueue: Background execution not allowed: receiving Intent { act=android.net.wifi.CONFIGURED_NETWORKS_CHANGE flg=0x4000011 (has extras) } to com.android.settings/.MiuiSettingsReceiver
07-04 18:10:55.945   956   987 W BroadcastQueue: Background execution not allowed: receiving Intent { act=android.net.wifi.STATE_CHANGE flg=0x4000011 (has extras) } to com.android.settings/.MiuiSettingsReceiver
07-04 18:10:55.948   956   987 W BroadcastQueue: Background execution not allowed: receiving Intent { act=android.net.wifi.CONFIGURED_NETWORKS_CHANGE flg=0x4000011 (has extras) } to com.android.settings/.MiuiSettingsReceiver
07-04 18:10:55.961   956   990 E BatteryExternalStatsWorker: no controller energy info supplied for wifi
07-04 18:10:56.186   956   990 E BatteryExternalStatsWorker: no controller energy info supplied for wifi
07-04 18:10:56.278   956   987 W BroadcastQueue: Background execution not allowed: receiving Intent { act=android.net.conn.NETWORK_CONDITIONS_MEASURED flg=0x11 (has extras) } to com.google.android.gms/.chimera.GmsIntentOperationService$PersistentTrustedReceiver
07-04 18:10:56.407   956   988 W Looper  : Dispatch took 173ms on android.ui, h=Handler (com.android.server.am.ActivityManagerService$UiHandler) {e225033} cb=null msg=53
07-04 18:10:56.581   956   988 W Looper  : Dispatch took 117ms on android.ui, h=Handler (com.android.server.am.ActivityManagerService$UiHandler) {e225033} cb=null msg=53
07-04 18:10:58.371  1125  1125 W Looper  : Slow Frame: doFrame is 302ms late
07-04 18:11:01.277   520   639 W FrameworkListener: Handler 'getaddrinfo' error (Success)
07-04 18:11:01.279   520   639 W FrameworkListener: Handler 'getaddrinfo' error (Success)
07-04 18:11:05.305  1125 12581 W KeyguardViewMediator: notifyScreenOn
07-04 18:11:05.443  1125  1125 W KeyguardViewMediator: handleNotifyScreenTurningOn
07-04 18:11:05.454  1125  1125 W KeyguardViewMediator: notifyDrawn
07-04 18:11:05.457   956   988 W WindowManager: Setting mKeyguardDrawComplete
07-04 18:11:05.461   956   988 W WindowManager: Setting mWindowManagerDrawComplete
07-04 18:11:05.632   956   988 W Looper  : Dispatch took 171ms on android.ui, h=Handler (com.android.server.policy.PhoneWindowManager$PolicyHandler) {2963c58} cb=null msg=7
07-04 18:11:05.664   956   998 W PowerManagerService: Screen on took 374 ms
07-04 18:11:05.817  1125  1125 W Looper  : Slow Frame: doFrame is 345ms late
07-04 18:11:15.381  1125  1125 W DreamService[DozeService]: Finish was called before the dream was attached.
07-04 18:11:15.405  1125  1125 W DreamService[DozeService]: attach() called after dream already finished
07-04 18:11:15.958   956   987 W BroadcastQueue: Background execution not allowed: receiving Intent { act=android.net.conn.NETWORK_CONDITIONS_MEASURED flg=0x11 (has extras) } to com.google.android.gms/.chimera.GmsIntentOperationService$PersistentTrustedReceiver
07-04 18:11:29.951   956  2280 W ActivityManager: Unable to start service Intent { cmp=com.google.android.gm/com.android.email.service.AttachmentService } U=0: not found
07-04 18:12:56.483   956   990 E BatteryExternalStatsWorker: no controller energy info supplied for wifi
07-04 18:12:56.513   956   990 E BatteryExternalStatsWorker: no controller energy info supplied for wifi
07-04 18:13:58.845   956   990 E BatteryExternalStatsWorker: no controller energy info supplied for wifi
07-04 18:14:36.228   956   990 I chatty  : uid=1000(system) batterystats-wo identical 2 lines
07-04 18:14:57.401   956   990 E BatteryExternalStatsWorker: no controller energy info supplied for wifi
07-04 18:16:01.225   956   990 E BatteryExternalStatsWorker: no controller energy info supplied for wifi
07-04 18:16:01.296   956   990 I chatty  : uid=1000(system) batterystats-wo identical 1 line
07-04 18:16:26.225   956   990 E BatteryExternalStatsWorker: no controller energy info supplied for wifi
07-04 18:16:26.225   956   990 E BatteryExternalStatsWorker: no controller energy info supplied for bluetooth
07-04 18:16:26.398   956   990 E BatteryExternalStatsWorker: no controller energy info supplied for wifi
07-04 18:16:26.435   956   990 I chatty  : uid=1000(system) batterystats-wo identical 1 line
07-04 18:16:26.463   956   990 E BatteryExternalStatsWorker: no controller energy info supplied for wifi
07-04 18:16:26.466   956   990 E BatteryExternalStatsWorker: no controller energy info supplied for bluetooth
07-04 18:16:58.223   956   990 E BatteryExternalStatsWorker: no controller energy info supplied for wifi
07-04 18:21:31.657   956   990 E BatteryExternalStatsWorker: no controller energy info supplied for wifi
07-04 18:21:31.705   956   990 I chatty  : uid=1000(system) batterystats-wo identical 1 line
07-04 18:22:01.645   956   990 E BatteryExternalStatsWorker: no controller energy info supplied for wifi
07-04 18:22:11.403 16852 16852 W Looper  : Slow Frame: doFrame is 371ms late
07-04 18:26:01.227   956   990 E BatteryExternalStatsWorker: no controller energy info supplied for wifi
07-04 18:26:01.236   956   990 E BatteryExternalStatsWorker: no controller energy info supplied for wifi
07-04 18:28:05.738   956   990 E BatteryExternalStatsWorker: no controller energy info supplied for wifi
07-04 18:31:31.627   956   990 E BatteryExternalStatsWorker: no controller energy info supplied for wifi
07-04 18:31:59.339   956   990 I chatty  : uid=1000(system) batterystats-wo identical 2 lines
07-04 18:32:07.234   956   990 E BatteryExternalStatsWorker: no controller energy info supplied for wifi
07-04 18:32:07.234   956   990 E BatteryExternalStatsWorker: no controller energy info supplied for bluetooth
07-04 18:32:07.395   956   990 E BatteryExternalStatsWorker: no controller energy info supplied for wifi
07-04 18:32:07.399   956   990 E BatteryExternalStatsWorker: no controller energy info supplied for bluetooth
07-04 18:32:07.683   956   987 W BroadcastQueue: Background execution not allowed: receiving Intent { act=android.intent.action.DROPBOX_ENTRY_ADDED flg=0x11 (has extras) } to com.google.android.gms/.stats.service.DropBoxEntryAddedReceiver
07-04 18:32:07.685   956   987 W BroadcastQueue: Background execution not allowed: receiving Intent { act=android.intent.action.DROPBOX_ENTRY_ADDED flg=0x11 (has extras) } to com.google.android.gms/.chimera.GmsIntentOperationService$PersistentTrustedReceiver
07-04 18:32:07.762   956   987 W BroadcastQueue: Background execution not allowed: receiving Intent { act=android.intent.action.DROPBOX_ENTRY_ADDED flg=0x11 (has extras) } to com.google.android.gms/.stats.service.DropBoxEntryAddedReceiver
07-04 18:32:07.762   956   987 W BroadcastQueue: Background execution not allowed: receiving Intent { act=android.intent.action.DROPBOX_ENTRY_ADDED flg=0x11 (has extras) } to com.google.android.gms/.chimera.GmsIntentOperationService$PersistentTrustedReceiver
07-04 18:36:01.226   956   990 E BatteryExternalStatsWorker: no controller energy info supplied for wifi
07-04 18:36:01.234   956   990 E BatteryExternalStatsWorker: no controller energy info supplied for wifi
07-04 18:38:14.264   956   990 E BatteryExternalStatsWorker: no controller energy info supplied for wifi
07-04 18:38:48.465 16852 16852 W Looper  : Slow Frame: doFrame is 372ms late
07-04 18:38:48.675   956   990 E BatteryExternalStatsWorker: no controller energy info supplied for wifi
07-04 18:41:19.221   956   990 E BatteryExternalStatsWorker: no controller energy info supplied for wifi
07-04 18:41:19.221   956   990 E BatteryExternalStatsWorker: no controller energy info supplied for bluetooth
07-04 18:41:19.281   956   990 E BatteryExternalStatsWorker: no controller energy info supplied for wifi
07-04 18:41:19.451   956   990 E BatteryExternalStatsWorker: no controller energy info supplied for wifi
