07-04 12:55:04.877   956  1408 W ActivityManager: No permission grants found for com.google.android.apps.photos
07-04 12:55:05.014   956  1261 W ActivityManager: No permission grants found for com.google.android.apps.photos
07-04 12:55:05.015   956  1261 W ActivityManager: No permission grants found for com.google.android.apps.photos
07-04 12:57:40.967   956   990 E BatteryExternalStatsWorker: no controller energy info supplied for wifi
07-04 12:58:05.757   956   990 I chatty  : uid=1000(system) batterystats-wo identical 2 lines
07-04 12:58:05.838   956   990 E BatteryExternalStatsWorker: no controller energy info supplied for wifi
07-04 12:58:17.701   956  6349 W ActivityManager: Unable to start service Intent { act=com.google.android.gms.auth.key.retrieval.service.START pkg=com.google.android.gms } U=0: not found
07-04 12:58:17.716   956  6349 W ActivityManager: Unbind failed: could not find connection for android.os.BinderProxy@72280d4
07-04 12:59:37.224   956   990 E BatteryExternalStatsWorker: no controller energy info supplied for wifi
07-04 13:01:07.313   956   990 E BatteryExternalStatsWorker: no controller energy info supplied for wifi
07-04 13:01:07.321   956   990 I chatty  : uid=1000(system) batterystats-wo identical 1 line
07-04 13:01:07.344   956   990 E BatteryExternalStatsWorker: no controller energy info supplied for wifi
07-04 13:01:30.645   956   990 W KernelWakelockReader: Reading wakelock stats took 396ms
07-04 13:01:30.651   956   988 W Looper  : Dispatch took 409ms on android.ui, h=Handler (com.android.server.am.ActivityManagerService$UiHandler) {e225033} cb=null msg=53
07-04 13:02:15.525   956   990 E BatteryExternalStatsWorker: no controller energy info supplied for wifi
07-04 13:02:46.111   956   990 I chatty  : uid=1000(system) batterystats-wo identical 3 lines
07-04 13:03:19.229   956   990 E BatteryExternalStatsWorker: no controller energy info supplied for wifi
07-04 13:03:19.230   956   990 E BatteryExternalStatsWorker: no controller energy info supplied for bluetooth
07-04 13:03:19.517   956   990 E BatteryExternalStatsWorker: no controller energy info supplied for wifi
07-04 13:03:19.517   956   990 E BatteryExternalStatsWorker: no controller energy info supplied for bluetooth
07-04 13:03:39.687   956   990 E BatteryExternalStatsWorker: no controller energy info supplied for wifi
07-04 13:04:21.969   956   990 E BatteryExternalStatsWorker: no controller energy info supplied for wifi
07-04 13:06:00.267   956   990 E BatteryExternalStatsWorker: no controller energy info supplied for wifi
07-04 13:06:00.469   956   990 E BatteryExternalStatsWorker: no controller energy info supplied for wifi
07-04 13:07:10.737   956   990 E BatteryExternalStatsWorker: no controller energy info supplied for wifi
07-04 13:07:59.728   956   990 I chatty  : uid=1000(system) batterystats-wo identical 4 lines
07-04 13:07:59.757   956   990 E BatteryExternalStatsWorker: no controller energy info supplied for wifi
07-04 13:09:04.095   956   990 E BatteryExternalStatsWorker: no controller energy info supplied for wifi
07-04 13:10:39.339   956  2089 W ProcessManager: no process found for adj:906
07-04 13:10:39.784   956   990 E BatteryExternalStatsWorker: no controller energy info supplied for wifi
07-04 13:11:30.632   956   990 I chatty  : uid=1000(system) batterystats-wo identical 1 line
07-04 13:11:30.826   956   990 E BatteryExternalStatsWorker: no controller energy info supplied for wifi
07-04 13:12:34.224   956   990 E BatteryExternalStatsWorker: no controller energy info supplied for wifi
07-04 13:12:34.418   956   990 E BatteryExternalStatsWorker: no controller energy info supplied for wifi
07-04 13:14:31.314   956   990 E BatteryExternalStatsWorker: no controller energy info supplied for wifi
07-04 13:14:31.453   956   990 E BatteryExternalStatsWorker: no controller energy info supplied for wifi
07-04 13:14:31.453   956   990 E BatteryExternalStatsWorker: no controller energy info supplied for bluetooth
07-04 13:14:31.699   956   990 E BatteryExternalStatsWorker: no controller energy info supplied for wifi
07-04 13:15:18.148   956   990 I chatty  : uid=1000(system) batterystats-wo identical 2 lines
07-04 13:15:28.304   956   990 E BatteryExternalStatsWorker: no controller energy info supplied for wifi
07-04 13:15:28.305   956   990 E BatteryExternalStatsWorker: no controller energy info supplied for bluetooth
07-04 13:15:59.223   956   990 E BatteryExternalStatsWorker: no controller energy info supplied for wifi
07-04 13:15:59.231   956   990 I chatty  : uid=1000(system) batterystats-wo identical 1 line
07-04 13:16:37.218   956   990 E BatteryExternalStatsWorker: no controller energy info supplied for wifi
07-04 13:18:45.813   956   990 E BatteryExternalStatsWorker: no controller energy info supplied for wifi
07-04 13:19:46.225   956   990 I chatty  : uid=1000(system) batterystats-wo identical 3 lines
07-04 13:19:46.240   956   990 E BatteryExternalStatsWorker: no controller energy info supplied for wifi
07-04 13:19:46.240   956   990 E BatteryExternalStatsWorker: no controller energy info supplied for bluetooth
07-04 13:19:46.366   956   990 E BatteryExternalStatsWorker: no controller energy info supplied for wifi
07-04 13:19:46.366   956   990 E BatteryExternalStatsWorker: no controller energy info supplied for bluetooth
07-04 13:19:46.459   956   990 E BatteryExternalStatsWorker: no controller energy info supplied for wifi
07-04 13:20:48.227   956   990 I chatty  : uid=1000(system) batterystats-wo identical 3 lines
07-04 13:20:49.153   956   990 E BatteryExternalStatsWorker: no controller energy info supplied for wifi
07-04 13:20:55.028   956   987 W BroadcastQueue: Background execution not allowed: receiving Intent { act=android.intent.action.DROPBOX_ENTRY_ADDED flg=0x11 (has extras) } to com.google.android.gms/.stats.service.DropBoxEntryAddedReceiver
07-04 13:20:55.028   956   987 W BroadcastQueue: Background execution not allowed: receiving Intent { act=android.intent.action.DROPBOX_ENTRY_ADDED flg=0x11 (has extras) } to com.google.android.gms/.chimera.GmsIntentOperationService$PersistentTrustedReceiver
07-04 13:20:56.122   956  4468 W ActivityManager: Unable to start service Intent { cmp=com.google.android.gm/com.android.email.service.AttachmentService } U=0: not found
07-04 13:21:00.728   956   987 W ActivityManager: Stopping service due to app idle: u0a135 -33m35s597ms org.telegram.messenger/.NotificationsService
07-04 13:21:00.732   956   987 W BroadcastQueue: Background execution not allowed: receiving Intent { act=org.telegram.start flg=0x10 } to org.telegram.messenger/.AppStartReceiver
07-04 13:21:29.375   956   990 E BatteryExternalStatsWorker: no controller energy info supplied for wifi
07-04 13:22:48.019   956   990 I chatty  : uid=1000(system) batterystats-wo identical 2 lines
07-04 13:22:48.204   956   990 E BatteryExternalStatsWorker: no controller energy info supplied for wifi
07-04 13:23:50.226   956   990 E BatteryExternalStatsWorker: no controller energy info supplied for wifi
07-04 13:25:00.308   956   990 E BatteryExternalStatsWorker: no controller energy info supplied for wifi
07-04 13:25:45.223   956   990 I chatty  : uid=1000(system) batterystats-wo identical 1 line
07-04 13:25:45.301   956   990 E BatteryExternalStatsWorker: no controller energy info supplied for wifi
07-04 13:26:46.627   956   990 E BatteryExternalStatsWorker: no controller energy info supplied for wifi
07-04 13:27:03.440   956   990 I chatty  : uid=1000(system) batterystats-wo identical 1 line
07-04 13:28:03.222   956   990 E BatteryExternalStatsWorker: no controller energy info supplied for wifi
07-04 13:31:04.447   956   990 E BatteryExternalStatsWorker: no controller energy info supplied for wifi
07-04 13:32:10.312   956   990 I chatty  : uid=1000(system) batterystats-wo identical 2 lines
07-04 13:33:08.227   956   990 E BatteryExternalStatsWorker: no controller energy info supplied for wifi
07-04 13:34:09.514   956   990 E BatteryExternalStatsWorker: no controller energy info supplied for wifi
07-04 13:35:10.228   956   990 E BatteryExternalStatsWorker: no controller energy info supplied for wifi
07-04 13:35:59.224   956   990 E BatteryExternalStatsWorker: no controller energy info supplied for wifi
07-04 13:37:12.227   956   990 E BatteryExternalStatsWorker: no controller energy info supplied for wifi
07-04 13:37:12.228   956   990 E BatteryExternalStatsWorker: no controller energy info supplied for bluetooth
07-04 13:37:12.295   956   990 E BatteryExternalStatsWorker: no controller energy info supplied for wifi
07-04 13:37:12.381   956   990 E BatteryExternalStatsWorker: no controller energy info supplied for wifi
07-04 13:37:12.383   956   990 E BatteryExternalStatsWorker: no controller energy info supplied for bluetooth
07-04 13:39:54.686   956   990 E BatteryExternalStatsWorker: no controller energy info supplied for wifi
07-04 13:40:16.322   956   990 I chatty  : uid=1000(system) batterystats-wo identical 2 lines
07-04 13:41:09.221   956   990 E BatteryExternalStatsWorker: no controller energy info supplied for wifi
07-04 13:41:09.221   956   990 E BatteryExternalStatsWorker: no controller energy info supplied for bluetooth
07-04 13:41:09.276   956   990 E BatteryExternalStatsWorker: no controller energy info supplied for wifi
07-04 13:41:09.439   956   990 E BatteryExternalStatsWorker: no controller energy info supplied for wifi
07-04 13:41:09.440   956   990 E BatteryExternalStatsWorker: no controller energy info supplied for bluetooth
07-04 13:41:19.050   956   990 E BatteryExternalStatsWorker: no controller energy info supplied for wifi
07-04 13:42:19.232   956   990 E BatteryExternalStatsWorker: no controller energy info supplied for wifi
07-04 13:43:56.145   956   990 I chatty  : uid=1000(system) batterystats-wo identical 3 lines
07-04 13:44:21.225   956   990 E BatteryExternalStatsWorker: no controller energy info supplied for wifi
07-04 13:45:59.261   956   990 E BatteryExternalStatsWorker: no controller energy info supplied for wifi
07-04 13:45:59.533   956   990 I chatty  : uid=1000(system) batterystats-wo identical 2 lines
07-04 13:46:24.226   956   990 E BatteryExternalStatsWorker: no controller energy info supplied for wifi
07-04 13:49:28.072   956   990 E BatteryExternalStatsWorker: no controller energy info supplied for wifi
07-04 13:50:28.227   956   990 E BatteryExternalStatsWorker: no controller energy info supplied for wifi
07-04 13:50:29.693   956   990 E BatteryExternalStatsWorker: no controller energy info supplied for wifi
07-04 13:50:37.491   956  6349 W ActivityManager: Unable to start service Intent { act=com.google.android.gms.auth.key.retrieval.service.START pkg=com.google.android.gms } U=0: not found
07-04 13:50:37.501   956  6349 W ActivityManager: Unbind failed: could not find connection for android.os.BinderProxy@c02b9a5
07-04 13:50:39.274 13770 13770 E SchedPolicy: set_timerslack_ns write failed: Operation not permitted
07-04 13:50:39.374 10616 13776 W PackageParser: Unknown element under <manifest>: queries at /data/user_de/0/com.google.android.gms/app_chimera/m/000000dc/dl-AdsFdrDynamite.integ_210890500000000.apk Binary XML file line #5
07-04 13:50:39.683 10616 13776 W PackageParser: Unknown element under <manifest>: queries at /data/user_de/0/com.google.android.gms/app_chimera/m/000000e3/dl-AdsFdrDynamite.integ_211512000000000.apk Binary XML file line #5
07-04 13:50:39.838 10616 13776 W PackageParser: Unknown element under <manifest>: queries at /data/user_de/0/com.google.android.gms/app_chimera/m/000000e8/dl-Payments.integ_211890902000306.apk Binary XML file line #5
07-04 13:50:41.195 10616 13776 W PackageParser: Unknown element under <manifest>: queries at /data/user_de/0/com.google.android.gms/app_chimera/m/000000dc/dl-AdsFdrDynamite.integ_210890500000000.apk Binary XML file line #5
07-04 13:50:41.475 10616 13776 W PackageParser: Unknown element under <manifest>: queries at /data/user_de/0/com.google.android.gms/app_chimera/m/000000e3/dl-AdsFdrDynamite.integ_211512000000000.apk Binary XML file line #5
07-04 13:50:41.618 10616 13776 W PackageParser: Unknown element under <manifest>: queries at /data/user_de/0/com.google.android.gms/app_chimera/m/000000db/dl-Payments.integ_211290904000306.apk Binary XML file line #5
07-04 13:50:42.335 10616 13776 W PackageParser: Unknown element under <manifest>: queries at /data/user_de/0/com.google.android.gms/app_chimera/m/000000dc/dl-AdsFdrDynamite.integ_210890500000000.apk Binary XML file line #5
07-04 13:50:42.578 10616 13776 W PackageParser: Unknown element under <manifest>: queries at /data/user_de/0/com.google.android.gms/app_chimera/m/000000e3/dl-AdsFdrDynamite.integ_211512000000000.apk Binary XML file line #5
07-04 13:50:43.915 10616 10720 W PackageParser: Unknown element under <manifest>: queries at /data/user_de/0/com.google.android.gms/app_chimera/m/000000dc/dl-AdsFdrDynamite.integ_210890500000000.apk Binary XML file line #5
07-04 13:50:44.093 10616 10720 W PackageParser: Unknown element under <manifest>: queries at /data/user_de/0/com.google.android.gms/app_chimera/m/000000e3/dl-AdsFdrDynamite.integ_211512000000000.apk Binary XML file line #5
07-04 13:50:44.149 10616 10720 W PackageParser: Unknown element under <manifest>: queries at /data/user_de/0/com.google.android.gms/app_chimera/m/000000e8/dl-Payments.integ_211890902000306.apk Binary XML file line #5
07-04 13:50:44.639 10616 10720 W PackageParser: Unknown element under <manifest>: queries at /data/user_de/0/com.google.android.gms/app_chimera/m/000000dc/dl-AdsFdrDynamite.integ_210890500000000.apk Binary XML file line #5
07-04 13:50:44.764 10616 10720 W PackageParser: Unknown element under <manifest>: queries at /data/user_de/0/com.google.android.gms/app_chimera/m/000000e3/dl-AdsFdrDynamite.integ_211512000000000.apk Binary XML file line #5
07-04 13:50:44.858 10616 10720 W PackageParser: Unknown element under <manifest>: queries at /data/user_de/0/com.google.android.gms/app_chimera/m/000000db/dl-Payments.integ_211290904000306.apk Binary XML file line #5
07-04 13:50:45.351 10616 10720 W PackageParser: Unknown element under <manifest>: queries at /data/user_de/0/com.google.android.gms/app_chimera/m/000000dc/dl-AdsFdrDynamite.integ_210890500000000.apk Binary XML file line #5
07-04 13:50:45.503 10616 10720 W PackageParser: Unknown element under <manifest>: queries at /data/user_de/0/com.google.android.gms/app_chimera/m/000000e3/dl-AdsFdrDynamite.integ_211512000000000.apk Binary XML file line #5
07-04 13:50:50.716   956   987 W BroadcastQueue: Background execution not allowed: receiving Intent { act=android.intent.action.DROPBOX_ENTRY_ADDED flg=0x11 (has extras) } to com.google.android.gms/.stats.service.DropBoxEntryAddedReceiver
07-04 13:50:50.717   956   987 W BroadcastQueue: Background execution not allowed: receiving Intent { act=android.intent.action.DROPBOX_ENTRY_ADDED flg=0x11 (has extras) } to com.google.android.gms/.chimera.GmsIntentOperationService$PersistentTrustedReceiver
07-04 13:50:51.020   956   987 W BroadcastQueue: Background execution not allowed: receiving Intent { act=android.intent.action.DROPBOX_ENTRY_ADDED flg=0x11 (has extras) } to com.google.android.gms/.stats.service.DropBoxEntryAddedReceiver
07-04 13:50:51.021   956   987 W BroadcastQueue: Background execution not allowed: receiving Intent { act=android.intent.action.DROPBOX_ENTRY_ADDED flg=0x11 (has extras) } to com.google.android.gms/.chimera.GmsIntentOperationService$PersistentTrustedReceiver
07-04 13:51:16.023   956   990 E BatteryExternalStatsWorker: no controller energy info supplied for wifi
07-04 13:51:28.176   956   990 E BatteryExternalStatsWorker: no controller energy info supplied for wifi
07-04 13:51:30.729   956  1408 W ActivityManager: Unable to start service Intent { act=com.google.android.gms.auth.key.retrieval.service.START pkg=com.google.android.gms } U=0: not found
07-04 13:51:30.730   956  1408 W ActivityManager: Unbind failed: could not find connection for android.os.BinderProxy@3609d93
07-04 13:51:31.465 14005 14056 E ActivityThread: Failed to find provider info for com.google.android.instantapps.supervisor.SupervisorArchiveProvider
07-04 13:51:31.512 14005 14062 E ActivityThread: Failed to find provider info for com.google.android.instantapps.supervisor.SupervisorArchiveProvider
07-04 13:52:07.218   956   990 E BatteryExternalStatsWorker: no controller energy info supplied for wifi
07-04 13:52:30.193   956   990 E BatteryExternalStatsWorker: no controller energy info supplied for wifi
07-04 13:52:30.195   956   990 E BatteryExternalStatsWorker: no controller energy info supplied for bluetooth
07-04 13:52:30.339   956   990 E BatteryExternalStatsWorker: no controller energy info supplied for wifi
07-04 13:52:30.364   956   990 E BatteryExternalStatsWorker: no controller energy info supplied for wifi
07-04 13:52:30.366   956   990 E BatteryExternalStatsWorker: no controller energy info supplied for bluetooth
07-04 13:52:35.175   956   987 E KernelUidCpuTimeReader: Malformed cpu data for UID=10005!
07-04 13:52:35.175   956   987 E KernelUidCpuTimeReader: Time between reads: +4s775ms
07-04 13:52:35.175   956   987 E KernelUidCpuTimeReader: Previous times: u=+7s820ms s=+5s350ms
07-04 13:52:35.175   956   987 E KernelUidCpuTimeReader: Current times: u=+7s730ms s=+5s250ms
07-04 13:52:35.175   956   987 E KernelUidCpuTimeReader: Delta: u=-90ms s=-100ms
07-04 13:52:48.821   956   990 E BatteryExternalStatsWorker: no controller energy info supplied for wifi
07-04 13:53:45.015   956   990 E BatteryExternalStatsWorker: no controller energy info supplied for wifi
07-04 13:54:04.720 14472 14472 E SchedPolicy: set_timerslack_ns write failed: Operation not permitted
07-04 13:55:24.978   956   990 E BatteryExternalStatsWorker: no controller energy info supplied for wifi
07-04 13:55:25.305   956   990 E BatteryExternalStatsWorker: no controller energy info supplied for wifi
07-04 13:57:45.141   956   990 E BatteryExternalStatsWorker: no controller energy info supplied for wifi
07-04 13:59:01.902   956   990 I chatty  : uid=1000(system) batterystats-wo identical 4 lines
07-04 13:59:01.964   956   990 E BatteryExternalStatsWorker: no controller energy info supplied for wifi
07-04 14:00:11.227   956   990 E BatteryExternalStatsWorker: no controller energy info supplied for wifi
07-04 14:00:11.758 14946 14965 W PackageParser: Failed to parse /storage/emulated/0/Android/data/com.xiaomi.discover/files/apk/AutoUpdate/Downloads_9.07.23.10_90723100.apk
07-04 14:00:11.758 14946 14965 W PackageParser: java.io.FileNotFoundException: AndroidManifest.xml
07-04 14:00:11.758 14946 14965 W PackageParser: 	at android.content.res.AssetManager.openXmlAssetNative(Native Method)
07-04 14:00:11.758 14946 14965 W PackageParser: 	at android.content.res.AssetManager.openXmlBlockAsset(AssetManager.java:550)
07-04 14:00:11.758 14946 14965 W PackageParser: 	at android.content.res.AssetManager.openXmlResourceParser(AssetManager.java:518)
07-04 14:00:11.758 14946 14965 W PackageParser: 	at android.content.pm.PackageParser.parseApkLite(PackageParser.java:1740)
07-04 14:00:11.758 14946 14965 W PackageParser: 	at android.content.pm.PackageParser.parseMonolithicPackageLite(PackageParser.java:888)
07-04 14:00:11.758 14946 14965 W PackageParser: 	at android.content.pm.PackageParser.parseMonolithicPackage(PackageParser.java:1276)
07-04 14:00:11.758 14946 14965 W PackageParser: 	at android.content.pm.PackageManager.getPackageArchiveInfo(PackageManager.java:4745)
07-04 14:00:11.758 14946 14965 W PackageParser: 	at com.miui.guardprovider.utils.SysUtils.getPackageInfo(SysUtils.java:37)
07-04 14:00:11.758 14946 14965 W PackageParser: 	at com.miui.guardprovider.utils.SysUtils.getPackageName(SysUtils.java:42)
07-04 14:00:11.758 14946 14965 W PackageParser: 	at com.miui.guardprovider.utils.SysUtils.getApkList(SysUtils.java:83)
07-04 14:00:11.758 14946 14965 W PackageParser: 	at com.miui.guardprovider.manager.CacheManager.restoreCache(CacheManager.java:84)
07-04 14:00:11.758 14946 14965 W PackageParser: 	at com.miui.guardprovider.manager.CacheManager.-wrap0(Unknown Source:0)
07-04 14:00:11.758 14946 14965 W PackageParser: 	at com.miui.guardprovider.manager.CacheManager$1.run(CacheManager.java:78)
07-04 14:00:11.758 14946 14965 W PackageParser: 	at java.lang.Thread.run(Thread.java:764)
07-04 14:00:11.769 14946 14965 W PackageParser: Failed to parse /storage/emulated/0/Android/data/com.xiaomi.discover/files/apk/System launcher_RELEASE-4.15.0.1436-02271549_41501436.apk
07-04 14:00:11.769 14946 14965 W PackageParser: java.io.FileNotFoundException: AndroidManifest.xml
07-04 14:00:11.769 14946 14965 W PackageParser: 	at android.content.res.AssetManager.openXmlAssetNative(Native Method)
07-04 14:00:11.769 14946 14965 W PackageParser: 	at android.content.res.AssetManager.openXmlBlockAsset(AssetManager.java:550)
07-04 14:00:11.769 14946 14965 W PackageParser: 	at android.content.res.AssetManager.openXmlResourceParser(AssetManager.java:518)
07-04 14:00:11.769 14946 14965 W PackageParser: 	at android.content.pm.PackageParser.parseApkLite(PackageParser.java:1740)
07-04 14:00:11.769 14946 14965 W PackageParser: 	at android.content.pm.PackageParser.parseMonolithicPackageLite(PackageParser.java:888)
07-04 14:00:11.769 14946 14965 W PackageParser: 	at android.content.pm.PackageParser.parseMonolithicPackage(PackageParser.java:1276)
07-04 14:00:11.769 14946 14965 W PackageParser: 	at android.content.pm.PackageManager.getPackageArchiveInfo(PackageManager.java:4745)
07-04 14:00:11.769 14946 14965 W PackageParser: 	at com.miui.guardprovider.utils.SysUtils.getPackageInfo(SysUtils.java:37)
07-04 14:00:11.769 14946 14965 W PackageParser: 	at com.miui.guardprovider.utils.SysUtils.getPackageName(SysUtils.java:42)
07-04 14:00:11.769 14946 14965 W PackageParser: 	at com.miui.guardprovider.utils.SysUtils.getApkList(SysUtils.java:83)
07-04 14:00:11.769 14946 14965 W PackageParser: 	at com.miui.guardprovider.manager.CacheManager.restoreCache(CacheManager.java:84)
07-04 14:00:11.769 14946 14965 W PackageParser: 	at com.miui.guardprovider.manager.CacheManager.-wrap0(Unknown Source:0)
07-04 14:00:11.769 14946 14965 W PackageParser: 	at com.miui.guardprovider.manager.CacheManager$1.run(CacheManager.java:78)
07-04 14:00:11.769 14946 14965 W PackageParser: 	at java.lang.Thread.run(Thread.java:764)
07-04 14:00:11.779 14946 14965 W PackageParser: Failed to parse /storage/emulated/0/Android/data/com.xiaomi.discover/files/apk/AutoUpdate/GetApps_15.6.1_4001561-1.apk
07-04 14:00:11.779 14946 14965 W PackageParser: java.io.FileNotFoundException: AndroidManifest.xml
07-04 14:00:11.779 14946 14965 W PackageParser: 	at android.content.res.AssetManager.openXmlAssetNative(Native Method)
07-04 14:00:11.779 14946 14965 W PackageParser: 	at android.content.res.AssetManager.openXmlBlockAsset(AssetManager.java:550)
07-04 14:00:11.779 14946 14965 W PackageParser: 	at android.content.res.AssetManager.openXmlResourceParser(AssetManager.java:518)
07-04 14:00:11.779 14946 14965 W PackageParser: 	at android.content.pm.PackageParser.parseApkLite(PackageParser.java:1740)
07-04 14:00:11.779 14946 14965 W PackageParser: 	at android.content.pm.PackageParser.parseMonolithicPackageLite(PackageParser.java:888)
07-04 14:00:11.779 14946 14965 W PackageParser: 	at android.content.pm.PackageParser.parseMonolithicPackage(PackageParser.java:1276)
07-04 14:00:11.779 14946 14965 W PackageParser: 	at android.content.pm.PackageManager.getPackageArchiveInfo(PackageManager.java:4745)
07-04 14:00:11.779 14946 14965 W PackageParser: 	at com.miui.guardprovider.utils.SysUtils.getPackageInfo(SysUtils.java:37)
07-04 14:00:11.779 14946 14965 W PackageParser: 	at com.miui.guardprovider.utils.SysUtils.getPackageName(SysUtils.java:42)
07-04 14:00:11.779 14946 14965 W PackageParser: 	at com.miui.guardprovider.utils.SysUtils.getApkList(SysUtils.java:83)
07-04 14:00:11.779 14946 14965 W PackageParser: 	at com.miui.guardprovider.manager.CacheManager.restoreCache(CacheManager.java:84)
07-04 14:00:11.779 14946 14965 W PackageParser: 	at com.miui.guardprovider.manager.CacheManager.-wrap0(Unknown Source:0)
07-04 14:00:11.779 14946 14965 W PackageParser: 	at com.miui.guardprovider.manager.CacheManager$1.run(CacheManager.java:78)
07-04 14:00:11.779 14946 14965 W PackageParser: 	at java.lang.Thread.run(Thread.java:764)
07-04 14:00:11.821 14946 14965 W PackageParser: Unknown element under <manifest>: queries at /storage/emulated/0/Android/data/com.xiaomi.discover/files/apk/AutoUpdate/Themes_1.6.5.5-global_1060505.apk Binary XML file line #78
07-04 14:00:12.171 14946 14983 W PackageParser: Ignoring duplicate uses-permissions/uses-permissions-sdk-m: com.google.android.c2dm.permission.RECEIVE in package: com.lastpass.lpandroid at: Binary XML file line #45
07-04 14:00:12.172 14946 14983 W PackageParser: Unknown element under <manifest>: meta-data at /data/app/com.lastpass.lpandroid-SDavZEBxCJSanhPv-jtGwA==/base.apk Binary XML file line #78
07-04 14:00:12.172 14946 14983 W PackageParser: Ignoring duplicate uses-permissions/uses-permissions-sdk-m: org.onepf.openiab.permission.BILLING in package: com.lastpass.lpandroid at: Binary XML file line #87
07-04 14:00:12.172 14946 14983 W PackageParser: Ignoring duplicate uses-permissions/uses-permissions-sdk-m: com.lastpass.lpandroid.permission.QUICK_SETTINGS_TILE in package: com.lastpass.lpandroid at: Binary XML file line #93
07-04 14:00:12.172 14946 14983 W PackageParser: Unknown element under <manifest>: meta-data at /data/app/com.lastpass.lpandroid-SDavZEBxCJSanhPv-jtGwA==/base.apk Binary XML file line #95
07-04 14:00:12.348   956   990 E BatteryExternalStatsWorker: no controller energy info supplied for wifi
07-04 14:00:12.736 14946 14983 W PackageParser: Ignoring duplicate uses-permissions/uses-permissions-sdk-m: com.google.android.c2dm.permission.RECEIVE in package: com.lastpass.lpandroid at: Binary XML file line #45
07-04 14:00:12.737 14946 14983 W PackageParser: Unknown element under <manifest>: meta-data at /data/app/com.lastpass.lpandroid-SDavZEBxCJSanhPv-jtGwA==/base.apk Binary XML file line #78
07-04 14:00:12.737 14946 14983 W PackageParser: Ignoring duplicate uses-permissions/uses-permissions-sdk-m: org.onepf.openiab.permission.BILLING in package: com.lastpass.lpandroid at: Binary XML file line #87
07-04 14:00:12.737 14946 14983 W PackageParser: Ignoring duplicate uses-permissions/uses-permissions-sdk-m: com.lastpass.lpandroid.permission.QUICK_SETTINGS_TILE in package: com.lastpass.lpandroid at: Binary XML file line #93
07-04 14:00:12.737 14946 14983 W PackageParser: Unknown element under <manifest>: meta-data at /data/app/com.lastpass.lpandroid-SDavZEBxCJSanhPv-jtGwA==/base.apk Binary XML file line #95
07-04 14:00:12.774 14946 14983 W PackageParser: Ignoring duplicate uses-permissions/uses-permissions-sdk-m: com.google.android.c2dm.permission.RECEIVE in package: com.lastpass.lpandroid at: Binary XML file line #45
07-04 14:00:12.775 14946 14983 W PackageParser: Unknown element under <manifest>: meta-data at /data/app/com.lastpass.lpandroid-SDavZEBxCJSanhPv-jtGwA==/base.apk Binary XML file line #78
07-04 14:00:12.775 14946 14983 W PackageParser: Ignoring duplicate uses-permissions/uses-permissions-sdk-m: org.onepf.openiab.permission.BILLING in package: com.lastpass.lpandroid at: Binary XML file line #87
07-04 14:00:12.775 14946 14983 W PackageParser: Ignoring duplicate uses-permissions/uses-permissions-sdk-m: com.lastpass.lpandroid.permission.QUICK_SETTINGS_TILE in package: com.lastpass.lpandroid at: Binary XML file line #93
07-04 14:00:12.775 14946 14983 W PackageParser: Unknown element under <manifest>: meta-data at /data/app/com.lastpass.lpandroid-SDavZEBxCJSanhPv-jtGwA==/base.apk Binary XML file line #95
07-04 14:00:13.022 14946 14983 W PackageParser: No actions in intent filter at /data/app/com.miui.android.fashiongallery-LjC85CmIzygX5dwHbyzjgw==/base.apk Binary XML file line #478
07-04 14:00:13.219 14946 14983 W PackageParser: Unknown element under <manifest>: queries at /storage/emulated/0/Android/data/com.xiaomi.discover/files/apk/AutoUpdate/Themes_1.6.5.5-global_1060505.apk Binary XML file line #78
07-04 14:00:13.253 14946 14983 I chatty  : uid=10110(com.miui.guardprovider) identical 1 line
07-04 14:00:13.290 14946 14983 W PackageParser: Unknown element under <manifest>: queries at /storage/emulated/0/Android/data/com.xiaomi.discover/files/apk/AutoUpdate/Themes_1.6.5.5-global_1060505.apk Binary XML file line #78
07-04 14:00:16.478 14946 15108 W PackageParser: Failed to parse /storage/emulated/0/Android/data/com.xiaomi.discover/files/apk/AutoUpdate/Downloads_9.07.23.10_90723100.apk
07-04 14:00:16.478 14946 15108 W PackageParser: java.io.FileNotFoundException: AndroidManifest.xml
07-04 14:00:16.478 14946 15108 W PackageParser: 	at android.content.res.AssetManager.openXmlAssetNative(Native Method)
07-04 14:00:16.478 14946 15108 W PackageParser: 	at android.content.res.AssetManager.openXmlBlockAsset(AssetManager.java:550)
07-04 14:00:16.478 14946 15108 W PackageParser: 	at android.content.res.AssetManager.openXmlResourceParser(AssetManager.java:518)
07-04 14:00:16.478 14946 15108 W PackageParser: 	at android.content.pm.PackageParser.parseApkLite(PackageParser.java:1740)
07-04 14:00:16.478 14946 15108 W PackageParser: 	at android.content.pm.PackageParser.parseMonolithicPackageLite(PackageParser.java:888)
07-04 14:00:16.478 14946 15108 W PackageParser: 	at android.content.pm.PackageParser.parseMonolithicPackage(PackageParser.java:1276)
07-04 14:00:16.478 14946 15108 W PackageParser: 	at android.content.pm.PackageManager.getPackageArchiveInfo(PackageManager.java:4745)
07-04 14:00:16.478 14946 15108 W PackageParser: 	at com.miui.guardprovider.utils.SysUtils.getPackageInfo(SysUtils.java:37)
07-04 14:00:16.478 14946 15108 W PackageParser: 	at com.miui.guardprovider.utils.SysUtils.getPackageName(SysUtils.java:42)
07-04 14:00:16.478 14946 15108 W PackageParser: 	at com.miui.guardprovider.utils.SysUtils.getApkList(SysUtils.java:83)
07-04 14:00:16.478 14946 15108 W PackageParser: 	at com.miui.guardprovider.manager.CacheManager.restoreCache(CacheManager.java:84)
07-04 14:00:16.478 14946 15108 W PackageParser: 	at com.miui.guardprovider.manager.CacheManager.-wrap0(Unknown Source:0)
07-04 14:00:16.478 14946 15108 W PackageParser: 	at com.miui.guardprovider.manager.CacheManager$1.run(CacheManager.java:78)
07-04 14:00:16.478 14946 15108 W PackageParser: 	at java.lang.Thread.run(Thread.java:764)
07-04 14:00:16.488 14946 15108 W PackageParser: Failed to parse /storage/emulated/0/Android/data/com.xiaomi.discover/files/apk/System launcher_RELEASE-4.15.0.1436-02271549_41501436.apk
07-04 14:00:16.488 14946 15108 W PackageParser: java.io.FileNotFoundException: AndroidManifest.xml
07-04 14:00:16.488 14946 15108 W PackageParser: 	at android.content.res.AssetManager.openXmlAssetNative(Native Method)
07-04 14:00:16.488 14946 15108 W PackageParser: 	at android.content.res.AssetManager.openXmlBlockAsset(AssetManager.java:550)
07-04 14:00:16.488 14946 15108 W PackageParser: 	at android.content.res.AssetManager.openXmlResourceParser(AssetManager.java:518)
07-04 14:00:16.488 14946 15108 W PackageParser: 	at android.content.pm.PackageParser.parseApkLite(PackageParser.java:1740)
07-04 14:00:16.488 14946 15108 W PackageParser: 	at android.content.pm.PackageParser.parseMonolithicPackageLite(PackageParser.java:888)
07-04 14:00:16.488 14946 15108 W PackageParser: 	at android.content.pm.PackageParser.parseMonolithicPackage(PackageParser.java:1276)
07-04 14:00:16.488 14946 15108 W PackageParser: 	at android.content.pm.PackageManager.getPackageArchiveInfo(PackageManager.java:4745)
07-04 14:00:16.488 14946 15108 W PackageParser: 	at com.miui.guardprovider.utils.SysUtils.getPackageInfo(SysUtils.java:37)
07-04 14:00:16.488 14946 15108 W PackageParser: 	at com.miui.guardprovider.utils.SysUtils.getPackageName(SysUtils.java:42)
07-04 14:00:16.488 14946 15108 W PackageParser: 	at com.miui.guardprovider.utils.SysUtils.getApkList(SysUtils.java:83)
07-04 14:00:16.488 14946 15108 W PackageParser: 	at com.miui.guardprovider.manager.CacheManager.restoreCache(CacheManager.java:84)
07-04 14:00:16.488 14946 15108 W PackageParser: 	at com.miui.guardprovider.manager.CacheManager.-wrap0(Unknown Source:0)
07-04 14:00:16.488 14946 15108 W PackageParser: 	at com.miui.guardprovider.manager.CacheManager$1.run(CacheManager.java:78)
07-04 14:00:16.488 14946 15108 W PackageParser: 	at java.lang.Thread.run(Thread.java:764)
07-04 14:00:16.497 14946 15108 W PackageParser: Failed to parse /storage/emulated/0/Android/data/com.xiaomi.discover/files/apk/AutoUpdate/GetApps_15.6.1_4001561-1.apk
07-04 14:00:16.497 14946 15108 W PackageParser: java.io.FileNotFoundException: AndroidManifest.xml
07-04 14:00:16.497 14946 15108 W PackageParser: 	at android.content.res.AssetManager.openXmlAssetNative(Native Method)
07-04 14:00:16.497 14946 15108 W PackageParser: 	at android.content.res.AssetManager.openXmlBlockAsset(AssetManager.java:550)
07-04 14:00:16.497 14946 15108 W PackageParser: 	at android.content.res.AssetManager.openXmlResourceParser(AssetManager.java:518)
07-04 14:00:16.497 14946 15108 W PackageParser: 	at android.content.pm.PackageParser.parseApkLite(PackageParser.java:1740)
07-04 14:00:16.497 14946 15108 W PackageParser: 	at android.content.pm.PackageParser.parseMonolithicPackageLite(PackageParser.java:888)
07-04 14:00:16.497 14946 15108 W PackageParser: 	at android.content.pm.PackageParser.parseMonolithicPackage(PackageParser.java:1276)
07-04 14:00:16.497 14946 15108 W PackageParser: 	at android.content.pm.PackageManager.getPackageArchiveInfo(PackageManager.java:4745)
07-04 14:00:16.497 14946 15108 W PackageParser: 	at com.miui.guardprovider.utils.SysUtils.getPackageInfo(SysUtils.java:37)
07-04 14:00:16.497 14946 15108 W PackageParser: 	at com.miui.guardprovider.utils.SysUtils.getPackageName(SysUtils.java:42)
07-04 14:00:16.497 14946 15108 W PackageParser: 	at com.miui.guardprovider.utils.SysUtils.getApkList(SysUtils.java:83)
07-04 14:00:16.497 14946 15108 W PackageParser: 	at com.miui.guardprovider.manager.CacheManager.restoreCache(CacheManager.java:84)
07-04 14:00:16.497 14946 15108 W PackageParser: 	at com.miui.guardprovider.manager.CacheManager.-wrap0(Unknown Source:0)
07-04 14:00:16.497 14946 15108 W PackageParser: 	at com.miui.guardprovider.manager.CacheManager$1.run(CacheManager.java:78)
07-04 14:00:16.497 14946 15108 W PackageParser: 	at java.lang.Thread.run(Thread.java:764)
07-04 14:00:16.518 14946 15108 W PackageParser: Unknown element under <manifest>: queries at /storage/emulated/0/Android/data/com.xiaomi.discover/files/apk/AutoUpdate/Themes_1.6.5.5-global_1060505.apk Binary XML file line #78
07-04 14:00:21.475 14946 15112 W PackageParser: Ignoring duplicate uses-permissions/uses-permissions-sdk-m: com.google.android.c2dm.permission.RECEIVE in package: com.lastpass.lpandroid at: Binary XML file line #45
07-04 14:00:21.476 14946 15112 W PackageParser: Unknown element under <manifest>: meta-data at /data/app/com.lastpass.lpandroid-SDavZEBxCJSanhPv-jtGwA==/base.apk Binary XML file line #78
07-04 14:00:21.476 14946 15112 W PackageParser: Ignoring duplicate uses-permissions/uses-permissions-sdk-m: org.onepf.openiab.permission.BILLING in package: com.lastpass.lpandroid at: Binary XML file line #87
07-04 14:00:21.476 14946 15112 W PackageParser: Ignoring duplicate uses-permissions/uses-permissions-sdk-m: com.lastpass.lpandroid.permission.QUICK_SETTINGS_TILE in package: com.lastpass.lpandroid at: Binary XML file line #93
07-04 14:00:21.476 14946 15112 W PackageParser: Unknown element under <manifest>: meta-data at /data/app/com.lastpass.lpandroid-SDavZEBxCJSanhPv-jtGwA==/base.apk Binary XML file line #95
07-04 14:00:21.784 14946 15112 W PackageParser: No actions in intent filter at /data/app/com.miui.android.fashiongallery-LjC85CmIzygX5dwHbyzjgw==/base.apk Binary XML file line #478
07-04 14:00:21.809 14946 15112 I chatty  : uid=10110(com.miui.guardprovider) identical 1 line
07-04 14:00:21.836 14946 15112 W PackageParser: No actions in intent filter at /data/app/com.miui.android.fashiongallery-LjC85CmIzygX5dwHbyzjgw==/base.apk Binary XML file line #478
07-04 14:00:24.205 14946 15112 W PackageParser: Unknown element under <manifest>: queries at /storage/emulated/0/Android/data/com.xiaomi.discover/files/apk/AutoUpdate/Themes_1.6.5.5-global_1060505.apk Binary XML file line #78
07-04 14:00:59.824   956   990 E BatteryExternalStatsWorker: no controller energy info supplied for wifi
07-04 14:02:36.231   956   990 I chatty  : uid=1000(system) batterystats-wo identical 8 lines
07-04 14:02:40.008   956   990 E BatteryExternalStatsWorker: no controller energy info supplied for wifi
07-04 14:04:07.225   956   990 E BatteryExternalStatsWorker: no controller energy info supplied for wifi
07-04 14:04:07.317   956   990 E BatteryExternalStatsWorker: no controller energy info supplied for wifi
07-04 14:04:13.738   956   987 W BroadcastQueue: Background execution not allowed: receiving Intent { act=android.net.conn.NETWORK_CONDITIONS_MEASURED flg=0x11 (has extras) } to com.google.android.gms/.chimera.GmsIntentOperationService$PersistentTrustedReceiver
07-04 14:04:15.254 15392 15489 W PackageParser: Failed to parse /storage/emulated/0/Android/data/com.xiaomi.discover/files/apk/AutoUpdate/Downloads_9.07.23.10_90723100.apk
07-04 14:04:15.254 15392 15489 W PackageParser: java.io.FileNotFoundException: AndroidManifest.xml
07-04 14:04:15.254 15392 15489 W PackageParser: 	at android.content.res.AssetManager.openXmlAssetNative(Native Method)
07-04 14:04:15.254 15392 15489 W PackageParser: 	at android.content.res.AssetManager.openXmlBlockAsset(AssetManager.java:550)
07-04 14:04:15.254 15392 15489 W PackageParser: 	at android.content.res.AssetManager.openXmlResourceParser(AssetManager.java:518)
07-04 14:04:15.254 15392 15489 W PackageParser: 	at android.content.pm.PackageParser.parseApkLite(PackageParser.java:1740)
07-04 14:04:15.254 15392 15489 W PackageParser: 	at android.content.pm.PackageParser.parseMonolithicPackageLite(PackageParser.java:888)
07-04 14:04:15.254 15392 15489 W PackageParser: 	at android.content.pm.PackageParser.parseMonolithicPackage(PackageParser.java:1276)
07-04 14:04:15.254 15392 15489 W PackageParser: 	at android.content.pm.PackageManager.getPackageArchiveInfo(PackageManager.java:4745)
07-04 14:04:15.254 15392 15489 W PackageParser: 	at com.miui.optimizecenter.m.e.d(AndroidUtils.java:4)
07-04 14:04:15.254 15392 15489 W PackageParser: 	at com.miui.optimizecenter.manager.engine.mi.scanner.ApkScanner.startScan(ApkScanner.java:14)
07-04 14:04:15.254 15392 15489 W PackageParser: 	at com.miui.optimizecenter.manager.engine.mi.scanner.AbsScanner.run(AbsScanner.java:1)
07-04 14:04:15.254 15392 15489 W PackageParser: 	at java.util.concurrent.ThreadPoolExecutor.runWorker(ThreadPoolExecutor.java:1162)
07-04 14:04:15.254 15392 15489 W PackageParser: 	at java.util.concurrent.ThreadPoolExecutor$Worker.run(ThreadPoolExecutor.java:636)
07-04 14:04:15.254 15392 15489 W PackageParser: 	at com.miui.optimizecenter.g.run(CleanMasterTaskManager.java:2)
07-04 14:04:15.254 15392 15489 W PackageParser: 	at java.lang.Thread.run(Thread.java:764)
07-04 14:04:15.358 15392 15489 W PackageParser: Failed to parse /storage/emulated/0/Android/data/com.xiaomi.discover/files/apk/AutoUpdate/GetApps_15.6.1_4001561-1.apk
07-04 14:04:15.358 15392 15489 W PackageParser: java.io.FileNotFoundException: AndroidManifest.xml
07-04 14:04:15.358 15392 15489 W PackageParser: 	at android.content.res.AssetManager.openXmlAssetNative(Native Method)
07-04 14:04:15.358 15392 15489 W PackageParser: 	at android.content.res.AssetManager.openXmlBlockAsset(AssetManager.java:550)
07-04 14:04:15.358 15392 15489 W PackageParser: 	at android.content.res.AssetManager.openXmlResourceParser(AssetManager.java:518)
07-04 14:04:15.358 15392 15489 W PackageParser: 	at android.content.pm.PackageParser.parseApkLite(PackageParser.java:1740)
07-04 14:04:15.358 15392 15489 W PackageParser: 	at android.content.pm.PackageParser.parseMonolithicPackageLite(PackageParser.java:888)
07-04 14:04:15.358 15392 15489 W PackageParser: 	at android.content.pm.PackageParser.parseMonolithicPackage(PackageParser.java:1276)
07-04 14:04:15.358 15392 15489 W PackageParser: 	at android.content.pm.PackageManager.getPackageArchiveInfo(PackageManager.java:4745)
07-04 14:04:15.358 15392 15489 W PackageParser: 	at com.miui.optimizecenter.m.e.d(AndroidUtils.java:4)
07-04 14:04:15.358 15392 15489 W PackageParser: 	at com.miui.optimizecenter.manager.engine.mi.scanner.ApkScanner.startScan(ApkScanner.java:14)
07-04 14:04:15.358 15392 15489 W PackageParser: 	at com.miui.optimizecenter.manager.engine.mi.scanner.AbsScanner.run(AbsScanner.java:1)
07-04 14:04:15.358 15392 15489 W PackageParser: 	at java.util.concurrent.ThreadPoolExecutor.runWorker(ThreadPoolExecutor.java:1162)
07-04 14:04:15.358 15392 15489 W PackageParser: 	at java.util.concurrent.ThreadPoolExecutor$Worker.run(ThreadPoolExecutor.java:636)
07-04 14:04:15.358 15392 15489 W PackageParser: 	at com.miui.optimizecenter.g.run(CleanMasterTaskManager.java:2)
07-04 14:04:15.358 15392 15489 W PackageParser: 	at java.lang.Thread.run(Thread.java:764)
07-04 14:04:15.619 15392 15489 W PackageParser: Unknown element under <manifest>: queries at /storage/emulated/0/Android/data/com.xiaomi.discover/files/apk/AutoUpdate/Themes_1.6.5.5-global_1060505.apk Binary XML file line #78
07-04 14:04:15.709 15392 15489 W PackageParser: Failed to parse /storage/emulated/0/Android/data/com.xiaomi.discover/files/apk/System launcher_RELEASE-4.15.0.1436-02271549_41501436.apk
07-04 14:04:15.709 15392 15489 W PackageParser: java.io.FileNotFoundException: AndroidManifest.xml
07-04 14:04:15.709 15392 15489 W PackageParser: 	at android.content.res.AssetManager.openXmlAssetNative(Native Method)
07-04 14:04:15.709 15392 15489 W PackageParser: 	at android.content.res.AssetManager.openXmlBlockAsset(AssetManager.java:550)
07-04 14:04:15.709 15392 15489 W PackageParser: 	at android.content.res.AssetManager.openXmlResourceParser(AssetManager.java:518)
07-04 14:04:15.709 15392 15489 W PackageParser: 	at android.content.pm.PackageParser.parseApkLite(PackageParser.java:1740)
07-04 14:04:15.709 15392 15489 W PackageParser: 	at android.content.pm.PackageParser.parseMonolithicPackageLite(PackageParser.java:888)
07-04 14:04:15.709 15392 15489 W PackageParser: 	at android.content.pm.PackageParser.parseMonolithicPackage(PackageParser.java:1276)
07-04 14:04:15.709 15392 15489 W PackageParser: 	at android.content.pm.PackageManager.getPackageArchiveInfo(PackageManager.java:4745)
07-04 14:04:15.709 15392 15489 W PackageParser: 	at com.miui.optimizecenter.m.e.d(AndroidUtils.java:4)
07-04 14:04:15.709 15392 15489 W PackageParser: 	at com.miui.optimizecenter.manager.engine.mi.scanner.ApkScanner.startScan(ApkScanner.java:14)
07-04 14:04:15.709 15392 15489 W PackageParser: 	at com.miui.optimizecenter.manager.engine.mi.scanner.AbsScanner.run(AbsScanner.java:1)
07-04 14:04:15.709 15392 15489 W PackageParser: 	at java.util.concurrent.ThreadPoolExecutor.runWorker(ThreadPoolExecutor.java:1162)
07-04 14:04:15.709 15392 15489 W PackageParser: 	at java.util.concurrent.ThreadPoolExecutor$Worker.run(ThreadPoolExecutor.java:636)
07-04 14:04:15.709 15392 15489 W PackageParser: 	at com.miui.optimizecenter.g.run(CleanMasterTaskManager.java:2)
07-04 14:04:15.709 15392 15489 W PackageParser: 	at java.lang.Thread.run(Thread.java:764)
07-04 14:05:09.932   956   990 E BatteryExternalStatsWorker: no controller energy info supplied for wifi
07-04 14:07:04.889   956   990 I chatty  : uid=1000(system) batterystats-wo identical 5 lines
07-04 14:07:53.225   956   990 E BatteryExternalStatsWorker: no controller energy info supplied for wifi
07-04 14:07:53.229   956   990 E BatteryExternalStatsWorker: no controller energy info supplied for bluetooth
07-04 14:07:53.351   956   990 E BatteryExternalStatsWorker: no controller energy info supplied for wifi
07-04 14:07:53.441   956   990 E BatteryExternalStatsWorker: no controller energy info supplied for wifi
07-04 14:07:53.443   956   990 E BatteryExternalStatsWorker: no controller energy info supplied for bluetooth
07-04 14:08:56.254   956   990 E BatteryExternalStatsWorker: no controller energy info supplied for wifi
07-04 14:11:29.023   956   990 I chatty  : uid=1000(system) batterystats-wo identical 6 lines
07-04 14:11:29.214   956   990 E BatteryExternalStatsWorker: no controller energy info supplied for wifi
07-04 14:12:32.473   956   990 E BatteryExternalStatsWorker: no controller energy info supplied for wifi
07-04 14:15:13.334   956   990 I chatty  : uid=1000(system) batterystats-wo identical 6 lines
07-04 14:15:13.358   956   990 E BatteryExternalStatsWorker: no controller energy info supplied for wifi
07-04 14:17:06.730   956   990 E BatteryExternalStatsWorker: no controller energy info supplied for wifi
07-04 14:20:40.765   956   990 E BatteryExternalStatsWorker: no controller energy info supplied for wifi
07-04 14:21:29.795   956   990 I chatty  : uid=1000(system) batterystats-wo identical 2 lines
07-04 14:22:17.271   956   990 E BatteryExternalStatsWorker: no controller energy info supplied for wifi
07-04 14:24:41.499   956   990 E BatteryExternalStatsWorker: no controller energy info supplied for wifi
07-04 14:25:10.809   956   990 I chatty  : uid=1000(system) batterystats-wo identical 1 line
07-04 14:25:11.027   956   990 E BatteryExternalStatsWorker: no controller energy info supplied for wifi
07-04 14:25:11.063   956   987 W BroadcastQueue: Background execution not allowed: receiving Intent { act=android.intent.action.DROPBOX_ENTRY_ADDED flg=0x11 (has extras) } to com.google.android.gms/.stats.service.DropBoxEntryAddedReceiver
07-04 14:25:11.063   956   987 W BroadcastQueue: Background execution not allowed: receiving Intent { act=android.intent.action.DROPBOX_ENTRY_ADDED flg=0x11 (has extras) } to com.google.android.gms/.chimera.GmsIntentOperationService$PersistentTrustedReceiver
07-04 14:25:20.240   956   990 E BatteryExternalStatsWorker: no controller energy info supplied for wifi
07-04 14:25:20.240   956   990 E BatteryExternalStatsWorker: no controller energy info supplied for bluetooth
07-04 14:25:20.372   956   990 E BatteryExternalStatsWorker: no controller energy info supplied for wifi
07-04 14:25:20.372   956   990 E BatteryExternalStatsWorker: no controller energy info supplied for bluetooth
07-04 14:25:29.228   956   990 E BatteryExternalStatsWorker: no controller energy info supplied for wifi
07-04 14:26:00.226   956   990 I chatty  : uid=1000(system) batterystats-wo identical 1 line
07-04 14:26:34.225   956   990 E BatteryExternalStatsWorker: no controller energy info supplied for wifi
07-04 14:31:30.683   956   990 E BatteryExternalStatsWorker: no controller energy info supplied for wifi
07-04 14:32:32.224   956   990 I chatty  : uid=1000(system) batterystats-wo identical 3 lines
07-04 14:32:32.329   956   990 E BatteryExternalStatsWorker: no controller energy info supplied for wifi
07-04 14:35:12.234   956   990 E BatteryExternalStatsWorker: no controller energy info supplied for wifi
07-04 14:35:44.526   956   990 I chatty  : uid=1000(system) batterystats-wo identical 2 lines
07-04 14:35:57.351   956   990 E BatteryExternalStatsWorker: no controller energy info supplied for wifi
07-04 14:35:57.395   956   987 W ActivityManager: Stopping service due to app idle: u0a135 -41m52s622ms org.telegram.messenger/.NotificationsService
07-04 14:35:57.398   956   987 W BroadcastQueue: Background execution not allowed: receiving Intent { act=org.telegram.start flg=0x10 } to org.telegram.messenger/.AppStartReceiver
07-04 14:40:24.223   956   990 E BatteryExternalStatsWorker: no controller energy info supplied for wifi
07-04 14:40:24.223   956   990 E BatteryExternalStatsWorker: no controller energy info supplied for bluetooth
07-04 14:40:24.278   956   990 E BatteryExternalStatsWorker: no controller energy info supplied for wifi
07-04 14:40:24.360   956   990 E BatteryExternalStatsWorker: no controller energy info supplied for wifi
07-04 14:40:24.360   956   990 E BatteryExternalStatsWorker: no controller energy info supplied for bluetooth
07-04 14:40:24.477   956   990 E BatteryExternalStatsWorker: no controller energy info supplied for wifi
07-04 14:40:25.521   956   990 E BatteryExternalStatsWorker: no controller energy info supplied for wifi
07-04 14:40:25.521   956   990 E BatteryExternalStatsWorker: no controller energy info supplied for bluetooth
07-04 14:41:11.216   956   990 E BatteryExternalStatsWorker: no controller energy info supplied for wifi
07-04 14:41:11.216   956   990 E BatteryExternalStatsWorker: no controller energy info supplied for bluetooth
07-04 14:41:11.266   956   990 E BatteryExternalStatsWorker: no controller energy info supplied for wifi
07-04 14:41:11.444   956   990 E BatteryExternalStatsWorker: no controller energy info supplied for wifi
07-04 14:41:11.444   956   990 E BatteryExternalStatsWorker: no controller energy info supplied for bluetooth
07-04 14:44:26.801   956   990 E BatteryExternalStatsWorker: no controller energy info supplied for wifi
07-04 14:45:46.302   956   990 I chatty  : uid=1000(system) batterystats-wo identical 6 lines
07-04 14:46:43.221   956   990 E BatteryExternalStatsWorker: no controller energy info supplied for wifi
07-04 14:50:32.553   956   990 E BatteryExternalStatsWorker: no controller energy info supplied for wifi
07-04 14:51:29.555   956   990 I chatty  : uid=1000(system) batterystats-wo identical 3 lines
07-04 14:52:01.335   956   990 E BatteryExternalStatsWorker: no controller energy info supplied for wifi
07-04 14:54:40.318   956   990 E BatteryExternalStatsWorker: no controller energy info supplied for wifi
07-04 14:54:40.972   956   990 E BatteryExternalStatsWorker: no controller energy info supplied for wifi
