07-05 00:01:01.382   956   988 W WindowManager: Setting mWindowManagerDrawComplete
07-05 00:01:01.606   956   998 W PowerManagerService: Screen on took 352 ms
07-05 00:01:08.867   956   990 E BatteryExternalStatsWorker: no controller energy info supplied for wifi
07-05 00:01:08.867   956   990 E BatteryExternalStatsWorker: no controller energy info supplied for bluetooth
07-05 00:01:11.274  1125  1125 W DreamService[DozeService]: Finish was called before the dream was attached.
07-05 00:01:11.277  1125  1125 W DreamService[DozeService]: attach() called after dream already finished
07-05 00:01:34.870   956   990 E BatteryExternalStatsWorker: no controller energy info supplied for wifi
07-05 00:01:34.870   956   990 E BatteryExternalStatsWorker: no controller energy info supplied for bluetooth
07-05 00:02:21.221   956   990 E BatteryExternalStatsWorker: no controller energy info supplied for wifi
07-05 00:03:17.978   956   990 I chatty  : uid=1000(system) batterystats-wo identical 2 lines
07-05 00:03:18.160   956   990 E BatteryExternalStatsWorker: no controller energy info supplied for wifi
07-05 00:04:18.230   956   990 E BatteryExternalStatsWorker: no controller energy info supplied for wifi
07-05 00:06:01.244   956   990 E BatteryExternalStatsWorker: no controller energy info supplied for wifi
07-05 00:08:05.215   956   990 E BatteryExternalStatsWorker: no controller energy info supplied for wifi
07-05 00:08:05.502   956   990 E BatteryExternalStatsWorker: no controller energy info supplied for wifi
07-05 00:09:19.277   956   990 E BatteryExternalStatsWorker: no controller energy info supplied for wifi
07-05 00:09:19.437   956   987 W BroadcastQueue: Background execution not allowed: receiving Intent { act=android.intent.action.DROPBOX_ENTRY_ADDED flg=0x11 (has extras) } to com.google.android.gms/.stats.service.DropBoxEntryAddedReceiver
07-05 00:09:19.437   956   987 W BroadcastQueue: Background execution not allowed: receiving Intent { act=android.intent.action.DROPBOX_ENTRY_ADDED flg=0x11 (has extras) } to com.google.android.gms/.chimera.GmsIntentOperationService$PersistentTrustedReceiver
07-05 00:09:19.583   956   987 W BroadcastQueue: Background execution not allowed: receiving Intent { act=android.intent.action.DROPBOX_ENTRY_ADDED flg=0x11 (has extras) } to com.google.android.gms/.stats.service.DropBoxEntryAddedReceiver
07-05 00:09:19.583   956   987 W BroadcastQueue: Background execution not allowed: receiving Intent { act=android.intent.action.DROPBOX_ENTRY_ADDED flg=0x11 (has extras) } to com.google.android.gms/.chimera.GmsIntentOperationService$PersistentTrustedReceiver
07-05 00:11:31.534   956   990 E BatteryExternalStatsWorker: no controller energy info supplied for wifi
07-05 00:13:15.225   956   990 E BatteryExternalStatsWorker: no controller energy info supplied for wifi
07-05 00:13:40.237   956   990 E BatteryExternalStatsWorker: no controller energy info supplied for wifi
07-05 00:13:40.238   956   990 E BatteryExternalStatsWorker: no controller energy info supplied for bluetooth
07-05 00:13:40.344   956   990 E BatteryExternalStatsWorker: no controller energy info supplied for wifi
07-05 00:13:40.344   956   990 E BatteryExternalStatsWorker: no controller energy info supplied for bluetooth
07-05 00:16:01.237   956   990 E BatteryExternalStatsWorker: no controller energy info supplied for wifi
07-05 00:17:01.271   956   990 E BatteryExternalStatsWorker: no controller energy info supplied for wifi
07-05 00:21:31.317   956   990 E BatteryExternalStatsWorker: no controller energy info supplied for wifi
07-05 00:21:31.351   956   990 E BatteryExternalStatsWorker: no controller energy info supplied for wifi
07-05 00:25:16.806   956   990 E BatteryExternalStatsWorker: no controller energy info supplied for wifi
07-05 00:25:19.775   358 29105 W vold    : Failed to open /persist: Permission denied
07-05 00:25:19.788   956   987 W BroadcastQueue: Background execution not allowed: receiving Intent { act=android.intent.action.DROPBOX_ENTRY_ADDED flg=0x11 (has extras) } to com.google.android.gms/.stats.service.DropBoxEntryAddedReceiver
07-05 00:25:19.788   956   987 W BroadcastQueue: Background execution not allowed: receiving Intent { act=android.intent.action.DROPBOX_ENTRY_ADDED flg=0x11 (has extras) } to com.google.android.gms/.chimera.GmsIntentOperationService$PersistentTrustedReceiver
07-05 00:25:19.800   956   987 W BroadcastQueue: Background execution not allowed: receiving Intent { act=android.intent.action.DROPBOX_ENTRY_ADDED flg=0x11 (has extras) } to com.google.android.gms/.stats.service.DropBoxEntryAddedReceiver
07-05 00:25:19.800   956   987 W BroadcastQueue: Background execution not allowed: receiving Intent { act=android.intent.action.DROPBOX_ENTRY_ADDED flg=0x11 (has extras) } to com.google.android.gms/.chimera.GmsIntentOperationService$PersistentTrustedReceiver
07-05 00:25:19.808   956   987 W BroadcastQueue: Background execution not allowed: receiving Intent { act=android.intent.action.DROPBOX_ENTRY_ADDED flg=0x11 (has extras) } to com.google.android.gms/.stats.service.DropBoxEntryAddedReceiver
07-05 00:25:19.811   956   987 W BroadcastQueue: Background execution not allowed: receiving Intent { act=android.intent.action.DROPBOX_ENTRY_ADDED flg=0x11 (has extras) } to com.google.android.gms/.chimera.GmsIntentOperationService$PersistentTrustedReceiver
07-05 00:25:19.812   956   987 W BroadcastQueue: Background execution not allowed: receiving Intent { act=android.intent.action.DROPBOX_ENTRY_ADDED flg=0x11 (has extras) } to com.google.android.gms/.stats.service.DropBoxEntryAddedReceiver
07-05 00:25:19.812   956   987 W BroadcastQueue: Background execution not allowed: receiving Intent { act=android.intent.action.DROPBOX_ENTRY_ADDED flg=0x11 (has extras) } to com.google.android.gms/.chimera.GmsIntentOperationService$PersistentTrustedReceiver
07-05 00:25:19.812   956   987 W BroadcastQueue: Background execution not allowed: receiving Intent { act=android.intent.action.DROPBOX_ENTRY_ADDED flg=0x11 (has extras) } to com.google.android.gms/.stats.service.DropBoxEntryAddedReceiver
07-05 00:25:19.812   956   987 W BroadcastQueue: Background execution not allowed: receiving Intent { act=android.intent.action.DROPBOX_ENTRY_ADDED flg=0x11 (has extras) } to com.google.android.gms/.chimera.GmsIntentOperationService$PersistentTrustedReceiver
07-05 00:25:19.812   956   987 W BroadcastQueue: Background execution not allowed: receiving Intent { act=android.intent.action.DROPBOX_ENTRY_ADDED flg=0x11 (has extras) } to com.google.android.gms/.stats.service.DropBoxEntryAddedReceiver
07-05 00:25:19.812   956   987 W BroadcastQueue: Background execution not allowed: receiving Intent { act=android.intent.action.DROPBOX_ENTRY_ADDED flg=0x11 (has extras) } to com.google.android.gms/.chimera.GmsIntentOperationService$PersistentTrustedReceiver
07-05 00:25:20.043   956   987 W ProcessCpuTracker: Skipping unknown process pid 29107
07-05 00:25:20.270 10616 16309 W PackageParser: Unknown element under <manifest>: queries at /data/user_de/0/com.google.android.gms/app_chimera/m/000000dc/dl-AdsFdrDynamite.integ_210890500000000.apk Binary XML file line #5
07-05 00:25:20.520 10616 16309 W PackageParser: Unknown element under <manifest>: queries at /data/user_de/0/com.google.android.gms/app_chimera/m/000000e3/dl-AdsFdrDynamite.integ_211512000000000.apk Binary XML file line #5
07-05 00:25:20.827 10616 16309 W PackageParser: Unknown element under <manifest>: queries at /data/user_de/0/com.google.android.gms/app_chimera/m/000000e8/dl-Payments.integ_211890902000306.apk Binary XML file line #5
07-05 00:25:21.421 10616 16309 W PackageParser: Unknown element under <manifest>: queries at /data/user_de/0/com.google.android.gms/app_chimera/m/000000dc/dl-AdsFdrDynamite.integ_210890500000000.apk Binary XML file line #5
07-05 00:25:21.545 10616 16309 W PackageParser: Unknown element under <manifest>: queries at /data/user_de/0/com.google.android.gms/app_chimera/m/000000e3/dl-AdsFdrDynamite.integ_211512000000000.apk Binary XML file line #5
07-05 00:25:21.648 10616 16309 W PackageParser: Unknown element under <manifest>: queries at /data/user_de/0/com.google.android.gms/app_chimera/m/000000db/dl-Payments.integ_211290904000306.apk Binary XML file line #5
07-05 00:25:22.105 10616 16309 W PackageParser: Unknown element under <manifest>: queries at /data/user_de/0/com.google.android.gms/app_chimera/m/000000dc/dl-AdsFdrDynamite.integ_210890500000000.apk Binary XML file line #5
07-05 00:25:22.532 10616 16309 W PackageParser: Unknown element under <manifest>: queries at /data/user_de/0/com.google.android.gms/app_chimera/m/000000e3/dl-AdsFdrDynamite.integ_211512000000000.apk Binary XML file line #5
07-05 00:26:01.286   956   990 E BatteryExternalStatsWorker: no controller energy info supplied for wifi
07-05 00:26:01.317   956   990 E BatteryExternalStatsWorker: no controller energy info supplied for wifi
07-05 00:29:18.173   956   990 E BatteryExternalStatsWorker: no controller energy info supplied for wifi
07-05 00:29:18.354   956   990 E BatteryExternalStatsWorker: no controller energy info supplied for wifi
07-05 00:30:39.234   956   990 E BatteryExternalStatsWorker: no controller energy info supplied for wifi
07-05 00:30:39.234   956   990 E BatteryExternalStatsWorker: no controller energy info supplied for bluetooth
07-05 00:30:39.294   956   990 E BatteryExternalStatsWorker: no controller energy info supplied for wifi
07-05 00:30:39.358   956   990 E BatteryExternalStatsWorker: no controller energy info supplied for wifi
07-05 00:30:39.359   956   990 E BatteryExternalStatsWorker: no controller energy info supplied for bluetooth
07-05 00:31:31.495   956   990 E BatteryExternalStatsWorker: no controller energy info supplied for wifi
07-05 00:31:31.681   956   990 I chatty  : uid=1000(system) batterystats-wo identical 1 line
07-05 00:32:02.227   956   990 E BatteryExternalStatsWorker: no controller energy info supplied for wifi
07-05 00:36:02.238   956   990 E BatteryExternalStatsWorker: no controller energy info supplied for wifi
07-05 00:36:02.262   956   990 I chatty  : uid=1000(system) batterystats-wo identical 1 line
07-05 00:36:02.486   956   990 E BatteryExternalStatsWorker: no controller energy info supplied for wifi
07-05 00:41:26.225   956   990 E BatteryExternalStatsWorker: no controller energy info supplied for wifi
07-05 00:41:26.226   956   990 E BatteryExternalStatsWorker: no controller energy info supplied for bluetooth
07-05 00:41:26.301   956   990 E BatteryExternalStatsWorker: no controller energy info supplied for wifi
07-05 00:41:26.422   956   990 E BatteryExternalStatsWorker: no controller energy info supplied for wifi
07-05 00:41:26.423   956   990 E BatteryExternalStatsWorker: no controller energy info supplied for bluetooth
07-05 00:41:32.580   956   990 E BatteryExternalStatsWorker: no controller energy info supplied for wifi
07-05 00:46:01.264   956   990 E BatteryExternalStatsWorker: no controller energy info supplied for wifi
07-05 00:46:01.518   956   990 E BatteryExternalStatsWorker: no controller energy info supplied for wifi
07-05 00:47:24.226   956   990 E BatteryExternalStatsWorker: no controller energy info supplied for wifi
07-05 00:48:55.237   956   990 E BatteryExternalStatsWorker: no controller energy info supplied for wifi
07-05 00:48:55.237   956   990 E BatteryExternalStatsWorker: no controller energy info supplied for bluetooth
07-05 00:48:55.427   956   990 E BatteryExternalStatsWorker: no controller energy info supplied for wifi
07-05 00:48:55.442   956   990 E BatteryExternalStatsWorker: no controller energy info supplied for bluetooth
07-05 00:48:56.364   956   990 E BatteryExternalStatsWorker: no controller energy info supplied for wifi
07-05 00:48:57.340   956   987 W BroadcastQueue: Background execution not allowed: receiving Intent { act=android.intent.action.DROPBOX_ENTRY_ADDED flg=0x11 (has extras) } to com.google.android.gms/.stats.service.DropBoxEntryAddedReceiver
07-05 00:48:57.340   956   987 W BroadcastQueue: Background execution not allowed: receiving Intent { act=android.intent.action.DROPBOX_ENTRY_ADDED flg=0x11 (has extras) } to com.google.android.gms/.chimera.GmsIntentOperationService$PersistentTrustedReceiver
07-05 00:48:58.421   956   990 E BatteryExternalStatsWorker: no controller energy info supplied for wifi
07-05 00:48:58.421   956   990 E BatteryExternalStatsWorker: no controller energy info supplied for bluetooth
07-05 00:49:05.356   956  2281 W ActivityManager: No permission grants found for com.google.android.apps.photos
07-05 00:49:05.357   956  2281 W ActivityManager: No permission grants found for com.google.android.apps.photos
07-05 00:49:06.228   956  5570 W ActivityManager: No permission grants found for com.google.android.apps.photos
07-05 00:49:06.391   956  5570 I chatty  : uid=1000(system) Binder:956_1C identical 4 lines
07-05 00:49:06.392   956  5570 W ActivityManager: No permission grants found for com.google.android.apps.photos
07-05 00:49:06.579   956  2281 W ActivityManager: No permission grants found for com.google.android.apps.photos
07-05 00:49:06.580   956  2281 W ActivityManager: No permission grants found for com.google.android.apps.photos
07-05 00:49:50.305   956   990 E BatteryExternalStatsWorker: no controller energy info supplied for wifi
07-05 00:50:10.234   956   990 I chatty  : uid=1000(system) batterystats-wo identical 2 lines
07-05 00:51:04.516   956   990 E BatteryExternalStatsWorker: no controller energy info supplied for wifi
07-05 00:52:54.077   956   990 E BatteryExternalStatsWorker: no controller energy info supplied for wifi
07-05 00:52:54.084   956   988 W Looper  : Dispatch took 428ms on android.ui, h=Handler (com.android.server.am.ActivityManagerService$UiHandler) {e225033} cb=null msg=53
07-05 00:52:54.383   956   990 E BatteryExternalStatsWorker: no controller energy info supplied for wifi
07-05 00:54:26.537   956   990 I chatty  : uid=1000(system) batterystats-wo identical 2 lines
07-05 00:54:26.550   956   990 E BatteryExternalStatsWorker: no controller energy info supplied for wifi
07-05 00:56:01.294   956   990 E BatteryExternalStatsWorker: no controller energy info supplied for wifi
07-05 00:56:57.994   956   990 I chatty  : uid=1000(system) batterystats-wo identical 1 line
07-05 00:56:58.177   956   990 E BatteryExternalStatsWorker: no controller energy info supplied for wifi
07-05 00:59:30.266   956   990 E BatteryExternalStatsWorker: no controller energy info supplied for wifi
07-05 00:59:30.312   956   990 E BatteryExternalStatsWorker: no controller energy info supplied for wifi
07-05 01:01:31.473   956   990 E BatteryExternalStatsWorker: no controller energy info supplied for wifi
07-05 01:01:31.607   956   990 I chatty  : uid=1000(system) batterystats-wo identical 1 line
07-05 01:02:25.228   956   990 E BatteryExternalStatsWorker: no controller energy info supplied for wifi
07-05 01:04:07.230   956   990 E BatteryExternalStatsWorker: no controller energy info supplied for wifi
07-05 01:04:07.299   956   990 E BatteryExternalStatsWorker: no controller energy info supplied for bluetooth
07-05 01:04:07.417   956   990 E BatteryExternalStatsWorker: no controller energy info supplied for wifi
07-05 01:04:07.447   956   990 E BatteryExternalStatsWorker: no controller energy info supplied for wifi
07-05 01:04:07.450   956   990 E BatteryExternalStatsWorker: no controller energy info supplied for bluetooth
07-05 01:04:07.477   956   990 E KernelUidCpuTimeReader: Malformed cpu data for UID=10037!
07-05 01:04:07.477   956   990 E KernelUidCpuTimeReader: Time between reads: +148ms
07-05 01:04:07.477   956   990 E KernelUidCpuTimeReader: Previous times: u=+2m39s540ms s=+26s430ms
07-05 01:04:07.477   956   990 E KernelUidCpuTimeReader: Current times: u=+2m39s50ms s=+26s260ms
07-05 01:04:07.477   956   990 E KernelUidCpuTimeReader: Delta: u=-490ms s=-170ms
07-05 01:06:02.228   956   990 E BatteryExternalStatsWorker: no controller energy info supplied for wifi
07-05 01:06:02.272   956   990 E BatteryExternalStatsWorker: no controller energy info supplied for wifi
07-05 01:08:08.315   956   990 E BatteryExternalStatsWorker: no controller energy info supplied for wifi
07-05 01:08:08.500   956   990 E BatteryExternalStatsWorker: no controller energy info supplied for wifi
07-05 01:11:32.647   956   990 E BatteryExternalStatsWorker: no controller energy info supplied for wifi
07-05 01:16:01.230   956   990 E BatteryExternalStatsWorker: no controller energy info supplied for wifi
07-05 01:16:01.499   956   990 I chatty  : uid=1000(system) batterystats-wo identical 2 lines
07-05 01:17:01.219   956   990 E BatteryExternalStatsWorker: no controller energy info supplied for wifi
07-05 01:21:31.532   956   990 E BatteryExternalStatsWorker: no controller energy info supplied for wifi
07-05 01:26:01.225   956   990 E BatteryExternalStatsWorker: no controller energy info supplied for wifi
07-05 01:26:01.225   956   990 E BatteryExternalStatsWorker: no controller energy info supplied for bluetooth
07-05 01:26:01.321   956   990 E BatteryExternalStatsWorker: no controller energy info supplied for wifi
07-05 01:26:01.343   956   990 E BatteryExternalStatsWorker: no controller energy info supplied for wifi
07-05 01:26:01.345   956   990 E BatteryExternalStatsWorker: no controller energy info supplied for bluetooth
07-05 01:26:01.538   956   990 E BatteryExternalStatsWorker: no controller energy info supplied for wifi
07-05 01:26:21.099   956   990 I chatty  : uid=1000(system) batterystats-wo identical 1 line
07-05 01:26:21.530   956   990 E BatteryExternalStatsWorker: no controller energy info supplied for wifi
07-05 01:31:31.462   956   990 E BatteryExternalStatsWorker: no controller energy info supplied for wifi
07-05 01:33:08.229   956   990 E BatteryExternalStatsWorker: no controller energy info supplied for wifi
07-05 01:33:08.271   956   990 I chatty  : uid=1000(system) batterystats-wo identical 1 line
07-05 01:33:08.492   956   990 E BatteryExternalStatsWorker: no controller energy info supplied for wifi
07-05 01:36:01.233   956   990 E BatteryExternalStatsWorker: no controller energy info supplied for wifi
07-05 01:36:19.885   956   990 I chatty  : uid=1000(system) batterystats-wo identical 2 lines
07-05 01:36:20.068   956   990 E BatteryExternalStatsWorker: no controller energy info supplied for wifi
07-05 01:41:28.224   956   990 E BatteryExternalStatsWorker: no controller energy info supplied for wifi
07-05 01:41:28.225   956   990 E BatteryExternalStatsWorker: no controller energy info supplied for bluetooth
07-05 01:41:28.307   956   990 E BatteryExternalStatsWorker: no controller energy info supplied for wifi
07-05 01:41:28.395   956   990 I chatty  : uid=1000(system) batterystats-wo identical 1 line
07-05 01:41:28.403   956   990 E BatteryExternalStatsWorker: no controller energy info supplied for wifi
07-05 01:41:28.403   956   990 E BatteryExternalStatsWorker: no controller energy info supplied for bluetooth
07-05 01:46:01.257   956   990 E BatteryExternalStatsWorker: no controller energy info supplied for wifi
07-05 01:46:01.494   956   990 E BatteryExternalStatsWorker: no controller energy info supplied for wifi
07-05 01:47:28.220   956   990 E BatteryExternalStatsWorker: no controller energy info supplied for wifi
07-05 01:51:31.545   956   990 E BatteryExternalStatsWorker: no controller energy info supplied for wifi
07-05 01:56:01.227   956   990 E BatteryExternalStatsWorker: no controller energy info supplied for wifi
07-05 01:56:01.227   956   990 E BatteryExternalStatsWorker: no controller energy info supplied for bluetooth
07-05 01:56:01.281   956   990 E BatteryExternalStatsWorker: no controller energy info supplied for wifi
07-05 01:56:01.335   956   990 E BatteryExternalStatsWorker: no controller energy info supplied for wifi
07-05 01:56:01.336   956   990 E BatteryExternalStatsWorker: no controller energy info supplied for bluetooth
07-05 01:56:01.445   956  1408 W ActivityManager: Scheduling restart of crashed service com.google.android.googlequicksearchbox/com.google.android.apps.gsa.shared.util.keepalive.StandaloneKeepAlive$KeepAliveService in 1000ms
07-05 01:56:01.488   956   990 E BatteryExternalStatsWorker: no controller energy info supplied for wifi
07-05 02:00:02.226   956   990 E BatteryExternalStatsWorker: no controller energy info supplied for wifi
07-05 02:00:02.338   956   990 E BatteryExternalStatsWorker: no controller energy info supplied for wifi
07-05 02:00:03.000   956   987 W BroadcastQueue: Background execution not allowed: receiving Intent { act=android.intent.action.DROPBOX_ENTRY_ADDED flg=0x11 (has extras) } to com.google.android.gms/.stats.service.DropBoxEntryAddedReceiver
07-05 02:00:03.001   956   987 W BroadcastQueue: Background execution not allowed: receiving Intent { act=android.intent.action.DROPBOX_ENTRY_ADDED flg=0x11 (has extras) } to com.google.android.gms/.chimera.GmsIntentOperationService$PersistentTrustedReceiver
07-05 02:00:03.743   956   987 W BroadcastQueue: Background execution not allowed: receiving Intent { act=android.intent.action.DROPBOX_ENTRY_ADDED flg=0x11 (has extras) } to com.google.android.gms/.stats.service.DropBoxEntryAddedReceiver
07-05 02:00:03.743   956   987 W BroadcastQueue: Background execution not allowed: receiving Intent { act=android.intent.action.DROPBOX_ENTRY_ADDED flg=0x11 (has extras) } to com.google.android.gms/.chimera.GmsIntentOperationService$PersistentTrustedReceiver
07-05 02:00:04.096 30084 30143 E ActivityThread: Failed to find provider info for com.facebook.appmanager.nekodirect
07-05 02:00:07.038   956   988 W Looper  : Dispatch took 110ms on android.ui, h=Handler (com.android.server.am.ActivityManagerService$UiHandler) {e225033} cb=null msg=53
07-05 02:00:11.201   956   987 W ProcessCpuTracker: Skipping unknown process pid 30359
07-05 02:00:18.952 30816 30844 E ActivityThread: Failed to find provider info for com.facebook.appmanager.nekodirect
07-05 02:01:31.420   956   990 E BatteryExternalStatsWorker: no controller energy info supplied for wifi
07-05 02:04:03.905   956   990 E BatteryExternalStatsWorker: no controller energy info supplied for wifi
07-05 02:06:01.228   956   990 E BatteryExternalStatsWorker: no controller energy info supplied for wifi
07-05 02:06:01.300   956   990 E BatteryExternalStatsWorker: no controller energy info supplied for wifi
07-05 02:11:31.653   956   990 E BatteryExternalStatsWorker: no controller energy info supplied for wifi
07-05 02:11:31.797   956   990 E BatteryExternalStatsWorker: no controller energy info supplied for wifi
07-05 02:16:02.270   956   990 E BatteryExternalStatsWorker: no controller energy info supplied for wifi
07-05 02:16:02.497   956   990 E BatteryExternalStatsWorker: no controller energy info supplied for wifi
07-05 02:17:30.225   956   990 E BatteryExternalStatsWorker: no controller energy info supplied for wifi
07-05 02:21:32.684   956   990 E BatteryExternalStatsWorker: no controller energy info supplied for wifi
07-05 02:26:02.228   956   990 E BatteryExternalStatsWorker: no controller energy info supplied for wifi
07-05 02:26:02.289   956   990 E BatteryExternalStatsWorker: no controller energy info supplied for bluetooth
07-05 02:26:02.350   956   990 E BatteryExternalStatsWorker: no controller energy info supplied for wifi
07-05 02:26:02.407   956   990 E BatteryExternalStatsWorker: no controller energy info supplied for wifi
07-05 02:26:02.408   956   990 E BatteryExternalStatsWorker: no controller energy info supplied for bluetooth
07-05 02:26:02.500   956   990 E BatteryExternalStatsWorker: no controller energy info supplied for wifi
07-05 02:29:24.264   956   990 E BatteryExternalStatsWorker: no controller energy info supplied for wifi
07-05 02:31:32.758   956   990 E BatteryExternalStatsWorker: no controller energy info supplied for wifi
07-05 02:32:31.220   956   990 E BatteryExternalStatsWorker: no controller energy info supplied for wifi
07-05 02:36:02.230   956   990 E BatteryExternalStatsWorker: no controller energy info supplied for wifi
07-05 02:36:02.258   956   990 I chatty  : uid=1000(system) batterystats-wo identical 1 line
07-05 02:36:02.512   956   990 E BatteryExternalStatsWorker: no controller energy info supplied for wifi
07-05 02:41:29.224   956   990 E BatteryExternalStatsWorker: no controller energy info supplied for wifi
07-05 02:41:29.224   956   990 E BatteryExternalStatsWorker: no controller energy info supplied for bluetooth
07-05 02:41:29.272   956   990 E BatteryExternalStatsWorker: no controller energy info supplied for wifi
07-05 02:41:29.408   956   990 E BatteryExternalStatsWorker: no controller energy info supplied for wifi
07-05 02:41:29.409   956   990 E BatteryExternalStatsWorker: no controller energy info supplied for bluetooth
07-05 02:41:30.150   956   990 E BatteryExternalStatsWorker: no controller energy info supplied for wifi
07-05 02:46:02.232   956   990 E BatteryExternalStatsWorker: no controller energy info supplied for wifi
07-05 02:46:02.243   956   990 E BatteryExternalStatsWorker: no controller energy info supplied for wifi
07-05 02:47:32.251   956   990 E BatteryExternalStatsWorker: no controller energy info supplied for wifi
07-05 02:51:32.698   956   990 E BatteryExternalStatsWorker: no controller energy info supplied for wifi
07-05 02:53:05.245   956   990 E BatteryExternalStatsWorker: no controller energy info supplied for wifi
07-05 02:53:05.266   956   990 E BatteryExternalStatsWorker: no controller energy info supplied for wifi
07-05 02:53:05.267   956   990 E BatteryExternalStatsWorker: no controller energy info supplied for bluetooth
07-05 02:56:01.233   956   990 E BatteryExternalStatsWorker: no controller energy info supplied for wifi
07-05 02:56:01.233   956   990 E BatteryExternalStatsWorker: no controller energy info supplied for bluetooth
07-05 02:56:01.281   956   990 E BatteryExternalStatsWorker: no controller energy info supplied for wifi
07-05 02:56:01.350   956   990 E BatteryExternalStatsWorker: no controller energy info supplied for wifi
07-05 02:56:01.351   956   990 E BatteryExternalStatsWorker: no controller energy info supplied for bluetooth
07-05 02:58:15.228   956   990 E BatteryExternalStatsWorker: no controller energy info supplied for wifi
07-05 02:59:04.723   956   990 I chatty  : uid=1000(system) batterystats-wo identical 2 lines
07-05 02:59:04.910   956   990 E BatteryExternalStatsWorker: no controller energy info supplied for wifi
07-05 03:01:31.565   956   990 E BatteryExternalStatsWorker: no controller energy info supplied for wifi
07-05 03:01:31.749   956   990 E BatteryExternalStatsWorker: no controller energy info supplied for wifi
07-05 03:02:33.219   956   990 E BatteryExternalStatsWorker: no controller energy info supplied for wifi
07-05 03:02:33.219   956   990 E BatteryExternalStatsWorker: no controller energy info supplied for bluetooth
07-05 03:02:33.270   956   990 E BatteryExternalStatsWorker: no controller energy info supplied for wifi
07-05 03:06:01.302   956   990 E BatteryExternalStatsWorker: no controller energy info supplied for wifi
07-05 03:06:05.505   956  5994 W ActivityManager: Unable to start service Intent { act=com.android.calendar.RECEIVE_AD_ZIP_PATH pkg=com.android.calendar (has extras) } U=0: not found
07-05 03:08:06.977   956   990 E BatteryExternalStatsWorker: no controller energy info supplied for wifi
07-05 03:10:03.062   956   990 I chatty  : uid=1000(system) batterystats-wo identical 4 lines
07-05 03:10:03.243   956   990 E BatteryExternalStatsWorker: no controller energy info supplied for wifi
07-05 03:11:31.535   956   990 E BatteryExternalStatsWorker: no controller energy info supplied for wifi
07-05 03:11:31.719   956   990 E BatteryExternalStatsWorker: no controller energy info supplied for wifi
07-05 03:16:01.262   956   990 E BatteryExternalStatsWorker: no controller energy info supplied for wifi
07-05 03:16:01.500   956   990 E BatteryExternalStatsWorker: no controller energy info supplied for wifi
07-05 03:17:34.271   956   990 E BatteryExternalStatsWorker: no controller energy info supplied for wifi
07-05 03:21:31.691   956   990 E BatteryExternalStatsWorker: no controller energy info supplied for wifi
07-05 03:26:02.255   956   990 E BatteryExternalStatsWorker: no controller energy info supplied for wifi
07-05 03:26:02.255   956   990 E BatteryExternalStatsWorker: no controller energy info supplied for bluetooth
07-05 03:26:02.318   956   990 E BatteryExternalStatsWorker: no controller energy info supplied for wifi
07-05 03:26:02.388   956   990 E BatteryExternalStatsWorker: no controller energy info supplied for wifi
07-05 03:26:02.388   956   990 E BatteryExternalStatsWorker: no controller energy info supplied for bluetooth
07-05 03:27:07.228   956   990 E BatteryExternalStatsWorker: no controller energy info supplied for wifi
07-05 03:27:07.237   956   990 E BatteryExternalStatsWorker: no controller energy info supplied for wifi
07-05 03:29:05.966   956   990 E BatteryExternalStatsWorker: no controller energy info supplied for wifi
07-05 03:29:06.154   956   990 I chatty  : uid=1000(system) batterystats-wo identical 1 line
07-05 03:30:05.868   956   990 E BatteryExternalStatsWorker: no controller energy info supplied for wifi
07-05 03:31:32.682   956   990 E BatteryExternalStatsWorker: no controller energy info supplied for wifi
07-05 03:32:35.263   956   990 E BatteryExternalStatsWorker: no controller energy info supplied for wifi
07-05 03:36:02.226   956   990 E BatteryExternalStatsWorker: no controller energy info supplied for wifi
07-05 03:41:30.228   956   990 E BatteryExternalStatsWorker: no controller energy info supplied for wifi
07-05 03:41:30.228   956   990 E BatteryExternalStatsWorker: no controller energy info supplied for bluetooth
07-05 03:41:30.288   956   990 E BatteryExternalStatsWorker: no controller energy info supplied for wifi
07-05 03:41:30.349   956   990 E BatteryExternalStatsWorker: no controller energy info supplied for wifi
07-05 03:41:30.350   956   990 E BatteryExternalStatsWorker: no controller energy info supplied for bluetooth
07-05 03:41:32.657   956   990 E BatteryExternalStatsWorker: no controller energy info supplied for wifi
07-05 03:46:02.236   956   990 E BatteryExternalStatsWorker: no controller energy info supplied for wifi
07-05 03:46:02.245   956   990 E BatteryExternalStatsWorker: no controller energy info supplied for wifi
07-05 03:47:36.225   956   990 E BatteryExternalStatsWorker: no controller energy info supplied for wifi
07-05 03:51:08.791   956   990 I chatty  : uid=1000(system) batterystats-wo identical 10 lines
07-05 03:51:08.817   956   990 E BatteryExternalStatsWorker: no controller energy info supplied for wifi
07-05 03:51:32.417 16852 16852 W Looper  : Slow Frame: doFrame is 360ms late
07-05 03:52:21.903   956   990 E BatteryExternalStatsWorker: no controller energy info supplied for wifi
07-05 03:53:21.806   956   990 I chatty  : uid=1000(system) batterystats-wo identical 4 lines
07-05 03:53:22.107   956   990 E BatteryExternalStatsWorker: no controller energy info supplied for wifi
07-05 03:56:02.226   956   990 E BatteryExternalStatsWorker: no controller energy info supplied for wifi
07-05 03:56:02.226   956   990 E BatteryExternalStatsWorker: no controller energy info supplied for bluetooth
07-05 03:56:02.277   956   990 E BatteryExternalStatsWorker: no controller energy info supplied for wifi
07-05 03:56:02.332   956   990 E BatteryExternalStatsWorker: no controller energy info supplied for wifi
07-05 03:56:02.333   956   990 E BatteryExternalStatsWorker: no controller energy info supplied for bluetooth
07-05 03:58:46.550   956   990 E BatteryExternalStatsWorker: no controller energy info supplied for wifi
07-05 03:59:42.741   956   990 I chatty  : uid=1000(system) batterystats-wo identical 2 lines
07-05 03:59:50.574   956   990 E BatteryExternalStatsWorker: no controller energy info supplied for wifi
07-05 03:59:51.187   956   987 W BroadcastQueue: Background execution not allowed: receiving Intent { act=android.intent.action.DROPBOX_ENTRY_ADDED flg=0x11 (has extras) } to com.google.android.gms/.stats.service.DropBoxEntryAddedReceiver
07-05 03:59:51.189   956   987 W BroadcastQueue: Background execution not allowed: receiving Intent { act=android.intent.action.DROPBOX_ENTRY_ADDED flg=0x11 (has extras) } to com.google.android.gms/.chimera.GmsIntentOperationService$PersistentTrustedReceiver
07-05 03:59:51.441   956   987 W BroadcastQueue: Background execution not allowed: receiving Intent { act=android.intent.action.DROPBOX_ENTRY_ADDED flg=0x11 (has extras) } to com.google.android.gms/.stats.service.DropBoxEntryAddedReceiver
07-05 03:59:51.441   956   987 W BroadcastQueue: Background execution not allowed: receiving Intent { act=android.intent.action.DROPBOX_ENTRY_ADDED flg=0x11 (has extras) } to com.google.android.gms/.chimera.GmsIntentOperationService$PersistentTrustedReceiver
07-05 03:59:55.042   956  4856 W ActivityManager: Scheduling restart of crashed service com.google.android.googlequicksearchbox/com.google.android.apps.gsa.tasks.BackgroundTasksJobService in 1000ms
07-05 03:59:56.386   956   990 E BatteryExternalStatsWorker: no controller energy info supplied for wifi
07-05 03:59:56.386   956   990 E BatteryExternalStatsWorker: no controller energy info supplied for bluetooth
07-05 03:59:57.893 31253 31253 E SchedPolicy: set_timerslack_ns write failed: Operation not permitted
07-05 04:00:04.561 31338 31372 W PackageParser: Failed to parse /storage/emulated/0/Android/data/com.xiaomi.discover/files/apk/AutoUpdate/Downloads_9.07.23.10_90723100.apk
07-05 04:00:04.561 31338 31372 W PackageParser: java.io.FileNotFoundException: AndroidManifest.xml
07-05 04:00:04.561 31338 31372 W PackageParser: 	at android.content.res.AssetManager.openXmlAssetNative(Native Method)
07-05 04:00:04.561 31338 31372 W PackageParser: 	at android.content.res.AssetManager.openXmlBlockAsset(AssetManager.java:550)
07-05 04:00:04.561 31338 31372 W PackageParser: 	at android.content.res.AssetManager.openXmlResourceParser(AssetManager.java:518)
07-05 04:00:04.561 31338 31372 W PackageParser: 	at android.content.pm.PackageParser.parseApkLite(PackageParser.java:1740)
07-05 04:00:04.561 31338 31372 W PackageParser: 	at android.content.pm.PackageParser.parseMonolithicPackageLite(PackageParser.java:888)
07-05 04:00:04.561 31338 31372 W PackageParser: 	at android.content.pm.PackageParser.parseMonolithicPackage(PackageParser.java:1276)
07-05 04:00:04.561 31338 31372 W PackageParser: 	at android.content.pm.PackageManager.getPackageArchiveInfo(PackageManager.java:4745)
07-05 04:00:04.561 31338 31372 W PackageParser: 	at com.miui.optimizecenter.m.e.d(AndroidUtils.java:4)
07-05 04:00:04.561 31338 31372 W PackageParser: 	at com.miui.optimizecenter.manager.engine.mi.scanner.ApkScanner.startScan(ApkScanner.java:14)
07-05 04:00:04.561 31338 31372 W PackageParser: 	at com.miui.optimizecenter.manager.engine.mi.scanner.AbsScanner.run(AbsScanner.java:1)
07-05 04:00:04.561 31338 31372 W PackageParser: 	at java.util.concurrent.ThreadPoolExecutor.runWorker(ThreadPoolExecutor.java:1162)
07-05 04:00:04.561 31338 31372 W PackageParser: 	at java.util.concurrent.ThreadPoolExecutor$Worker.run(ThreadPoolExecutor.java:636)
07-05 04:00:04.561 31338 31372 W PackageParser: 	at com.miui.optimizecenter.g.run(CleanMasterTaskManager.java:2)
07-05 04:00:04.561 31338 31372 W PackageParser: 	at java.lang.Thread.run(Thread.java:764)
07-05 04:00:04.643 31338 31372 W PackageParser: Failed to parse /storage/emulated/0/Android/data/com.xiaomi.discover/files/apk/AutoUpdate/GetApps_15.6.1_4001561-1.apk
07-05 04:00:04.643 31338 31372 W PackageParser: java.io.FileNotFoundException: AndroidManifest.xml
07-05 04:00:04.643 31338 31372 W PackageParser: 	at android.content.res.AssetManager.openXmlAssetNative(Native Method)
07-05 04:00:04.643 31338 31372 W PackageParser: 	at android.content.res.AssetManager.openXmlBlockAsset(AssetManager.java:550)
07-05 04:00:04.643 31338 31372 W PackageParser: 	at android.content.res.AssetManager.openXmlResourceParser(AssetManager.java:518)
07-05 04:00:04.643 31338 31372 W PackageParser: 	at android.content.pm.PackageParser.parseApkLite(PackageParser.java:1740)
07-05 04:00:04.643 31338 31372 W PackageParser: 	at android.content.pm.PackageParser.parseMonolithicPackageLite(PackageParser.java:888)
07-05 04:00:04.643 31338 31372 W PackageParser: 	at android.content.pm.PackageParser.parseMonolithicPackage(PackageParser.java:1276)
07-05 04:00:04.643 31338 31372 W PackageParser: 	at android.content.pm.PackageManager.getPackageArchiveInfo(PackageManager.java:4745)
07-05 04:00:04.643 31338 31372 W PackageParser: 	at com.miui.optimizecenter.m.e.d(AndroidUtils.java:4)
07-05 04:00:04.643 31338 31372 W PackageParser: 	at com.miui.optimizecenter.manager.engine.mi.scanner.ApkScanner.startScan(ApkScanner.java:14)
07-05 04:00:04.643 31338 31372 W PackageParser: 	at com.miui.optimizecenter.manager.engine.mi.scanner.AbsScanner.run(AbsScanner.java:1)
07-05 04:00:04.643 31338 31372 W PackageParser: 	at java.util.concurrent.ThreadPoolExecutor.runWorker(ThreadPoolExecutor.java:1162)
07-05 04:00:04.643 31338 31372 W PackageParser: 	at java.util.concurrent.ThreadPoolExecutor$Worker.run(ThreadPoolExecutor.java:636)
07-05 04:00:04.643 31338 31372 W PackageParser: 	at com.miui.optimizecenter.g.run(CleanMasterTaskManager.java:2)
07-05 04:00:04.643 31338 31372 W PackageParser: 	at java.lang.Thread.run(Thread.java:764)
07-05 04:00:04.875 31338 31372 W PackageParser: Unknown element under <manifest>: queries at /storage/emulated/0/Android/data/com.xiaomi.discover/files/apk/AutoUpdate/Themes_1.6.5.5-global_1060505.apk Binary XML file line #78
07-05 04:00:04.953 31338 31372 W PackageParser: Failed to parse /storage/emulated/0/Android/data/com.xiaomi.discover/files/apk/System launcher_RELEASE-4.15.0.1436-02271549_41501436.apk
07-05 04:00:04.953 31338 31372 W PackageParser: java.io.FileNotFoundException: AndroidManifest.xml
07-05 04:00:04.953 31338 31372 W PackageParser: 	at android.content.res.AssetManager.openXmlAssetNative(Native Method)
07-05 04:00:04.953 31338 31372 W PackageParser: 	at android.content.res.AssetManager.openXmlBlockAsset(AssetManager.java:550)
07-05 04:00:04.953 31338 31372 W PackageParser: 	at android.content.res.AssetManager.openXmlResourceParser(AssetManager.java:518)
07-05 04:00:04.953 31338 31372 W PackageParser: 	at android.content.pm.PackageParser.parseApkLite(PackageParser.java:1740)
07-05 04:00:04.953 31338 31372 W PackageParser: 	at android.content.pm.PackageParser.parseMonolithicPackageLite(PackageParser.java:888)
07-05 04:00:04.953 31338 31372 W PackageParser: 	at android.content.pm.PackageParser.parseMonolithicPackage(PackageParser.java:1276)
07-05 04:00:04.953 31338 31372 W PackageParser: 	at android.content.pm.PackageManager.getPackageArchiveInfo(PackageManager.java:4745)
07-05 04:00:04.953 31338 31372 W PackageParser: 	at com.miui.optimizecenter.m.e.d(AndroidUtils.java:4)
07-05 04:00:04.953 31338 31372 W PackageParser: 	at com.miui.optimizecenter.manager.engine.mi.scanner.ApkScanner.startScan(ApkScanner.java:14)
07-05 04:00:04.953 31338 31372 W PackageParser: 	at com.miui.optimizecenter.manager.engine.mi.scanner.AbsScanner.run(AbsScanner.java:1)
07-05 04:00:04.953 31338 31372 W PackageParser: 	at java.util.concurrent.ThreadPoolExecutor.runWorker(ThreadPoolExecutor.java:1162)
07-05 04:00:04.953 31338 31372 W PackageParser: 	at java.util.concurrent.ThreadPoolExecutor$Worker.run(ThreadPoolExecutor.java:636)
07-05 04:00:04.953 31338 31372 W PackageParser: 	at com.miui.optimizecenter.g.run(CleanMasterTaskManager.java:2)
07-05 04:00:04.953 31338 31372 W PackageParser: 	at java.lang.Thread.run(Thread.java:764)
07-05 04:00:07.535   956   988 W Looper  : Dispatch took 177ms on android.ui, h=Handler (com.android.server.am.ActivityManagerService$UiHandler) {e225033} cb=null msg=53
07-05 04:00:07.899   358 31462 W vold    : Failed to open /persist: Permission denied
07-05 04:00:07.911   956   987 W BroadcastQueue: Background execution not allowed: receiving Intent { act=android.intent.action.DROPBOX_ENTRY_ADDED flg=0x11 (has extras) } to com.google.android.gms/.stats.service.DropBoxEntryAddedReceiver
07-05 04:00:07.911   956   987 W BroadcastQueue: Background execution not allowed: receiving Intent { act=android.intent.action.DROPBOX_ENTRY_ADDED flg=0x11 (has extras) } to com.google.android.gms/.chimera.GmsIntentOperationService$PersistentTrustedReceiver
07-05 04:00:07.923   956   987 W BroadcastQueue: Background execution not allowed: receiving Intent { act=android.intent.action.DROPBOX_ENTRY_ADDED flg=0x11 (has extras) } to com.google.android.gms/.stats.service.DropBoxEntryAddedReceiver
07-05 04:00:07.923   956   987 W BroadcastQueue: Background execution not allowed: receiving Intent { act=android.intent.action.DROPBOX_ENTRY_ADDED flg=0x11 (has extras) } to com.google.android.gms/.chimera.GmsIntentOperationService$PersistentTrustedReceiver
07-05 04:00:07.936   956   987 W BroadcastQueue: Background execution not allowed: receiving Intent { act=android.intent.action.DROPBOX_ENTRY_ADDED flg=0x11 (has extras) } to com.google.android.gms/.stats.service.DropBoxEntryAddedReceiver
07-05 04:00:07.937   956   987 W BroadcastQueue: Background execution not allowed: receiving Intent { act=android.intent.action.DROPBOX_ENTRY_ADDED flg=0x11 (has extras) } to com.google.android.gms/.chimera.GmsIntentOperationService$PersistentTrustedReceiver
07-05 04:00:07.941   956   987 W BroadcastQueue: Background execution not allowed: receiving Intent { act=android.intent.action.DROPBOX_ENTRY_ADDED flg=0x11 (has extras) } to com.google.android.gms/.stats.service.DropBoxEntryAddedReceiver
07-05 04:00:07.941   956   987 W BroadcastQueue: Background execution not allowed: receiving Intent { act=android.intent.action.DROPBOX_ENTRY_ADDED flg=0x11 (has extras) } to com.google.android.gms/.chimera.GmsIntentOperationService$PersistentTrustedReceiver
07-05 04:00:07.942   956   987 W BroadcastQueue: Background execution not allowed: receiving Intent { act=android.intent.action.DROPBOX_ENTRY_ADDED flg=0x11 (has extras) } to com.google.android.gms/.stats.service.DropBoxEntryAddedReceiver
07-05 04:00:07.942   956   987 W BroadcastQueue: Background execution not allowed: receiving Intent { act=android.intent.action.DROPBOX_ENTRY_ADDED flg=0x11 (has extras) } to com.google.android.gms/.chimera.GmsIntentOperationService$PersistentTrustedReceiver
07-05 04:00:07.944   956   987 W BroadcastQueue: Background execution not allowed: receiving Intent { act=android.intent.action.DROPBOX_ENTRY_ADDED flg=0x11 (has extras) } to com.google.android.gms/.stats.service.DropBoxEntryAddedReceiver
07-05 04:00:07.944   956   987 W BroadcastQueue: Background execution not allowed: receiving Intent { act=android.intent.action.DROPBOX_ENTRY_ADDED flg=0x11 (has extras) } to com.google.android.gms/.chimera.GmsIntentOperationService$PersistentTrustedReceiver
07-05 04:01:32.507   956   990 E BatteryExternalStatsWorker: no controller energy info supplied for wifi
07-05 04:03:52.375   956   990 E BatteryExternalStatsWorker: no controller energy info supplied for wifi
07-05 04:06:01.228   956   990 E BatteryExternalStatsWorker: no controller energy info supplied for wifi
07-05 04:06:01.251   956   990 E BatteryExternalStatsWorker: no controller energy info supplied for wifi
07-05 04:11:31.812   956   990 E BatteryExternalStatsWorker: no controller energy info supplied for wifi
07-05 04:11:31.883   956   990 E BatteryExternalStatsWorker: no controller energy info supplied for wifi
07-05 04:15:17.525   956   990 E BatteryExternalStatsWorker: no controller energy info supplied for wifi
07-05 04:16:02.240   956   990 E BatteryExternalStatsWorker: no controller energy info supplied for wifi
07-05 04:17:38.224   956   990 E BatteryExternalStatsWorker: no controller energy info supplied for wifi
07-05 04:21:32.488   956   990 E BatteryExternalStatsWorker: no controller energy info supplied for wifi
07-05 04:26:01.227   956   990 E BatteryExternalStatsWorker: no controller energy info supplied for wifi
07-05 04:26:01.263   956   990 E BatteryExternalStatsWorker: no controller energy info supplied for bluetooth
07-05 04:26:01.326   956   990 E BatteryExternalStatsWorker: no controller energy info supplied for wifi
07-05 04:26:01.383   956   990 E BatteryExternalStatsWorker: no controller energy info supplied for wifi
07-05 04:26:01.384   956   990 E BatteryExternalStatsWorker: no controller energy info supplied for bluetooth
07-05 04:29:11.274   956   990 E BatteryExternalStatsWorker: no controller energy info supplied for wifi
07-05 04:29:11.289   956   990 E BatteryExternalStatsWorker: no controller energy info supplied for wifi
07-05 04:31:31.520   956   990 E BatteryExternalStatsWorker: no controller energy info supplied for wifi
07-05 04:31:31.688   956   990 E BatteryExternalStatsWorker: no controller energy info supplied for wifi
07-05 04:32:39.225   956   990 E BatteryExternalStatsWorker: no controller energy info supplied for wifi
07-05 04:36:02.236   956   990 E BatteryExternalStatsWorker: no controller energy info supplied for wifi
07-05 04:36:02.261   956   990 I chatty  : uid=1000(system) batterystats-wo identical 1 line
07-05 04:36:02.290   956   990 E BatteryExternalStatsWorker: no controller energy info supplied for wifi
07-05 04:41:31.222   956   990 E BatteryExternalStatsWorker: no controller energy info supplied for wifi
07-05 04:41:31.224   956   990 E BatteryExternalStatsWorker: no controller energy info supplied for bluetooth
07-05 04:41:31.273   956   990 E BatteryExternalStatsWorker: no controller energy info supplied for wifi
07-05 04:41:31.410   956   990 E BatteryExternalStatsWorker: no controller energy info supplied for wifi
07-05 04:41:31.410   956   990 E BatteryExternalStatsWorker: no controller energy info supplied for bluetooth
07-05 04:41:32.636   956   990 E BatteryExternalStatsWorker: no controller energy info supplied for wifi
07-05 04:46:02.222   956   990 E BatteryExternalStatsWorker: no controller energy info supplied for wifi
07-05 04:46:02.240   956   990 E BatteryExternalStatsWorker: no controller energy info supplied for wifi
07-05 04:47:40.262   956   990 E BatteryExternalStatsWorker: no controller energy info supplied for wifi
07-05 04:51:32.372   956   990 E BatteryExternalStatsWorker: no controller energy info supplied for wifi
07-05 04:51:32.406   956   990 I chatty  : uid=1000(system) batterystats-wo identical 1 line
07-05 04:51:32.550   956   990 E BatteryExternalStatsWorker: no controller energy info supplied for wifi
07-05 04:56:02.241   956   990 E BatteryExternalStatsWorker: no controller energy info supplied for wifi
07-05 04:56:02.243   956   990 E BatteryExternalStatsWorker: no controller energy info supplied for bluetooth
07-05 04:56:02.288   956   990 E BatteryExternalStatsWorker: no controller energy info supplied for wifi
07-05 04:56:02.354   956   990 E BatteryExternalStatsWorker: no controller energy info supplied for wifi
07-05 04:56:02.355   956   990 E BatteryExternalStatsWorker: no controller energy info supplied for bluetooth
07-05 04:56:20.528   956   990 E BatteryExternalStatsWorker: no controller energy info supplied for wifi
07-05 04:58:02.280   956   990 E BatteryExternalStatsWorker: no controller energy info supplied for wifi
07-05 05:01:32.685   956   990 E BatteryExternalStatsWorker: no controller energy info supplied for wifi
07-05 05:06:02.229   956   990 E BatteryExternalStatsWorker: no controller energy info supplied for wifi
07-05 05:06:19.887   956   990 I chatty  : uid=1000(system) batterystats-wo identical 1 line
07-05 05:06:20.064   956   990 E BatteryExternalStatsWorker: no controller energy info supplied for wifi
07-05 05:11:32.659   956   990 E BatteryExternalStatsWorker: no controller energy info supplied for wifi
07-05 05:14:18.081   956   990 E BatteryExternalStatsWorker: no controller energy info supplied for wifi
07-05 05:14:18.081   956   990 E BatteryExternalStatsWorker: no controller energy info supplied for bluetooth
07-05 05:16:01.227   956   990 E BatteryExternalStatsWorker: no controller energy info supplied for wifi
07-05 05:16:01.255   956   990 I chatty  : uid=1000(system) batterystats-wo identical 1 line
07-05 05:16:01.483   956   990 E BatteryExternalStatsWorker: no controller energy info supplied for wifi
07-05 05:17:42.224   956   990 E BatteryExternalStatsWorker: no controller energy info supplied for wifi
07-05 05:21:31.541   956   990 E BatteryExternalStatsWorker: no controller energy info supplied for wifi
07-05 05:26:01.237   956   990 E BatteryExternalStatsWorker: no controller energy info supplied for wifi
07-05 05:26:01.245   956   990 E BatteryExternalStatsWorker: no controller energy info supplied for wifi
07-05 05:26:01.246   956   990 E BatteryExternalStatsWorker: no controller energy info supplied for bluetooth
07-05 05:26:01.344   956   990 E BatteryExternalStatsWorker: no controller energy info supplied for wifi
07-05 05:26:01.359   956   990 E BatteryExternalStatsWorker: no controller energy info supplied for wifi
07-05 05:26:01.360   956   990 E BatteryExternalStatsWorker: no controller energy info supplied for bluetooth
07-05 05:26:53.262   956   990 E BatteryExternalStatsWorker: no controller energy info supplied for wifi
07-05 05:26:53.458   956   990 E BatteryExternalStatsWorker: no controller energy info supplied for wifi
07-05 05:31:31.941   956   990 E BatteryExternalStatsWorker: no controller energy info supplied for wifi
07-05 05:31:32.137   956   990 E BatteryExternalStatsWorker: no controller energy info supplied for wifi
07-05 05:32:43.257   956   990 E BatteryExternalStatsWorker: no controller energy info supplied for wifi
