07-04 12:48:16.242   956  4558 W PackageManager.DexOptimizer: Failed to dexopt
07-04 12:48:16.242   956  4558 W PackageManager.DexOptimizer: com.android.server.pm.Installer$InstallerException: android.os.ServiceSpecificException: Failed to dexopt (code 11)
07-04 12:48:16.242   956  4558 W PackageManager.DexOptimizer: 	at com.android.server.pm.Installer.dexopt(Installer.java:290)
07-04 12:48:16.242   956  4558 W PackageManager.DexOptimizer: 	at com.android.server.pm.PackageDexOptimizer.dexOptPath(PackageDexOptimizer.java:253)
07-04 12:48:16.242   956  4558 W PackageManager.DexOptimizer: 	at com.android.server.pm.PackageDexOptimizer.performDexOptLI(PackageDexOptimizer.java:204)
07-04 12:48:16.242   956  4558 W PackageManager.DexOptimizer: 	at com.android.server.pm.PackageDexOptimizer.performDexOpt(PackageDexOptimizer.java:126)
07-04 12:48:16.242   956  4558 W PackageManager.DexOptimizer: 	at com.android.server.pm.PackageManagerService.performDexOptInternalWithDependenciesLI(PackageManagerService.java:10500)
07-04 12:48:16.242   956  4558 W PackageManager.DexOptimizer: 	at com.android.server.pm.PackageManagerService.performDexOptInternal(PackageManagerService.java:10452)
07-04 12:48:16.242   956  4558 W PackageManager.DexOptimizer: 	at com.android.server.pm.PackageManagerService.performDexOptTraced(PackageManagerService.java:10430)
07-04 12:48:16.242   956  4558 W PackageManager.DexOptimizer: 	at com.android.server.pm.PackageManagerService.performDexOptWithStatus(PackageManagerService.java:10422)
07-04 12:48:16.242   956  4558 W PackageManager.DexOptimizer: 	at com.android.server.pm.BackgroundDexOptService.postBootUpdate(BackgroundDexOptService.java:227)
07-04 12:48:16.242   956  4558 W PackageManager.DexOptimizer: 	at com.android.server.pm.BackgroundDexOptService.-wrap1(Unknown Source:0)
07-04 12:48:16.242   956  4558 W PackageManager.DexOptimizer: 	at com.android.server.pm.BackgroundDexOptService$1.run(BackgroundDexOptService.java:177)
07-04 12:48:16.666   956  2192 W BroadcastQueueInjector: Unable to launch app com.miui.backup/9800 for broadcast Intent { act=android.intent.action.TIME_SET flg=0x25200011 }: process is not permitted to  auto start
07-04 12:48:16.730   956  2105 W BroadcastQueue: Background execution not allowed: receiving Intent { act=android.net.conn.NETWORK_CONDITIONS_MEASURED flg=0x11 (has extras) } to com.google.android.gms/.chimera.GmsIntentOperationService$PersistentTrustedReceiver
07-04 12:48:18.058  5501  5690 E ActivityThread: Failed to find provider info for com.facebook.appmanager.nekodirect
07-04 12:48:18.686   956  6015 W BroadcastQueue: Background execution not allowed: receiving Intent { act=android.intent.action.DROPBOX_ENTRY_ADDED flg=0x11 (has extras) } to com.google.android.gms/.stats.service.DropBoxEntryAddedReceiver
07-04 12:48:18.686   956   987 W BroadcastQueue: Background execution not allowed: receiving Intent { act=android.intent.action.DROPBOX_ENTRY_ADDED flg=0x11 (has extras) } to com.google.android.gms/.chimera.GmsIntentOperationService$PersistentTrustedReceiver
07-04 12:48:18.687   956   987 W BroadcastQueue: Background execution not allowed: receiving Intent { act=android.intent.action.DROPBOX_ENTRY_ADDED flg=0x11 (has extras) } to com.google.android.gms/.stats.service.DropBoxEntryAddedReceiver
07-04 12:48:18.687   956   987 W BroadcastQueue: Background execution not allowed: receiving Intent { act=android.intent.action.DROPBOX_ENTRY_ADDED flg=0x11 (has extras) } to com.google.android.gms/.chimera.GmsIntentOperationService$PersistentTrustedReceiver
07-04 12:48:18.687   956   987 W BroadcastQueue: Background execution not allowed: receiving Intent { act=android.intent.action.DROPBOX_ENTRY_ADDED flg=0x11 (has extras) } to com.google.android.gms/.stats.service.DropBoxEntryAddedReceiver
07-04 12:48:18.687   956   987 W BroadcastQueue: Background execution not allowed: receiving Intent { act=android.intent.action.DROPBOX_ENTRY_ADDED flg=0x11 (has extras) } to com.google.android.gms/.chimera.GmsIntentOperationService$PersistentTrustedReceiver
07-04 12:48:18.688   956   987 W BroadcastQueue: Background execution not allowed: receiving Intent { act=android.intent.action.DROPBOX_ENTRY_ADDED flg=0x11 (has extras) } to com.google.android.gms/.stats.service.DropBoxEntryAddedReceiver
07-04 12:48:18.688   956   987 W BroadcastQueue: Background execution not allowed: receiving Intent { act=android.intent.action.DROPBOX_ENTRY_ADDED flg=0x11 (has extras) } to com.google.android.gms/.chimera.GmsIntentOperationService$PersistentTrustedReceiver
07-04 12:48:23.845   956   956 W ContextImpl: Calling a method in the system process without a qualified user: android.app.ContextImpl.bindService:1567 com.miui.server.WMServiceConnection.bind:59 com.miui.server.WMServiceConnection.-wrap2:0 com.miui.server.WMServiceConnection$1.run:47 android.os.Handler.handleCallback:794 
07-04 12:48:23.846   956   956 W ActivityManager: Unable to start service Intent { act=com.miui.wmsvc.LINK pkg=com.miui.wmsvc } U=0: not found
07-04 12:48:23.846   956   956 E WMServiceConnection: Bind Inspector failed!
07-04 12:48:24.333  1748  1792 E ActivityThread: Failed to find provider info for instantapp-dev-manager
07-04 12:48:35.585   956  5994 W BroadcastQueue: Background execution not allowed: receiving Intent { act=com.google.android.location.internal.server.ACTION_RESTARTED flg=0x11 (has extras) } to com.google.android.gms/.chimera.GmsIntentOperationService$PersistentInternalReceiver
07-04 12:48:38.561   956  3921 W ActivityManager: Unable to start service Intent { act=com.google.android.gms.auth.key.retrieval.service.START pkg=com.google.android.gms } U=0: not found
07-04 12:48:38.570   956  3921 W ActivityManager: Unbind failed: could not find connection for android.os.BinderProxy@f9cd6aa
07-04 12:48:41.241   956   987 E KernelUidCpuTimeReader: Malformed cpu data for UID=10102!
07-04 12:48:41.241   956   987 E KernelUidCpuTimeReader: Time between reads: +6s348ms
07-04 12:48:41.241   956   987 E KernelUidCpuTimeReader: Previous times: u=+5s40ms s=+1s380ms
07-04 12:48:41.241   956   987 E KernelUidCpuTimeReader: Current times: u=+4s720ms s=+1s270ms
07-04 12:48:41.241   956   987 E KernelUidCpuTimeReader: Delta: u=-320ms s=-110ms
07-04 12:48:44.217  6457  6669 F libc    : Fatal signal 11 (SIGSEGV), code 1, fault addr 0x10 in tid 6669 (Compiler driver), pid 6457 (dex2oat)
07-04 12:48:44.601  6682  6682 F DEBUG   : *** *** *** *** *** *** *** *** *** *** *** *** *** *** *** ***
07-04 12:48:44.605  6682  6682 F DEBUG   : Build fingerprint: 'xiaomi/cactus/cactus:8.1.0/O11019/V10.3.8.0.OCBMIXM:user/release-keys'
07-04 12:48:44.605  6682  6682 F DEBUG   : Revision: '0'
07-04 12:48:44.607  6682  6682 F DEBUG   : ABI: 'arm'
07-04 12:48:44.608  6682  6682 F DEBUG   : pid: 6457, tid: 6669, name: Compiler driver  >>> /system/bin/dex2oat <<<
07-04 12:48:44.608  6682  6682 F DEBUG   : signal 11 (SIGSEGV), code 1 (SEGV_MAPERR), fault addr 0x10
07-04 12:48:44.610  6682  6682 F DEBUG   : Cause: null pointer dereference
07-04 12:48:44.610  6682  6682 F DEBUG   :     r0 00000000  r1 00000000  r2 12df53f4  r3 a2a70d60
07-04 12:48:44.610  6682  6682 F DEBUG   :     r4 a267def8  r5 12df53e8  r6 a267df20  r7 aaf59284
07-04 12:48:44.610  6682  6682 F DEBUG   :     r8 a267df24  r9 a267df58  sl a267df28  fp a3255d18
07-04 12:48:44.610  6682  6682 F DEBUG   :     ip a267df45  sp a267ded8  lr aadcd06d  pc aadc707a  cpsr 400f0030
07-04 12:48:44.744  6682  6682 F DEBUG   : 
07-04 12:48:44.744  6682  6682 F DEBUG   : backtrace:
07-04 12:48:44.744  6682  6682 F DEBUG   :     #00 pc 002d007a  /system/lib/libart.so (art::mirror::Class::GetDescriptor(std::__1::basic_string<char, std::__1::char_traits<char>, std::__1::allocator<char>>*)+121)
07-04 12:48:44.745  6682  6682 F DEBUG   :     #01 pc 002d6069  /system/lib/libart.so (art::mirror::Class::PrettyDescriptor(art::ObjPtr<art::mirror::Class>)+32)
07-04 12:48:44.745  6682  6682 F DEBUG   :     #02 pc 003b7391  /system/lib/libart.so (art::verifier::ReferenceType::Dump() const+244)
07-04 12:48:44.745  6682  6682 F DEBUG   :     #03 pc 003b99eb  /system/lib/libart.so (art::verifier::operator<<(std::__1::basic_ostream<char, std::__1::char_traits<char>>&, art::verifier::RegType const&)+26)
07-04 12:48:44.745  6682  6682 F DEBUG   :     #04 pc 003b0f7d  /system/lib/libart.so (_ZN3art8verifier14MethodVerifier32VerifyInvocationArgsFromIteratorINS0_33MethodParamListDescriptorIteratorEEEPNS_9ArtMethodEPT_PKNS_11InstructionENS0_10MethodTypeEbS5_+812)
07-04 12:48:44.745  6682  6682 F DEBUG   :     #05 pc 003ad0a1  /system/lib/libart.so (art::verifier::MethodVerifier::VerifyInvocationArgs(art::Instruction const*, art::verifier::MethodType, bool)+560)
07-04 12:48:44.745  6682  6682 F DEBUG   :     #06 pc 003a6b17  /system/lib/libart.so (art::verifier::MethodVerifier::CodeFlowVerifyInstruction(unsigned int*)+4330)
07-04 12:48:44.745  6682  6682 F DEBUG   :     #07 pc 003a5295  /system/lib/libart.so (art::verifier::MethodVerifier::CodeFlowVerifyMethod()+148)
07-04 12:48:44.745  6682  6682 F DEBUG   :     #08 pc 003a153b  /system/lib/libart.so (art::verifier::MethodVerifier::Verify()+530)
07-04 12:48:44.745  6682  6682 F DEBUG   :     #09 pc 003a0abd  /system/lib/libart.so (art::verifier::MethodVerifier::VerifyMethod(art::Thread*, unsigned int, art::DexFile const*, art::Handle<art::mirror::DexCache>, art::Handle<art::mirror::ClassLoader>, art::DexFile::ClassDef const&, art::DexFile::CodeItem const*, art::ArtMethod*, unsigned int, art::CompilerCallbacks*, bool, art::verifier::HardFailLogMode, bool, std::__1::basic_string<char, std::__1::char_traits<char>, std::__1::allocator<char>>*)+96)
07-04 12:48:44.745  6682  6682 F DEBUG   :     #10 pc 003a05ef  /system/lib/libart.so (_ZN3art8verifier14MethodVerifier13VerifyMethodsILb1EEENS1_11FailureDataEPNS_6ThreadEPNS_11ClassLinkerEPKNS_7DexFileERKNS8_8ClassDefEPNS_21ClassDataItemIteratorENS_6HandleINS_6mirror8DexCacheEEENSG_INSH_11ClassLoaderEEEPNS_17CompilerCallbacksEbNS0_15HardFailLogModeEbPNSt3__112basic_stringIcNSP_11char_traitsIcEENSP_9allocatorIcEEEE+402)
07-04 12:48:44.745  6682  6682 F DEBUG   :     #11 pc 003a01c1  /system/lib/libart.so (art::verifier::MethodVerifier::VerifyClass(art::Thread*, art::DexFile const*, art::Handle<art::mirror::DexCache>, art::Handle<art::mirror::ClassLoader>, art::DexFile::ClassDef const&, art::CompilerCallbacks*, bool, art::verifier::HardFailLogMode, std::__1::basic_string<char, std::__1::char_traits<char>, std::__1::allocator<char>>*)+396)
07-04 12:48:44.745  6682  6682 F DEBUG   :     #12 pc 0039fe01  /system/lib/libart.so (art::verifier::MethodVerifier::VerifyClass(art::Thread*, art::mirror::Class*, art::CompilerCallbacks*, bool, art::verifier::HardFailLogMode, std::__1::basic_string<char, std::__1::char_traits<char>, std::__1::allocator<char>>*)+352)
07-04 12:48:44.745  6682  6682 F DEBUG   :     #13 pc 000f5985  /system/lib/libart.so (art::ClassLinker::PerformClassVerification(art::Thread*, art::Handle<art::mirror::Class>, art::verifier::HardFailLogMode, std::__1::basic_string<char, std::__1::char_traits<char>, std::__1::allocator<char>>*)+56)
07-04 12:48:44.745  6682  6682 F DEBUG   :     #14 pc 000f4c01  /system/lib/libart.so (art::ClassLinker::VerifyClass(art::Thread*, art::Handle<art::mirror::Class>, art::verifier::HardFailLogMode)+1164)
07-04 12:48:44.745  6682  6682 F DEBUG   :     #15 pc 000f44eb  /system/lib/libart.so (art::ClassLinker::AttemptSupertypeVerification(art::Thread*, art::Handle<art::mirror::Class>, art::Handle<art::mirror::Class>)+54)
07-04 12:48:44.745  6682  6682 F DEBUG   :     #16 pc 000f4ad3  /system/lib/libart.so (art::ClassLinker::VerifyClass(art::Thread*, art::Handle<art::mirror::Class>, art::verifier::HardFailLogMode)+862)
07-04 12:48:44.745  6682  6682 F DEBUG   :     #17 pc 0009a051  /system/lib/libart-compiler.so (art::VerifyClassVisitor::Visit(unsigned int)+844)
07-04 12:48:44.745  6682  6682 F DEBUG   :     #18 pc 00099267  /system/lib/libart-compiler.so (art::ParallelCompilationManager::ForAllClosure::Run(art::Thread*)+30)
07-04 12:48:44.745  6682  6682 F DEBUG   :     #19 pc 00392e79  /system/lib/libart.so (art::ThreadPoolWorker::Run()+44)
07-04 12:48:44.745  6682  6682 F DEBUG   :     #20 pc 00392aa9  /system/lib/libart.so (art::ThreadPoolWorker::Callback(void*)+92)
07-04 12:48:44.745  6682  6682 F DEBUG   :     #21 pc 00047507  /system/lib/libc.so (__pthread_start(void*)+22)
07-04 12:48:44.745  6682  6682 F DEBUG   :     #22 pc 0001af75  /system/lib/libc.so (__start_thread+32)
07-04 12:48:44.916  6046  6046 E SchedPolicy: set_timerslack_ns write failed: Operation not permitted
07-04 12:48:46.390   956  1132 W NativeCrashListener: Couldn't find ProcessRecord for pid 6457
07-04 12:48:46.467   956   987 W ProcessCpuTracker: Skipping unknown process pid 6682
07-04 12:48:46.483   956   987 W ProcessCpuTracker: Skipping unknown process pid 6728
07-04 12:48:46.508   956  4558 W PackageManager.DexOptimizer: Failed to dexopt
07-04 12:48:46.508   956  4558 W PackageManager.DexOptimizer: com.android.server.pm.Installer$InstallerException: android.os.ServiceSpecificException: Failed to dexopt (code 11)
07-04 12:48:46.508   956  4558 W PackageManager.DexOptimizer: 	at com.android.server.pm.Installer.dexopt(Installer.java:290)
07-04 12:48:46.508   956  4558 W PackageManager.DexOptimizer: 	at com.android.server.pm.PackageDexOptimizer.dexOptPath(PackageDexOptimizer.java:253)
07-04 12:48:46.508   956  4558 W PackageManager.DexOptimizer: 	at com.android.server.pm.PackageDexOptimizer.performDexOptLI(PackageDexOptimizer.java:204)
07-04 12:48:46.508   956  4558 W PackageManager.DexOptimizer: 	at com.android.server.pm.PackageDexOptimizer.performDexOpt(PackageDexOptimizer.java:126)
07-04 12:48:46.508   956  4558 W PackageManager.DexOptimizer: 	at com.android.server.pm.PackageManagerService.performDexOptInternalWithDependenciesLI(PackageManagerService.java:10500)
07-04 12:48:46.508   956  4558 W PackageManager.DexOptimizer: 	at com.android.server.pm.PackageManagerService.performDexOptInternal(PackageManagerService.java:10452)
07-04 12:48:46.508   956  4558 W PackageManager.DexOptimizer: 	at com.android.server.pm.PackageManagerService.performDexOptTraced(PackageManagerService.java:10430)
07-04 12:48:46.508   956  4558 W PackageManager.DexOptimizer: 	at com.android.server.pm.PackageManagerService.performDexOptWithStatus(PackageManagerService.java:10422)
07-04 12:48:46.508   956  4558 W PackageManager.DexOptimizer: 	at com.android.server.pm.BackgroundDexOptService.postBootUpdate(BackgroundDexOptService.java:227)
07-04 12:48:46.508   956  4558 W PackageManager.DexOptimizer: 	at com.android.server.pm.BackgroundDexOptService.-wrap1(Unknown Source:0)
07-04 12:48:46.508   956  4558 W PackageManager.DexOptimizer: 	at com.android.server.pm.BackgroundDexOptService$1.run(BackgroundDexOptService.java:177)
07-04 12:48:47.357   956   968 W BroadcastQueueInjector: Unable to launch app com.xiaomi.account/10108 for broadcast Intent { act=com.xiaomi.action.MICLOUD_SIM_STATE_CHANGED flg=0x11 (has extras) }: process is not permitted to  auto start
07-04 12:48:47.386   956  2105 W BroadcastQueueInjector: Unable to launch app com.xiaomi.account/10108 for broadcast Intent { act=com.xiaomi.action.MICLOUD_SIM_STATE_CHANGED flg=0x11 (has extras) }: process is not permitted to  auto start
07-04 12:48:51.531   956   987 E KernelUidCpuTimeReader: Malformed cpu data for UID=10095!
07-04 12:48:51.531   956   987 E KernelUidCpuTimeReader: Time between reads: +5s149ms
07-04 12:48:51.531   956   987 E KernelUidCpuTimeReader: Previous times: u=+3s230ms s=+1s30ms
07-04 12:48:51.531   956   987 E KernelUidCpuTimeReader: Current times: u=+2s960ms s=+900ms
07-04 12:48:51.531   956   987 E KernelUidCpuTimeReader: Delta: u=-270ms s=-130ms
07-04 12:48:53.837   956  1040 W ActivityManager: Unable to start service Intent { act=com.google.android.gms.drive.ApiService.RESET_AFTER_BOOT flg=0x4 cmp=com.google.android.gms/.drive.api.ApiService (has extras) } U=0: not found
07-04 12:48:53.841   956  4856 W ActivityManager: Unable to start service Intent { act=com.google.android.gms.playlog.service.START pkg=com.google.android.gms } U=0: not found
07-04 12:48:53.845   956  5994 W ActivityManager: Unbind failed: could not find connection for android.os.BinderProxy@e274976
07-04 12:49:02.427   956  1294 W BroadcastQueue: Background execution not allowed: receiving Intent { act=android.intent.action.DROPBOX_ENTRY_ADDED flg=0x11 (has extras) } to com.google.android.gms/.stats.service.DropBoxEntryAddedReceiver
07-04 12:49:02.429   956   987 W BroadcastQueue: Background execution not allowed: receiving Intent { act=android.intent.action.DROPBOX_ENTRY_ADDED flg=0x11 (has extras) } to com.google.android.gms/.chimera.GmsIntentOperationService$PersistentTrustedReceiver
07-04 12:49:02.902   956  2113 W ActivityManager: Unable to start service Intent { act=com.android.calendar.RECEIVE_AD_ZIP_PATH pkg=com.android.calendar (has extras) } U=0: not found
07-04 12:49:03.846   956  1273 W ActivityManager: Unable to start service Intent { cmp=com.google.android.gm/com.android.email.service.AttachmentService } U=0: not found
07-04 12:49:07.191  6737  6737 F libc    : Fatal signal 6 (SIGABRT), code -6 in tid 6737 (dex2oat), pid 6737 (dex2oat)
07-04 12:49:07.818  7724  7724 F DEBUG   : *** *** *** *** *** *** *** *** *** *** *** *** *** *** *** ***
07-04 12:49:07.820  7724  7724 F DEBUG   : Build fingerprint: 'xiaomi/cactus/cactus:8.1.0/O11019/V10.3.8.0.OCBMIXM:user/release-keys'
07-04 12:49:07.822  7724  7724 F DEBUG   : Revision: '0'
07-04 12:49:07.824  7724  7724 F DEBUG   : ABI: 'arm'
07-04 12:49:07.825  7724  7724 F DEBUG   : pid: 6737, tid: 6737, name: dex2oat  >>> /system/bin/dex2oat <<<
07-04 12:49:07.825  7724  7724 F DEBUG   : signal 6 (SIGABRT), code -6 (SI_TKILL), fault addr --------
07-04 12:49:07.840  7724  7724 F DEBUG   : Abort message: 'primitive.h:134] Primitive char conversion on invalid type 11120'
07-04 12:49:07.840  7724  7724 F DEBUG   :     r0 00000000  r1 00001a51  r2 00000006  r3 00000008
07-04 12:49:07.840  7724  7724 F DEBUG   :     r4 00001a51  r5 00001a51  r6 beee6524  r7 0000010c
07-04 12:49:07.840  7724  7724 F DEBUG   :     r8 00000000  r9 b2119100  sl beee6698  fp ac01735c
07-04 12:49:07.840  7724  7724 F DEBUG   :     ip 0000000b  sp beee6510  lr b2e008bd  pc b2dfa40e  cpsr 200f0030
07-04 12:49:08.350  7724  7724 F DEBUG   : 
07-04 12:49:08.350  7724  7724 F DEBUG   : backtrace:
07-04 12:49:08.351  7724  7724 F DEBUG   :     #00 pc 0001a40e  /system/lib/libc.so (abort+63)
07-04 12:49:08.351  7724  7724 F DEBUG   :     #01 pc 0035caa5  /system/lib/libart.so (art::Runtime::Abort(char const*)+392)
07-04 12:49:08.351  7724  7724 F DEBUG   :     #02 pc 0041fe2d  /system/lib/libart.so (android::base::LogMessage::~LogMessage()+452)
07-04 12:49:08.352  7724  7724 F DEBUG   :     #03 pc 000dbbe1  /system/lib/libart.so (art::Primitive::Descriptor(art::Primitive::Type)+128)
07-04 12:49:08.356  7724  7724 F DEBUG   :     #04 pc 002d56c5  /system/lib/libart.so (art::mirror::Class::GetArrayDescriptor(std::__1::basic_string<char, std::__1::char_traits<char>, std::__1::allocator<char>>*)+48)
07-04 12:49:08.356  7724  7724 F DEBUG   :     #05 pc 002cfc7b  /system/lib/libart.so (art::mirror::Class::PrettyDescriptor()+30)
07-04 12:49:08.356  7724  7724 F DEBUG   :     #06 pc 000f1517  /system/lib/libart.so (art::ClassLinker::LoadSuperAndInterfaces(art::Handle<art::mirror::Class>, art::DexFile const&)+350)
07-04 12:49:08.357  7724  7724 F DEBUG   :     #07 pc 000ee4f3  /system/lib/libart.so (art::ClassLinker::DefineClass(art::Thread*, char const*, unsigned int, art::Handle<art::mirror::ClassLoader>, art::DexFile const&, art::DexFile::ClassDef const&)+570)
07-04 12:49:08.357  7724  7724 F DEBUG   :     #08 pc 000edf2f  /system/lib/libart.so (art::ClassLinker::FindClassInBaseDexClassLoaderClassPath(art::ScopedObjectAccessAlreadyRunnable&, char const*, unsigned int, art::Handle<art::mirror::ClassLoader>)+554)
07-04 12:49:08.357  7724  7724 F DEBUG   :     #09 pc 000edb29  /system/lib/libart.so (art::ClassLinker::FindClassInBaseDexClassLoader(art::ScopedObjectAccessAlreadyRunnable&, art::Thread*, char const*, unsigned int, art::Handle<art::mirror::ClassLoader>, art::ObjPtr<art::mirror::Class>*)+336)
07-04 12:49:08.357  7724  7724 F DEBUG   :     #10 pc 000eedc7  /system/lib/libart.so (art::ClassLinker::FindClass(art::Thread*, char const*, art::Handle<art::mirror::ClassLoader>)+794)
07-04 12:49:08.357  7724  7724 F DEBUG   :     #11 pc 000e07c9  /system/lib/libart.so (art::ClassLinker::ResolveType(art::DexFile const&, art::dex::TypeIndex, art::Handle<art::mirror::DexCache>, art::Handle<art::mirror::ClassLoader>)+212)
07-04 12:49:08.357  7724  7724 F DEBUG   :     #12 pc 003a5549  /system/lib/libart.so (art::verifier::MethodVerifier::ResolveClassAndCheckAccess(art::dex::TypeIndex)+56)
07-04 12:49:08.357  7724  7724 F DEBUG   :     #13 pc 003a6fe1  /system/lib/libart.so (art::verifier::MethodVerifier::CodeFlowVerifyInstruction(unsigned int*)+5556)
07-04 12:49:08.357  7724  7724 F DEBUG   :     #14 pc 003a5295  /system/lib/libart.so (art::verifier::MethodVerifier::CodeFlowVerifyMethod()+148)
07-04 12:49:08.357  7724  7724 F DEBUG   :     #15 pc 003a153b  /system/lib/libart.so (art::verifier::MethodVerifier::Verify()+530)
07-04 12:49:08.357  7724  7724 F DEBUG   :     #16 pc 003a0abd  /system/lib/libart.so (art::verifier::MethodVerifier::VerifyMethod(art::Thread*, unsigned int, art::DexFile const*, art::Handle<art::mirror::DexCache>, art::Handle<art::mirror::ClassLoader>, art::DexFile::ClassDef const&, art::DexFile::CodeItem const*, art::ArtMethod*, unsigned int, art::CompilerCallbacks*, bool, art::verifier::HardFailLogMode, bool, std::__1::basic_string<char, std::__1::char_traits<char>, std::__1::allocator<char>>*)+96)
07-04 12:49:08.357  7724  7724 F DEBUG   :     #17 pc 003a08ef  /system/lib/libart.so (_ZN3art8verifier14MethodVerifier13VerifyMethodsILb0EEENS1_11FailureDataEPNS_6ThreadEPNS_11ClassLinkerEPKNS_7DexFileERKNS8_8ClassDefEPNS_21ClassDataItemIteratorENS_6HandleINS_6mirror8DexCacheEEENSG_INSH_11ClassLoaderEEEPNS_17CompilerCallbacksEbNS0_15HardFailLogModeEbPNSt3__112basic_stringIcNSP_11char_traitsIcEENSP_9allocatorIcEEEE+406)
07-04 12:49:08.357  7724  7724 F DEBUG   :     #18 pc 003a01e7  /system/lib/libart.so (art::verifier::MethodVerifier::VerifyClass(art::Thread*, art::DexFile const*, art::Handle<art::mirror::DexCache>, art::Handle<art::mirror::ClassLoader>, art::DexFile::ClassDef const&, art::CompilerCallbacks*, bool, art::verifier::HardFailLogMode, std::__1::basic_string<char, std::__1::char_traits<char>, std::__1::allocator<char>>*)+434)
07-04 12:49:08.357  7724  7724 F DEBUG   :     #19 pc 0039fe01  /system/lib/libart.so (art::verifier::MethodVerifier::VerifyClass(art::Thread*, art::mirror::Class*, art::CompilerCallbacks*, bool, art::verifier::HardFailLogMode, std::__1::basic_string<char, std::__1::char_traits<char>, std::__1::allocator<char>>*)+352)
07-04 12:49:08.357  7724  7724 F DEBUG   :     #20 pc 000f5985  /system/lib/libart.so (art::ClassLinker::PerformClassVerification(art::Thread*, art::Handle<art::mirror::Class>, art::verifier::HardFailLogMode, std::__1::basic_string<char, std::__1::char_traits<char>, std::__1::allocator<char>>*)+56)
07-04 12:49:08.358  7724  7724 F DEBUG   :     #21 pc 000f4c01  /system/lib/libart.so (art::ClassLinker::VerifyClass(art::Thread*, art::Handle<art::mirror::Class>, art::verifier::HardFailLogMode)+1164)
07-04 12:49:08.358  7724  7724 F DEBUG   :     #22 pc 000f44eb  /system/lib/libart.so (art::ClassLinker::AttemptSupertypeVerification(art::Thread*, art::Handle<art::mirror::Class>, art::Handle<art::mirror::Class>)+54)
07-04 12:49:08.362  7724  7724 F DEBUG   :     #23 pc 000f4ad3  /system/lib/libart.so (art::ClassLinker::VerifyClass(art::Thread*, art::Handle<art::mirror::Class>, art::verifier::HardFailLogMode)+862)
07-04 12:49:08.362  7724  7724 F DEBUG   :     #24 pc 0009a051  /system/lib/libart-compiler.so (art::VerifyClassVisitor::Visit(unsigned int)+844)
07-04 12:49:08.362  7724  7724 F DEBUG   :     #25 pc 00099267  /system/lib/libart-compiler.so (art::ParallelCompilationManager::ForAllClosure::Run(art::Thread*)+30)
07-04 12:49:08.363  7724  7724 F DEBUG   :     #26 pc 00393635  /system/lib/libart.so (art::ThreadPool::Wait(art::Thread*, bool, bool)+64)
07-04 12:49:08.363  7724  7724 F DEBUG   :     #27 pc 00094ddb  /system/lib/libart-compiler.so (art::ParallelCompilationManager::ForAll(unsigned int, unsigned int, art::CompilationVisitor*, unsigned int)+138)
07-04 12:49:08.363  7724  7724 F DEBUG   :     #28 pc 000938af  /system/lib/libart-compiler.so (art::CompilerDriver::Verify(_jobject*, std::__1::vector<art::DexFile const*, std::__1::allocator<art::DexFile const*>> const&, art::TimingLogger*)+326)
07-04 12:49:08.363  7724  7724 F DEBUG   :     #29 pc 00090167  /system/lib/libart-compiler.so (art::CompilerDriver::PreCompile(_jobject*, std::__1::vector<art::DexFile const*, std::__1::allocator<art::DexFile const*>> const&, art::TimingLogger*)+1486)
07-04 12:49:08.363  7724  7724 F DEBUG   :     #30 pc 0008e699  /system/lib/libart-compiler.so (art::CompilerDriver::CompileAll(_jobject*, std::__1::vector<art::DexFile const*, std::__1::allocator<art::DexFile const*>> const&, art::TimingLogger*)+136)
07-04 12:49:08.363  7724  7724 F DEBUG   :     #31 pc 00017c43  /system/bin/dex2oat (art::Dex2Oat::CompileDexFiles(std::__1::vector<art::DexFile const*, std::__1::allocator<art::DexFile const*>> const&)+898)
07-04 12:49:08.363  7724  7724 F DEBUG   :     #32 pc 000173a7  /system/bin/dex2oat (art::Dex2Oat::CompileDexFilesIndividually()+234)
07-04 12:49:08.363  7724  7724 F DEBUG   :     #33 pc 00015e33  /system/bin/dex2oat (art::Dex2Oat::Compile()+1294)
07-04 12:49:08.363  7724  7724 F DEBUG   :     #34 pc 00008a1b  /system/bin/dex2oat (main+2698)
07-04 12:49:08.363  7724  7724 F DEBUG   :     #35 pc 0007935d  /system/lib/libc.so (__libc_init+48)
07-04 12:49:08.363  7724  7724 F DEBUG   :     #36 pc 00007ea8  /system/bin/dex2oat (_start_main+88)
07-04 12:49:10.578   956  1132 W NativeCrashListener: Couldn't find ProcessRecord for pid 6737
07-04 12:49:10.963   956  4558 W PackageManager.DexOptimizer: Failed to dexopt
07-04 12:49:10.963   956  4558 W PackageManager.DexOptimizer: com.android.server.pm.Installer$InstallerException: android.os.ServiceSpecificException: Failed to dexopt (code 6)
07-04 12:49:10.963   956  4558 W PackageManager.DexOptimizer: 	at com.android.server.pm.Installer.dexopt(Installer.java:290)
07-04 12:49:10.963   956  4558 W PackageManager.DexOptimizer: 	at com.android.server.pm.PackageDexOptimizer.dexOptPath(PackageDexOptimizer.java:253)
07-04 12:49:10.963   956  4558 W PackageManager.DexOptimizer: 	at com.android.server.pm.PackageDexOptimizer.performDexOptLI(PackageDexOptimizer.java:204)
07-04 12:49:10.963   956  4558 W PackageManager.DexOptimizer: 	at com.android.server.pm.PackageDexOptimizer.performDexOpt(PackageDexOptimizer.java:126)
07-04 12:49:10.963   956  4558 W PackageManager.DexOptimizer: 	at com.android.server.pm.PackageManagerService.performDexOptInternalWithDependenciesLI(PackageManagerService.java:10500)
07-04 12:49:10.963   956  4558 W PackageManager.DexOptimizer: 	at com.android.server.pm.PackageManagerService.performDexOptInternal(PackageManagerService.java:10452)
07-04 12:49:10.963   956  4558 W PackageManager.DexOptimizer: 	at com.android.server.pm.PackageManagerService.performDexOptTraced(PackageManagerService.java:10430)
07-04 12:49:10.963   956  4558 W PackageManager.DexOptimizer: 	at com.android.server.pm.PackageManagerService.performDexOptWithStatus(PackageManagerService.java:10422)
07-04 12:49:10.963   956  4558 W PackageManager.DexOptimizer: 	at com.android.server.pm.BackgroundDexOptService.postBootUpdate(BackgroundDexOptService.java:227)
07-04 12:49:10.963   956  4558 W PackageManager.DexOptimizer: 	at com.android.server.pm.BackgroundDexOptService.-wrap1(Unknown Source:0)
07-04 12:49:10.963   956  4558 W PackageManager.DexOptimizer: 	at com.android.server.pm.BackgroundDexOptService$1.run(BackgroundDexOptService.java:177)
07-04 12:49:22.476   956  1273 W ActivityManager: No permission grants found for com.google.android.apps.photos
07-04 12:49:22.484   956  1539 W ActivityManager: No permission grants found for com.google.android.apps.photos
07-04 12:49:23.163   956  2281 W ActivityManager: Unable to start service Intent { act=com.xiaomi.android.manager.IMtService cmp=com.tencent.soter.soterserver/com.xiaomi.android.manager.MtService } U=0: not found
07-04 12:49:23.886   956   987 E KernelUidCpuTimeReader: Malformed cpu data for UID=10004!
07-04 12:49:23.886   956   987 E KernelUidCpuTimeReader: Time between reads: +5s87ms
07-04 12:49:23.886   956   987 E KernelUidCpuTimeReader: Previous times: u=+110ms s=+100ms
07-04 12:49:23.886   956   987 E KernelUidCpuTimeReader: Current times: u=+70ms s=+50ms
07-04 12:49:23.886   956   987 E KernelUidCpuTimeReader: Delta: u=-40ms s=-50ms
07-04 12:49:24.377   956   956 W ContextImpl: Calling a method in the system process without a qualified user: android.app.ContextImpl.bindService:1567 com.miui.server.WMServiceConnection.bind:59 com.miui.server.WMServiceConnection.-wrap2:0 com.miui.server.WMServiceConnection$1.run:47 android.os.Handler.handleCallback:794 
07-04 12:49:24.378   956   956 W ActivityManager: Unable to start service Intent { act=com.miui.wmsvc.LINK pkg=com.miui.wmsvc } U=0: not found
07-04 12:49:24.378   956   956 E WMServiceConnection: Bind Inspector failed!
07-04 12:49:24.461   956  1170 W BroadcastQueueInjector: Unable to launch app com.miui.notes/10050 for broadcast Intent { act=android.intent.action.BOOT_COMPLETED flg=0x9000010 (has extras) }: process is not permitted to  auto start
07-04 12:49:24.462   956   987 W BroadcastQueueInjector: Unable to launch app com.miui.notes/10050 for broadcast Intent { act=android.intent.action.BOOT_COMPLETED flg=0x9000010 (has extras) }: process is not permitted to  auto start
07-04 12:49:25.891   956  6349 W ActivityManager: Unable to start service Intent { act=com.google.android.gms.auth.key.retrieval.service.START pkg=com.google.android.gms } U=0: not found
07-04 12:49:25.892   956  6349 W ActivityManager: Unbind failed: could not find connection for android.os.BinderProxy@6b7cf43
07-04 12:49:28.991   956  2281 W BroadcastQueueInjector: Unable to launch app com.languagedrops.drops.international/10088 for broadcast Intent { act=android.intent.action.BOOT_COMPLETED flg=0x9000010 (has extras) }: process is not permitted to  auto start
07-04 12:49:28.992   956   987 W BroadcastQueueInjector: Unable to launch app com.languagedrops.drops.international/10088 for broadcast Intent { act=android.intent.action.BOOT_COMPLETED flg=0x9000010 (has extras) }: process is not permitted to  auto start
07-04 12:49:28.993   956   987 W BroadcastQueueInjector: Unable to launch app com.mapswithme.maps.pro/10137 for broadcast Intent { act=android.intent.action.BOOT_COMPLETED flg=0x9000010 (has extras) }: process is not permitted to  auto start
07-04 12:49:28.994   956   987 W BroadcastQueueInjector: Unable to launch app com.nianticlabs.pokemongo/10151 for broadcast Intent { act=android.intent.action.BOOT_COMPLETED flg=0x9000010 (has extras) }: process is not permitted to  auto start
07-04 12:49:28.995   956   987 W BroadcastQueueInjector: Unable to launch app com.nianticlabs.pokemongo/10151 for broadcast Intent { act=android.intent.action.BOOT_COMPLETED flg=0x9000010 (has extras) }: process is not permitted to  auto start
07-04 12:49:28.996   956   987 W BroadcastQueueInjector: Unable to launch app com.tunnelbear.android/10010 for broadcast Intent { act=android.intent.action.BOOT_COMPLETED flg=0x9000010 (has extras) }: process is not permitted to  auto start
07-04 12:49:29.039   956  5994 W BroadcastQueueInjector: Unable to launch app com.mapswithme.maps.pro/10137 for broadcast Intent { act=android.intent.action.TIME_SET flg=0x25200010 }: process is not permitted to  auto start
07-04 12:49:29.040   956   987 W BroadcastQueueInjector: Unable to launch app com.nianticlabs.pokemongo/10151 for broadcast Intent { act=android.intent.action.TIME_SET flg=0x25200010 }: process is not permitted to  auto start
07-04 12:49:31.359   956  1261 W ActivityManager: No permission grants found for com.google.android.apps.photos
07-04 12:49:31.360   956  1261 I chatty  : uid=1000(system) Binder:956_4 identical 1 line
07-04 12:49:33.164   956  1261 W ActivityManager: No permission grants found for com.google.android.apps.photos
07-04 12:49:33.297   956  2192 W ActivityManager: No permission grants found for com.google.android.apps.photos
07-04 12:49:34.478   956   987 E KernelUidCpuTimeReader: Malformed cpu data for UID=10053!
07-04 12:49:34.478   956   987 E KernelUidCpuTimeReader: Time between reads: +5s390ms
07-04 12:49:34.478   956   987 E KernelUidCpuTimeReader: Previous times: u=+10s130ms s=+2s380ms
07-04 12:49:34.478   956   987 E KernelUidCpuTimeReader: Current times: u=+9s700ms s=+2s160ms
07-04 12:49:34.478   956   987 E KernelUidCpuTimeReader: Delta: u=-430ms s=-220ms
07-04 12:49:41.160  8696  8696 E SchedPolicy: set_timerslack_ns write failed: Operation not permitted
07-04 12:49:43.388  8506  8750 E ActivityThread: Failed to find provider info for com.facebook.appmanager.nekodirect
07-04 12:49:51.112   956  1273 W BroadcastQueue: Background execution not allowed: receiving Intent { act=android.intent.action.DROPBOX_ENTRY_ADDED flg=0x11 (has extras) } to com.google.android.gms/.stats.service.DropBoxEntryAddedReceiver
07-04 12:49:51.114   956   987 W BroadcastQueue: Background execution not allowed: receiving Intent { act=android.intent.action.DROPBOX_ENTRY_ADDED flg=0x11 (has extras) } to com.google.android.gms/.chimera.GmsIntentOperationService$PersistentTrustedReceiver
07-04 12:49:51.312  8696  8945 E SchedPolicy: set_timerslack_ns write failed: Operation not permitted
07-04 12:49:53.622   956  1539 W BroadcastQueue: Background execution not allowed: receiving Intent { act=android.intent.action.DROPBOX_ENTRY_ADDED flg=0x11 (has extras) } to com.google.android.gms/.stats.service.DropBoxEntryAddedReceiver
07-04 12:49:53.622   956   987 W BroadcastQueue: Background execution not allowed: receiving Intent { act=android.intent.action.DROPBOX_ENTRY_ADDED flg=0x11 (has extras) } to com.google.android.gms/.chimera.GmsIntentOperationService$PersistentTrustedReceiver
07-04 12:49:54.042   956  4468 W BroadcastQueue: Background execution not allowed: receiving Intent { act=android.intent.action.DROPBOX_ENTRY_ADDED flg=0x11 (has extras) } to com.google.android.gms/.stats.service.DropBoxEntryAddedReceiver
07-04 12:49:54.042   956   987 W BroadcastQueue: Background execution not allowed: receiving Intent { act=android.intent.action.DROPBOX_ENTRY_ADDED flg=0x11 (has extras) } to com.google.android.gms/.chimera.GmsIntentOperationService$PersistentTrustedReceiver
07-04 12:49:57.459   956  1293 W BroadcastQueue: Permission Denial: broadcasting Intent { act=com.google.android.checkin.CHECKIN_COMPLETE flg=0x1000011 (has extras) } from com.google.android.gms (pid=2357, uid=10011) is not exported from uid 10037 due to receiver com.android.vending/com.google.android.finsky.checkin.CheckinReceiver
07-04 12:49:57.613   956  1293 W BroadcastQueue: Background execution not allowed: receiving Intent { act=android.intent.action.DROPBOX_ENTRY_ADDED flg=0x11 (has extras) } to com.google.android.gms/.stats.service.DropBoxEntryAddedReceiver
07-04 12:49:57.616   956   987 W BroadcastQueue: Background execution not allowed: receiving Intent { act=android.intent.action.DROPBOX_ENTRY_ADDED flg=0x11 (has extras) } to com.google.android.gms/.chimera.GmsIntentOperationService$PersistentTrustedReceiver
07-04 12:49:57.682   956  1293 W BroadcastQueue: Permission Denial: broadcasting Intent { act=com.google.android.checkin.CHECKIN_COMPLETE flg=0x1000011 (has extras) } from com.google.android.gms (pid=2357, uid=10011) is not exported from uid 10037 due to receiver com.android.vending/com.google.android.finsky.checkin.CheckinReceiver
07-04 12:49:59.020   956  5570 W ActivityManager: Unable to start service Intent { act=com.google.android.gms.playlog.service.START pkg=com.google.android.gms } U=0: not found
07-04 12:49:59.026   956  5570 W ActivityManager: Unbind failed: could not find connection for android.os.BinderProxy@c51ef93
07-04 12:50:14.778  9628  9852 E ActivityThread: Failed to find provider info for com.facebook.appmanager.nekodirect
07-04 12:50:22.875   956   990 E BatteryExternalStatsWorker: no controller energy info supplied for wifi
07-04 12:50:22.878   956   990 E BatteryExternalStatsWorker: no controller energy info supplied for bluetooth
07-04 12:50:24.381   956   956 W WMServiceConnection: Cancel bind for MAX_DEATH_COUNT_IN_ONE_DAY reached
07-04 12:50:26.966 10157 10157 E SchedPolicy: set_timerslack_ns write failed: Operation not permitted
07-04 12:50:28.306  2357  8963 W PackageParser: Unknown element under <manifest>: queries at /data/user_de/0/com.google.android.gms/app_chimera/m/000000dc/dl-AdsFdrDynamite.integ_210890500000000.apk Binary XML file line #5
07-04 12:50:28.677  2357  8963 W PackageParser: Unknown element under <manifest>: queries at /data/user_de/0/com.google.android.gms/app_chimera/m/000000e3/dl-AdsFdrDynamite.integ_211512000000000.apk Binary XML file line #5
07-04 12:50:28.875  2357  8963 W PackageParser: Unknown element under <manifest>: queries at /data/user_de/0/com.google.android.gms/app_chimera/m/000000e8/dl-Payments.integ_211890902000306.apk Binary XML file line #5
07-04 12:50:28.953   956  1170 W ActivityManager: Unable to start service Intent { cmp=com.google.android.gm/com.android.email.service.AttachmentService } U=0: not found
07-04 12:50:30.333  2357  8963 W PackageParser: Unknown element under <manifest>: queries at /data/user_de/0/com.google.android.gms/app_chimera/m/000000dc/dl-AdsFdrDynamite.integ_210890500000000.apk Binary XML file line #5
07-04 12:50:30.570  2357 10302 W PackageParser: Unknown element under <manifest>: queries at /data/user_de/0/com.google.android.gms/app_chimera/m/000000e3/dl-AdsFdrDynamite.integ_211512000000000.apk Binary XML file line #5
07-04 12:50:30.827  2357  8963 W PackageParser: Unknown element under <manifest>: queries at /data/user_de/0/com.google.android.gms/app_chimera/m/000000e3/dl-AdsFdrDynamite.integ_211512000000000.apk Binary XML file line #5
07-04 12:50:31.787  2357 10302 W PackageParser: Unknown element under <manifest>: queries at /data/user_de/0/com.google.android.gms/app_chimera/m/000000e8/dl-Payments.integ_211890902000306.apk Binary XML file line #5
07-04 12:50:31.868  2357  8963 W PackageParser: Unknown element under <manifest>: queries at /data/user_de/0/com.google.android.gms/app_chimera/m/000000db/dl-Payments.integ_211290904000306.apk Binary XML file line #5
07-04 12:50:32.278  2357  8963 W PackageParser: Unknown element under <manifest>: queries at /data/user_de/0/com.google.android.gms/app_chimera/m/000000dc/dl-AdsFdrDynamite.integ_210890500000000.apk Binary XML file line #5
07-04 12:50:32.433  2357  8963 W PackageParser: Unknown element under <manifest>: queries at /data/user_de/0/com.google.android.gms/app_chimera/m/000000e3/dl-AdsFdrDynamite.integ_211512000000000.apk Binary XML file line #5
07-04 12:50:33.411  2357 10302 W PackageParser: Unknown element under <manifest>: queries at /data/user_de/0/com.google.android.gms/app_chimera/m/000000dc/dl-AdsFdrDynamite.integ_210890500000000.apk Binary XML file line #5
07-04 12:50:34.304  2357 10302 W PackageParser: Unknown element under <manifest>: queries at /data/user_de/0/com.google.android.gms/app_chimera/m/000000db/dl-Payments.integ_211290904000306.apk Binary XML file line #5
07-04 12:50:40.028  2357 10302 W PackageParser: Unknown element under <manifest>: queries at /data/user_de/0/com.google.android.gms/app_chimera/m/000000dc/dl-AdsFdrDynamite.integ_210890500000000.apk Binary XML file line #5
07-04 12:50:40.167  2357 10302 W PackageParser: Unknown element under <manifest>: queries at /data/user_de/0/com.google.android.gms/app_chimera/m/000000e3/dl-AdsFdrDynamite.integ_211512000000000.apk Binary XML file line #5
07-04 12:50:40.243  2357 10302 W PackageParser: Unknown element under <manifest>: queries at /data/user_de/0/com.google.android.gms/app_chimera/m/000000e8/dl-Payments.integ_211890902000306.apk Binary XML file line #5
07-04 12:50:40.444  2357 10302 W PackageParser: Unknown element under <manifest>: queries at /data/user_de/0/com.google.android.gms/app_chimera/m/000000dc/dl-AdsFdrDynamite.integ_210890500000000.apk Binary XML file line #5
07-04 12:50:40.577  2357 10302 W PackageParser: Unknown element under <manifest>: queries at /data/user_de/0/com.google.android.gms/app_chimera/m/000000e3/dl-AdsFdrDynamite.integ_211512000000000.apk Binary XML file line #5
07-04 12:50:40.633  2357 10302 W PackageParser: Unknown element under <manifest>: queries at /data/user_de/0/com.google.android.gms/app_chimera/m/000000db/dl-Payments.integ_211290904000306.apk Binary XML file line #5
07-04 12:50:40.871  2357 10302 W PackageParser: Unknown element under <manifest>: queries at /data/user_de/0/com.google.android.gms/app_chimera/m/000000dc/dl-AdsFdrDynamite.integ_210890500000000.apk Binary XML file line #5
07-04 12:50:41.004  2357 10302 W PackageParser: Unknown element under <manifest>: queries at /data/user_de/0/com.google.android.gms/app_chimera/m/000000e3/dl-AdsFdrDynamite.integ_211512000000000.apk Binary XML file line #5
07-04 12:50:41.783   956  1328 W ActivityManager: Scheduling restart of crashed service com.google.android.gms/.people.sync.focus.ContactsSyncAdapterService in 1000ms
07-04 12:50:41.783   956  1328 W ActivityManager: Scheduling restart of crashed service com.google.android.gms/.chimera.GmsApiService in 11000ms
07-04 12:50:41.783   956  1328 W ActivityManager: Scheduling restart of crashed service com.google.android.gms/.chimera.GmsIntentOperationService in 21000ms
07-04 12:50:41.783   956  1328 W ActivityManager: Scheduling restart of crashed service com.google.android.gms/.chimera.container.FileApkIntentOperation$ExternalFileApkService in 31000ms
07-04 12:50:41.784   956  1328 W ActivityManager: Scheduling restart of crashed service com.google.android.gms/.chimera.GmsBoundBrokerService in 41000ms
07-04 12:50:41.784   956  1328 W ActivityManager: Scheduling restart of crashed service com.google.android.gms/.chimera.GmsInternalApiService in 50999ms
07-04 12:50:43.309   956   987 E KernelUidCpuTimeReader: Malformed cpu data for UID=10053!
07-04 12:50:43.309   956   987 E KernelUidCpuTimeReader: Time between reads: +6s65ms
07-04 12:50:43.309   956   987 E KernelUidCpuTimeReader: Previous times: u=+19s140ms s=+4s110ms
07-04 12:50:43.309   956   987 E KernelUidCpuTimeReader: Current times: u=+19s60ms s=+4s20ms
07-04 12:50:43.309   956   987 E KernelUidCpuTimeReader: Delta: u=-80ms s=-90ms
07-04 12:50:49.351   956  1327 W BroadcastQueue: Background execution not allowed: receiving Intent { act=android.intent.action.DROPBOX_ENTRY_ADDED flg=0x11 (has extras) } to com.google.android.gms/.stats.service.DropBoxEntryAddedReceiver
07-04 12:50:49.351   956   987 W BroadcastQueue: Background execution not allowed: receiving Intent { act=android.intent.action.DROPBOX_ENTRY_ADDED flg=0x11 (has extras) } to com.google.android.gms/.chimera.GmsIntentOperationService$PersistentTrustedReceiver
07-04 12:50:49.353   956   987 W BroadcastQueue: Permission Denial: broadcasting Intent { act=com.google.android.checkin.CHECKIN_COMPLETE flg=0x1000011 (has extras) } from com.google.android.gms (pid=2357, uid=10011) is not exported from uid 10037 due to receiver com.android.vending/com.google.android.finsky.checkin.CheckinReceiver
07-04 12:50:50.243   956  2047 W ActivityManager: Unable to start service Intent { act=com.google.android.gms.auth.key.retrieval.service.START pkg=com.google.android.gms } U=0: not found
07-04 12:50:50.261   956  5570 W BroadcastQueue: Background execution not allowed: receiving Intent { act=com.google.android.chimera.MODULE_CONFIGURATION_CHANGED flg=0x11 (has extras) } to com.google.android.gms/.chimera.GmsIntentOperationService$PersistentInternalReceiver
07-04 12:50:50.293   956  4856 W ActivityManager: Unbind failed: could not find connection for android.os.BinderProxy@665ec1c
07-04 12:50:50.978   956  1539 W BroadcastQueue: Background execution not allowed: receiving Intent { act=com.google.android.chimera.MODULE_CONFIGURATION_CHANGED flg=0x11 (has extras) } to com.google.android.gms/.chimera.GmsIntentOperationService$PersistentInternalReceiver
07-04 12:50:52.261   956  1539 W ActivityManager: No permission grants found for com.google.android.apps.photos
07-04 12:50:52.314   956  2192 W ActivityManager: No permission grants found for com.google.android.apps.photos
07-04 12:50:54.588   956  1274 W ActivityManager: No permission grants found for com.google.android.apps.photos
07-04 12:50:54.589   956  1274 W ActivityManager: No permission grants found for com.google.android.apps.photos
07-04 12:50:54.846   956  4734 W ActivityManager: No permission grants found for com.google.android.apps.photos
07-04 12:50:54.849   956  4734 W ActivityManager: No permission grants found for com.google.android.apps.photos
07-04 12:51:00.498   956   987 E KernelUidCpuTimeReader: Malformed cpu data for UID=10048!
07-04 12:51:00.498   956   987 E KernelUidCpuTimeReader: Time between reads: +5s164ms
07-04 12:51:00.498   956   987 E KernelUidCpuTimeReader: Previous times: u=+43s270ms s=+7s40ms
07-04 12:51:00.498   956   987 E KernelUidCpuTimeReader: Current times: u=+41s720ms s=+6s720ms
07-04 12:51:00.498   956   987 E KernelUidCpuTimeReader: Delta: u=-1s550ms s=-320ms
07-04 12:51:07.557   956  1408 W ActivityManager: Unable to start service Intent { cmp=com.google.android.gm/com.android.email.service.AttachmentService } U=0: not found
07-04 12:51:08.053   956  1274 W ActivityManager: Unable to start service Intent { act=com.google.android.gms.playlog.service.START pkg=com.google.android.gms } U=0: not found
07-04 12:51:08.054   956  5570 W ActivityManager: Unbind failed: could not find connection for android.os.BinderProxy@c02ee7c
07-04 12:51:11.559   956   987 E KernelUidCpuTimeReader: Malformed cpu data for UID=10037!
07-04 12:51:11.559   956   987 E KernelUidCpuTimeReader: Time between reads: +5s997ms
07-04 12:51:11.559   956   987 E KernelUidCpuTimeReader: Previous times: u=+51s240ms s=+8s690ms
07-04 12:51:11.559   956   987 E KernelUidCpuTimeReader: Current times: u=+50s250ms s=+8s540ms
07-04 12:51:11.559   956   987 E KernelUidCpuTimeReader: Delta: u=-990ms s=-150ms
07-04 12:51:19.014   956  1261 W ActivityManager: Unable to start service Intent { cmp=com.google.android.gm/com.android.email.service.AttachmentService } U=0: not found
07-04 12:51:19.268   956  1261 W ActivityManager: No permission grants found for com.google.android.apps.photos
07-04 12:51:19.271   956  1261 W ActivityManager: No permission grants found for com.google.android.apps.photos
07-04 12:51:19.433   956  2017 W ActivityManager: No permission grants found for com.google.android.apps.photos
07-04 12:51:19.503   956  2017 I chatty  : uid=1000(system) Binder:956_E identical 2 lines
07-04 12:51:19.508   956  2017 W ActivityManager: No permission grants found for com.google.android.apps.photos
07-04 12:53:23.672   956   969 W ActivityManager: Unable to start service Intent { act=com.xiaomi.android.manager.IMtService cmp=com.tencent.soter.soterserver/com.xiaomi.android.manager.MtService } U=0: not found
07-04 12:54:19.806   956   987 W BroadcastQueue: Exception when sending broadcast to ComponentInfo{com.google.android.gm/com.google.android.gm.MailIntentReceiver}
07-04 12:54:19.806   956   987 W BroadcastQueue: android.os.DeadObjectException
07-04 12:54:19.806   956   987 W BroadcastQueue: 	at android.os.BinderProxy.transactNative(Native Method)
07-04 12:54:19.806   956   987 W BroadcastQueue: 	at android.os.BinderProxy.transact(Binder.java:776)
07-04 12:54:19.806   956   987 W BroadcastQueue: 	at android.app.IApplicationThread$Stub$Proxy.scheduleReceiver(IApplicationThread.java:1310)
07-04 12:54:19.806   956   987 W BroadcastQueue: 	at com.android.server.am.BroadcastQueue.processCurBroadcastLocked(BroadcastQueue.java:311)
07-04 12:54:19.806   956   987 W BroadcastQueue: 	at com.android.server.am.BroadcastQueue.processNextBroadcast(BroadcastQueue.java:1383)
07-04 12:54:19.806   956   987 W BroadcastQueue: 	at com.android.server.am.BroadcastQueue.processNextBroadcast(BroadcastQueue.java:854)
07-04 12:54:19.806   956   987 W BroadcastQueue: 	at com.android.server.am.BroadcastQueue$BroadcastHandler.handleMessage(BroadcastQueue.java:176)
07-04 12:54:19.806   956   987 W BroadcastQueue: 	at android.os.Handler.dispatchMessage(Handler.java:106)
07-04 12:54:19.806   956   987 W BroadcastQueue: 	at android.os.Looper.loop(Looper.java:176)
07-04 12:54:19.806   956   987 W BroadcastQueue: 	at android.os.HandlerThread.run(HandlerThread.java:65)
07-04 12:54:19.806   956   987 W BroadcastQueue: 	at com.android.server.ServiceThread.run(ServiceThread.java:46)
07-04 12:54:19.827   956  1539 W ActivityManager: Spurious death for ProcessRecord{c09ac51 12324:com.google.android.gm/u0a109}, curProc for 11583: null
07-04 12:54:21.208   956  1539 W ActivityManager: Unable to start service Intent { cmp=com.google.android.gm/com.android.email.service.AttachmentService } U=0: not found
07-04 12:55:02.796   956   969 W ActivityManager: No permission grants found for com.google.android.apps.photos
07-04 12:55:02.797   956   969 W ActivityManager: No permission grants found for com.google.android.apps.photos
07-04 12:55:04.876   956  1408 W ActivityManager: No permission grants found for com.google.android.apps.photos
